2025-09-17T14:56:06.0316821Z 1/2 perlcritic        OK              8.21s
2025-09-17T14:56:06.0318456Z  ✀
2025-09-17T14:56:06.0318927Z stderr:
2025-09-17T14:56:06.0319443Z Executing perlcritic against /build/source
2025-09-17T14:56:06.0319678Z
2025-09-17T14:56:06.0319699Z
2025-09-17T14:58:08.7684253Z 2/2 testsuite         FAIL           130.94s   (exit status 255 or signal 127 SIGinvalid)
2025-09-17T14:58:08.7685430Z  ✀
2025-09-17T14:58:08.7685778Z stdout:
2025-09-17T14:58:08.7686246Z ( PASSED )  job  3    Hydra/Config/hydra-notify.t
2025-09-17T14:58:08.7686532Z ( PASSED )  job  4    Hydra/Config/include.t
2025-09-17T14:58:08.7686792Z ( PASSED )  job  5    Hydra/Config/ldap_role_map.t
2025-09-17T14:58:08.7687079Z ( PASSED )  job  2    Helper/AddBuilds/dynamic-enabled.t
2025-09-17T14:58:08.7687384Z ( PASSED )  job  1    Helper/AddBuilds/dynamic-disabled.t
2025-09-17T14:58:08.7687672Z ( PASSED )  job  6    Hydra/Config/statsd.t
2025-09-17T14:58:08.7688019Z ( PASSED )  job  8    Hydra/Controller/API/webhooks.t
2025-09-17T14:58:08.7688791Z ( STDERR )  job  7    Attempt to call undefined import method with arguments ("5.70") via package "Catalyst::Runtime" (Perhaps you forgot to load the package?) at /build/source/src/lib/Hydra.pm line 10.
2025-09-17T14:58:08.7689475Z [  PASS  ]  job  7  + The login redirects
2025-09-17T14:58:08.7689808Z ( STDERR )  job  7    Evaluation unexpectedly failed for jobset t32B41142:t5947B966:
2025-09-17T14:58:08.7690429Z ( STDERR )  job  7    DBIx::Class::Row::store_column(): No such column 'project' on Hydra::Model::DB::Builds at /build/source/src/script/hydra-eval-jobset line 571
2025-09-17T14:58:08.7690940Z ( STDERR )  job  7
2025-09-17T14:58:08.7691336Z ( STDERR )  job  7    STDERR: (t32B41142:t5947B966) Fetching input `jobs` (path) /build/yath-377-2TqxA3/tmp/MUYjiV/cv4BJzFlGy/jobs
2025-09-17T14:58:08.7691905Z ( STDERR )  job  7    copying input jobs from /build/yath-377-2TqxA3/tmp/MUYjiV/cv4BJzFlGy/jobs
2025-09-17T14:58:08.7692333Z ( STDERR )  job  7    (t32B41142:t5947B966) Evaluating...
2025-09-17T14:58:08.7692874Z ( STDERR )  job  7    DBIx::Class::Row::store_column(): No such column 'project' on Hydra::Model::DB::Builds at /build/source/src/script/hydra-eval-jobset line 571
2025-09-17T14:58:08.7693913Z ( STDERR )  job  7    Evaluating jobs/one-job.nix should exit with return code 0.
2025-09-17T14:58:08.7694249Z ( MEMORY )  job  7    rss:  207476kB
2025-09-17T14:58:08.7694459Z ( MEMORY )  job  7    size: 488412kB
2025-09-17T14:58:08.7694664Z ( MEMORY )  job  7    peak: 749692kB
2025-09-17T14:58:08.7694929Z (  DIAG  )  job  7    Seeded srand with seed '20250917' from local date.
2025-09-17T14:58:08.7695316Z (  DIAG  )  job  7    Tests were run but no plan was declared and done_testing() was not seen.
2025-09-17T14:58:08.7695677Z ( FAILED )  job  7    Hydra/Controller/API/checks.t
2025-09-17T14:58:08.7696025Z (  TIME  )  job  7    Startup: 5.57834s | Events: 0.00000s | Cleanup: 1.64303s | Total: 7.22137s
2025-09-17T14:58:08.7696398Z < REASON >  job  7    Test script returned error (Err: 254)
2025-09-17T14:58:08.7696666Z < REASON >  job  7    No plan was declared
2025-09-17T14:58:08.7697308Z ( STDERR )  job 10    Attempt to call undefined import method with arguments ("5.70") via package "Catalyst::Runtime" (Perhaps you forgot to load the package?) at /build/source/src/lib/Hydra.pm line 10.
2025-09-17T14:58:08.7698381Z ( STDERR )  job 10    Evaluation unexpectedly failed for jobset tests:aggregate:
2025-09-17T14:58:08.7699024Z ( STDERR )  job 10    DBIx::Class::Row::store_column(): No such column 'jobset' on Hydra::Model::DB::Builds at /build/source/src/script/hydra-eval-jobset line 571
2025-09-17T14:58:08.7699524Z ( STDERR )  job 10
2025-09-17T14:58:08.7699913Z ( STDERR )  job 10    STDERR: (tests:aggregate) Fetching input `jobs` (path) /build/yath-377-2TqxA3/tmp/p_Xpuq/cv4BJzFlGy/jobs
2025-09-17T14:58:08.7700472Z ( STDERR )  job 10    copying input jobs from /build/yath-377-2TqxA3/tmp/p_Xpuq/cv4BJzFlGy/jobs
2025-09-17T14:58:08.7700854Z ( STDERR )  job 10    (tests:aggregate) Evaluating...
2025-09-17T14:58:08.7701384Z ( STDERR )  job 10    DBIx::Class::Row::store_column(): No such column 'jobset' on Hydra::Model::DB::Builds at /build/source/src/script/hydra-eval-jobset line 571
2025-09-17T14:58:08.7701986Z [  FAIL  ]  job 10  + Evaluating jobs/aggregate.nix should exit with return code 0
2025-09-17T14:58:08.7702432Z (  DIAG  )  job 10    Failed test 'Evaluating jobs/aggregate.nix should exit with return code 0'
2025-09-17T14:58:08.7702828Z (  DIAG  )  job 10    at Hydra/Controller/Build/api.t line 22.
2025-09-17T14:58:08.7703167Z [  FAIL  ]  job 10  + Evaluating jobs/aggregate.nix should result in 3 builds
2025-09-17T14:58:08.7703502Z [  DEBUG ]  job 10    Hydra/Controller/Build/api.t line 23
2025-09-17T14:58:08.7703764Z (  DIAG  )  job 10    +-----+----+-------+
2025-09-17T14:58:08.7703986Z (  DIAG  )  job 10    | GOT | OP | CHECK |
2025-09-17T14:58:08.7704203Z (  DIAG  )  job 10    +-----+----+-------+
2025-09-17T14:58:08.7704420Z (  DIAG  )  job 10    | 0   | eq | 3     |
2025-09-17T14:58:08.7704639Z (  DIAG  )  job 10    +-----+----+-------+
2025-09-17T14:58:08.7705048Z ( STDERR )  job 10    Can't call method "discard_changes" on an undefined value at Hydra/Controller/Build/api.t line 31.
2025-09-17T14:58:08.7705461Z ( MEMORY )  job 10    rss:  206300kB
2025-09-17T14:58:08.7705672Z ( MEMORY )  job 10    size: 487280kB
2025-09-17T14:58:08.7705884Z ( MEMORY )  job 10    peak: 487280kB
2025-09-17T14:58:08.7706144Z (  DIAG  )  job 10    Seeded srand with seed '20250917' from local date.
2025-09-17T14:58:08.7706531Z (  DIAG  )  job 10    Tests were run but no plan was declared and done_testing() was not seen.
2025-09-17T14:58:08.7706894Z ( FAILED )  job 10    Hydra/Controller/Build/api.t
2025-09-17T14:58:08.7707242Z (  TIME  )  job 10    Startup: 5.38232s | Events: 0.01096s | Cleanup: 0.27604s | Total: 5.66932s
2025-09-17T14:58:08.7707916Z < REASON >  job 10    Test script returned error (Err: 2)
2025-09-17T14:58:08.7708259Z < REASON >  job 10    Assertion failures were encountered (Count: 2)
2025-09-17T14:58:08.7708573Z < REASON >  job 10    No plan was declared
2025-09-17T14:58:08.7709401Z ( STDERR )  job  9    Attempt to call undefined import method with arguments ("5.70") via package "Catalyst::Runtime" (Perhaps you forgot to load the package?) at /build/source/src/lib/Hydra.pm line 10.
2025-09-17T14:58:08.7710128Z ( STDERR )  job  9    Evaluation unexpectedly failed for jobset tests:basic:
2025-09-17T14:58:08.7710723Z ( STDERR )  job  9    DBIx::Class::Row::store_column(): No such column 'project' on Hydra::Model::DB::Builds at /build/source/src/script/hydra-eval-jobset line 571
2025-09-17T14:58:08.7711218Z ( STDERR )  job  9
2025-09-17T14:58:08.7711600Z ( STDERR )  job  9    STDERR: (tests:basic) Fetching input `jobs` (path) /build/yath-377-2TqxA3/tmp/4eEHfw/cv4BJzFlGy/scratch
2025-09-17T14:58:08.7712166Z ( STDERR )  job  9    copying input jobs from /build/yath-377-2TqxA3/tmp/4eEHfw/cv4BJzFlGy/scratch
2025-09-17T14:58:08.7712551Z ( STDERR )  job  9    (tests:basic) Evaluating...
2025-09-17T14:58:08.7713076Z ( STDERR )  job  9    DBIx::Class::Row::store_column(): No such column 'project' on Hydra::Model::DB::Builds at /build/source/src/script/hydra-eval-jobset line 571
2025-09-17T14:58:08.7713741Z [  FAIL  ]  job  9  +~Create and evaluate our job at version 1
2025-09-17T14:58:08.7714090Z [  FAIL  ]  job  9    + Evaluating our default.nix should exit with return code 0
2025-09-17T14:58:08.7714513Z (  DIAG  )  job  9    | Failed test 'Evaluating our default.nix should exit with return code 0'
2025-09-17T14:58:08.7714951Z (  DIAG  )  job  9    | at Hydra/Controller/Admin/clear-queue-non-current.t line 56.
2025-09-17T14:58:08.7715334Z [  FAIL  ]  job  9    + Evaluating our default.nix should result in 1 builds
2025-09-17T14:58:08.7715714Z [  DEBUG ]  job  9    | Hydra/Controller/Admin/clear-queue-non-current.t line 57
2025-09-17T14:58:08.7716028Z (  DIAG  )  job  9    | +-----+----+-------+
2025-09-17T14:58:08.7775938Z (  DIAG  )  job  9    | | GOT | OP | CHECK |
2025-09-17T14:58:08.7776330Z (  DIAG  )  job  9    | +-----+----+-------+
2025-09-17T14:58:08.7776560Z (  DIAG  )  job  9    | | 0   | eq | 1     |
2025-09-17T14:58:08.7776792Z (  DIAG  )  job  9    | +-----+----+-------+
2025-09-17T14:58:08.7777064Z [  PLAN  ]  job  9    | Expected assertions: 2
2025-09-17T14:58:08.7777291Z             job  9    ^
2025-09-17T14:58:08.7777545Z (  DIAG  )  job  9    Failed test 'Create and evaluate our job at version 1'
2025-09-17T14:58:08.7778123Z (  DIAG  )  job  9    at Hydra/Controller/Admin/clear-queue-non-current.t line 58.
2025-09-17T14:58:08.7778530Z ( STDERR )  job  9    Evaluation unexpectedly failed for jobset tests:basic:
2025-09-17T14:58:08.7779144Z ( STDERR )  job  9    DBIx::Class::Row::store_column(): No such column 'jobset' on Hydra::Model::DB::Builds at /build/source/src/script/hydra-eval-jobset line 571
2025-09-17T14:58:08.7779649Z ( STDERR )  job  9
2025-09-17T14:58:08.7780032Z ( STDERR )  job  9    STDERR: (tests:basic) Fetching input `jobs` (path) /build/yath-377-2TqxA3/tmp/4eEHfw/cv4BJzFlGy/scratch
2025-09-17T14:58:08.7780596Z ( STDERR )  job  9    copying input jobs from /build/yath-377-2TqxA3/tmp/4eEHfw/cv4BJzFlGy/scratch
2025-09-17T14:58:08.7780982Z ( STDERR )  job  9    (tests:basic) Evaluating...
2025-09-17T14:58:08.7781518Z ( STDERR )  job  9    DBIx::Class::Row::store_column(): No such column 'jobset' on Hydra::Model::DB::Builds at /build/source/src/script/hydra-eval-jobset line 571
2025-09-17T14:58:08.7782063Z [  FAIL  ]  job  9  +~Update and evaluate our job to version 2
2025-09-17T14:58:08.7782406Z [  FAIL  ]  job  9    + Evaluating our default.nix should exit with return code 0
2025-09-17T14:58:08.7782832Z (  DIAG  )  job  9    | Failed test 'Evaluating our default.nix should exit with return code 0'
2025-09-17T14:58:08.7783270Z (  DIAG  )  job  9    | at Hydra/Controller/Admin/clear-queue-non-current.t line 75.
2025-09-17T14:58:08.7783752Z [  FAIL  ]  job  9    + Evaluating our default.nix should result in 1 more build, resulting in 2 queued builds
2025-09-17T14:58:08.7784224Z [  DEBUG ]  job  9    | Hydra/Controller/Admin/clear-queue-non-current.t line 76
2025-09-17T14:58:08.7784544Z (  DIAG  )  job  9    | +-----+----+-------+
2025-09-17T14:58:08.7784775Z (  DIAG  )  job  9    | | GOT | OP | CHECK |
2025-09-17T14:58:08.7785240Z (  DIAG  )  job  9    | +-----+----+-------+
2025-09-17T14:58:08.7785487Z (  DIAG  )  job  9    | | 0   | eq | 2     |
2025-09-17T14:58:08.7785719Z (  DIAG  )  job  9    | +-----+----+-------+
2025-09-17T14:58:08.7785949Z [  PLAN  ]  job  9    | Expected assertions: 2
2025-09-17T14:58:08.7786172Z             job  9    ^
2025-09-17T14:58:08.7786414Z (  DIAG  )  job  9    Failed test 'Update and evaluate our job to version 2'
2025-09-17T14:58:08.7786796Z (  DIAG  )  job  9    at Hydra/Controller/Admin/clear-queue-non-current.t line 77.
2025-09-17T14:58:08.7787126Z [  FAIL  ]  job  9  +~Validating the first build
2025-09-17T14:58:08.7787375Z < REASON >  job  9    No plan was declared
2025-09-17T14:58:08.7787613Z [  FAIL  ]  job  9    + We have our first build
2025-09-17T14:58:08.7788010Z (  DIAG  )  job  9    | Failed test 'We have our first build'
2025-09-17T14:58:08.7788360Z (  DIAG  )  job  9    | at Hydra/Controller/Admin/clear-queue-non-current.t line 84.
2025-09-17T14:58:08.7788874Z (  DIAG  )  job  9    | Comparison matched (it should not).
2025-09-17T14:58:08.7789123Z             job  9    ^
2025-09-17T14:58:08.7789334Z (  DIAG  )  job  9    Failed test 'Validating the first build'
2025-09-17T14:58:08.7789691Z (  DIAG  )  job  9    at Hydra/Controller/Admin/clear-queue-non-current.t line 88.
2025-09-17T14:58:08.7790293Z (  DIAG  )  job  9    Caught exception in subtest: Can't call method "id" on an undefined value at Hydra/Controller/Admin/clear-queue-non-current.t line 85.
2025-09-17T14:58:08.7790814Z [  FAIL  ]  job  9  +~Validating the second build
2025-09-17T14:58:08.7791060Z < REASON >  job  9    No plan was declared
2025-09-17T14:58:08.7791298Z [  FAIL  ]  job  9    + We have our second build
2025-09-17T14:58:08.7791566Z (  DIAG  )  job  9    | Failed test 'We have our second build'
2025-09-17T14:58:08.7791913Z (  DIAG  )  job  9    | at Hydra/Controller/Admin/clear-queue-non-current.t line 91.
2025-09-17T14:58:08.7792269Z (  DIAG  )  job  9    | Comparison matched (it should not).
2025-09-17T14:58:08.7792519Z             job  9    ^
2025-09-17T14:58:08.7792730Z (  DIAG  )  job  9    Failed test 'Validating the second build'
2025-09-17T14:58:08.7793083Z (  DIAG  )  job  9    at Hydra/Controller/Admin/clear-queue-non-current.t line 95.
2025-09-17T14:58:08.7793686Z (  DIAG  )  job  9    Caught exception in subtest: Can't call method "id" on an undefined value at Hydra/Controller/Admin/clear-queue-non-current.t line 92.
2025-09-17T14:58:08.7794211Z [  PASS  ]  job  9  + No other builds were created
2025-09-17T14:58:08.7794456Z [  PASS  ]  job  9  + Logging in gets a 302
2025-09-17T14:58:08.7794707Z [  PASS  ]  job  9  +~Cancel queued, non-current builds
2025-09-17T14:58:08.7794984Z [  PASS  ]  job  9    + Canceling 302's back to the build
2025-09-17T14:58:08.7795266Z [  PASS  ]  job  9    + We're redirected back to the referer
2025-09-17T14:58:08.7795535Z [  PLAN  ]  job  9    | Expected assertions: 2
2025-09-17T14:58:08.7795757Z             job  9    ^
2025-09-17T14:58:08.7795972Z [  FAIL  ]  job  9  +~Validating the first build is canceled
2025-09-17T14:58:08.7796298Z < REASON >  job  9    No plan was declared, and no assertions were made.
2025-09-17T14:58:08.7796651Z (  DIAG  )  job  9    Failed test 'Validating the first build is canceled'
2025-09-17T14:58:08.7797038Z (  DIAG  )  job  9    at Hydra/Controller/Admin/clear-queue-non-current.t line 125.
2025-09-17T14:58:08.7797642Z (  DIAG  )  job  9    Caught exception in subtest: Can't call method "id" on an undefined value at Hydra/Controller/Admin/clear-queue-non-current.t line 122.
2025-09-17T14:58:08.7798326Z [  FAIL  ]  job  9  +~Validating the second build is not canceled
2025-09-17T14:58:08.7798662Z < REASON >  job  9    No plan was declared, and no assertions were made.
2025-09-17T14:58:08.7799024Z (  DIAG  )  job  9    Failed test 'Validating the second build is not canceled'
2025-09-17T14:58:08.7799415Z (  DIAG  )  job  9    at Hydra/Controller/Admin/clear-queue-non-current.t line 131.
2025-09-17T14:58:08.7800196Z (  DIAG  )  job  9    Caught exception in subtest: Can't call method "id" on an undefined value at Hydra/Controller/Admin/clear-queue-non-current.t line 128.
2025-09-17T14:58:08.7800727Z [  PLAN  ]  job  9    Expected assertions: 9
2025-09-17T14:58:08.7800957Z ( MEMORY )  job  9    rss:  207592kB
2025-09-17T14:58:08.7801173Z ( MEMORY )  job  9    size: 488412kB
2025-09-17T14:58:08.7801378Z ( MEMORY )  job  9    peak: 750060kB
2025-09-17T14:58:08.7801639Z (  DIAG  )  job  9    Seeded srand with seed '20250917' from local date.
2025-09-17T14:58:08.7801941Z (  DIAG  )  job  9    Looks like you failed 6 tests of 9.
2025-09-17T14:58:08.7802452Z ( STDERR )  job  9      (in cleanup) {UNKNOWN}: DBI Exception: DBD::Pg::st DESTROY failed: FATAL:  terminating connection due to administrator command
2025-09-17T14:58:08.7802978Z ( STDERR )  job  9    server closed the connection unexpectedly
2025-09-17T14:58:08.7803318Z ( STDERR )  job  9      This probably means the server terminated abnormally
2025-09-17T14:58:08.7804643Z ( STDERR )  job  9      before or while processing the request. [for Statement "SELECT me.username, me.fullname, me.emailaddress, me.password, me.emailonerror, me.type, me.publicdashboard FROM users me WHERE ( username = ? )"]  at /nix/store/41mdlkqwdipdhgcaq97sjgzjilkd87jk-hydra-perl-deps/lib/perl5/site_perl/5.40.0/DBIx/Class/Schema.pm line 1118.
2025-09-17T14:58:08.7806444Z ( STDERR )  job  9      DBIx::Class::Schema::throw_exception(Hydra::Schema=HASH(0x811f750), "DBI Exception: DBD::Pg::st DESTROY failed: FATAL:  terminatin"...) called at /nix/store/41mdlkqwdipdhgcaq97sjgzjilkd87jk-hydra-perl-deps/lib/perl5/site_perl/5.40.0/DBIx/Class/Storage.pm line 113
2025-09-17T14:58:08.7809153Z ( STDERR )  job  9      DBIx::Class::Storage::throw_exception(DBIx::Class::Storage::DBI::Pg=HASH(0x818f310), "DBI Exception: DBD::Pg::st DESTROY failed: FATAL:  terminatin"...) called at /nix/store/41mdlkqwdipdhgcaq97sjgzjilkd87jk-hydra-perl-deps/lib/perl5/site_perl/5.40.0/DBIx/Class/Storage/DBI.pm line 1623
2025-09-17T14:58:08.7810578Z ( STDERR )  job  9      DBIx::Class::Storage::DBI::__ANON__("DBD::Pg::st DESTROY failed: FATAL:  terminating connection du"..., DBI::st=HASH(0xaf2f238), undef) called at Hydra/Controller/Admin/clear-queue-non-current.t line 0
2025-09-17T14:58:08.7811372Z ( STDERR )  job  9      eval {...} called at Hydra/Controller/Admin/clear-queue-non-current.t line 0
2025-09-17T14:58:08.7811723Z ( STDERR )  job  9
2025-09-17T14:58:08.7811962Z ( FAILED )  job  9    Hydra/Controller/Admin/clear-queue-non-current.t
2025-09-17T14:58:08.7812360Z (  TIME  )  job  9    Startup: 6.76507s | Events: 2.14509s | Cleanup: 0.35544s | Total: 9.26560s
2025-09-17T14:58:08.7812727Z < REASON >  job  9    Test script returned error (Err: 6)
2025-09-17T14:58:08.7813015Z < REASON >  job  9    Errors were encountered (Count: 4)
2025-09-17T14:58:08.7813330Z < REASON >  job  9    Assertion failures were encountered (Count: 6)
2025-09-17T14:58:08.7813670Z < REASON >  job  9    Subtest failures were encountered (Count: 6)
2025-09-17T14:58:08.7814367Z ( STDERR )  job 12    Attempt to call undefined import method with arguments ("5.70") via package "Catalyst::Runtime" (Perhaps you forgot to load the package?) at /build/source/src/lib/Hydra.pm line 10.
2025-09-17T14:58:08.7815089Z ( STDERR )  job 12    Evaluation unexpectedly failed for jobset tests:simple:
2025-09-17T14:58:08.7815687Z ( STDERR )  job 12    DBIx::Class::Row::store_column(): No such column 'project' on Hydra::Model::DB::Builds at /build/source/src/script/hydra-eval-jobset line 571
2025-09-17T14:58:08.7816187Z ( STDERR )  job 12
2025-09-17T14:58:08.7816586Z ( STDERR )  job 12    STDERR: (tests:simple) Fetching input `jobs` (path) /build/yath-377-2TqxA3/tmp/gfNGd0/cv4BJzFlGy/jobs
2025-09-17T14:58:08.7817835Z ( STDERR )  job 12    copying input jobs from /build/yath-377-2TqxA3/tmp/gfNGd0/cv4BJzFlGy/jobs
2025-09-17T14:58:08.7818222Z ( STDERR )  job 12    (tests:simple) Evaluating...
2025-09-17T14:58:08.7818939Z ( STDERR )  job 12    DBIx::Class::Row::store_column(): No such column 'project' on Hydra::Model::DB::Builds at /build/source/src/script/hydra-eval-jobset line 571
2025-09-17T14:58:08.7819489Z [  FAIL  ]  job 12  + Evaluating simple.nix should succeed
2025-09-17T14:58:08.7819811Z (  DIAG  )  job 12    Failed test 'Evaluating simple.nix should succeed'
2025-09-17T14:58:08.7820145Z (  DIAG  )  job 12    at Hydra/Controller/Build/download.t line 35.
2025-09-17T14:58:08.7820431Z [  FAIL  ]  job 12  + Should have 1 build queued
2025-09-17T14:58:08.7820706Z [  DEBUG ]  job 12    Hydra/Controller/Build/download.t line 36
2025-09-17T14:58:08.7820973Z (  DIAG  )  job 12    +-----+----+-------+
2025-09-17T14:58:08.7821193Z (  DIAG  )  job 12    | GOT | OP | CHECK |
2025-09-17T14:58:08.7821409Z (  DIAG  )  job 12    +-----+----+-------+
2025-09-17T14:58:08.7821627Z (  DIAG  )  job 12    | 0   | eq | 1     |
2025-09-17T14:58:08.7821843Z (  DIAG  )  job 12    +-----+----+-------+
2025-09-17T14:58:08.7822222Z ( STDERR )  job 12    Can't call method "id" on an undefined value at /build/source/t/lib/CliRunners.pm line 46.
2025-09-17T14:58:08.7822715Z ( MEMORY )  job 12    rss:  206216kB
2025-09-17T14:58:08.7822923Z ( MEMORY )  job 12    size: 487140kB
2025-09-17T14:58:08.7823130Z ( MEMORY )  job 12    peak: 487148kB
2025-09-17T14:58:08.7823388Z (  DIAG  )  job 12    Seeded srand with seed '20250917' from local date.
2025-09-17T14:58:08.7823773Z (  DIAG  )  job 12    Tests were run but no plan was declared and done_testing() was not seen.
2025-09-17T14:58:08.7824140Z ( FAILED )  job 12    Hydra/Controller/Build/download.t
2025-09-17T14:58:08.7824495Z (  TIME  )  job 12    Startup: 5.50386s | Events: 0.00612s | Cleanup: 0.24634s | Total: 5.75632s
2025-09-17T14:58:08.7824858Z < REASON >  job 12    Test script returned error (Err: 2)
2025-09-17T14:58:08.7825178Z < REASON >  job 12    Assertion failures were encountered (Count: 2)
2025-09-17T14:58:08.7825468Z < REASON >  job 12    No plan was declared
2025-09-17T14:58:08.7826110Z ( STDERR )  job 11    Attempt to call undefined import method with arguments ("5.70") via package "Catalyst::Runtime" (Perhaps you forgot to load the package?) at /build/source/src/lib/Hydra.pm line 10.
2025-09-17T14:58:08.7826823Z ( STDERR )  job 11    Evaluation unexpectedly failed for jobset tests:basic:
2025-09-17T14:58:08.7827414Z ( STDERR )  job 11    DBIx::Class::Row::store_column(): No such column 'project' on Hydra::Model::DB::Builds at /build/source/src/script/hydra-eval-jobset line 571
2025-09-17T14:58:08.7828061Z ( STDERR )  job 11
2025-09-17T14:58:08.7828424Z ( STDERR )  job 11    STDERR: (tests:basic) Fetching input `jobs` (path) /build/yath-377-2TqxA3/tmp/y1J4j8/cv4BJzFlGy/jobs
2025-09-17T14:58:08.7828962Z ( STDERR )  job 11    copying input jobs from /build/yath-377-2TqxA3/tmp/y1J4j8/cv4BJzFlGy/jobs
2025-09-17T14:58:08.7829331Z ( STDERR )  job 11    (tests:basic) Evaluating...
2025-09-17T14:58:08.7829860Z ( STDERR )  job 11    DBIx::Class::Row::store_column(): No such column 'project' on Hydra::Model::DB::Builds at /build/source/src/script/hydra-eval-jobset line 571
2025-09-17T14:58:08.7830445Z [  FAIL  ]  job 11  + Evaluating jobs/basic.nix should exit with return code 0
2025-09-17T14:58:08.7830865Z (  DIAG  )  job 11    Failed test 'Evaluating jobs/basic.nix should exit with return code 0'
2025-09-17T14:58:08.7831250Z (  DIAG  )  job 11    at Hydra/Controller/Build/cancel.t line 33.
2025-09-17T14:58:08.7831576Z [  FAIL  ]  job 11  + Evaluating jobs/basic.nix should result in 3 builds
2025-09-17T14:58:08.7831905Z [  DEBUG ]  job 11    Hydra/Controller/Build/cancel.t line 34
2025-09-17T14:58:08.7832170Z (  DIAG  )  job 11    +-----+----+-------+
2025-09-17T14:58:08.7832388Z (  DIAG  )  job 11    | GOT | OP | CHECK |
2025-09-17T14:58:08.7832602Z (  DIAG  )  job 11    +-----+----+-------+
2025-09-17T14:58:08.7832818Z (  DIAG  )  job 11    | 0   | eq | 3     |
2025-09-17T14:58:08.7833032Z (  DIAG  )  job 11    +-----+----+-------+
2025-09-17T14:58:08.7833593Z ( STDERR )  job 11    Can't call method "finished" on an undefined value at Hydra/Controller/Build/cancel.t line 37.
2025-09-17T14:58:08.7834012Z ( MEMORY )  job 11    rss:  206724kB
2025-09-17T14:58:08.7834217Z ( MEMORY )  job 11    size: 487652kB
2025-09-17T14:58:08.7834423Z ( MEMORY )  job 11    peak: 748908kB
2025-09-17T14:58:08.7834685Z (  DIAG  )  job 11    Seeded srand with seed '20250917' from local date.
2025-09-17T14:58:08.7835069Z (  DIAG  )  job 11    Tests were run but no plan was declared and done_testing() was not seen.
2025-09-17T14:58:08.7835429Z ( FAILED )  job 11    Hydra/Controller/Build/cancel.t
2025-09-17T14:58:08.7835776Z (  TIME  )  job 11    Startup: 5.82463s | Events: 0.00503s | Cleanup: 0.32710s | Total: 6.15676s
2025-09-17T14:58:08.7836144Z < REASON >  job 11    Test script returned error (Err: 2)
2025-09-17T14:58:08.7836462Z < REASON >  job 11    Assertion failures were encountered (Count: 2)
2025-09-17T14:58:08.7836746Z < REASON >  job 11    No plan was declared
2025-09-17T14:58:08.7837387Z ( STDERR )  job 13    Attempt to call undefined import method with arguments ("5.70") via package "Catalyst::Runtime" (Perhaps you forgot to load the package?) at /build/source/src/lib/Hydra.pm line 10.
2025-09-17T14:58:08.7838336Z ( STDERR )  job 13    Evaluation unexpectedly failed for jobset tests:basic:
2025-09-17T14:58:08.7838929Z ( STDERR )  job 13    DBIx::Class::Row::store_column(): No such column 'project' on Hydra::Model::DB::Builds at /build/source/src/script/hydra-eval-jobset line 571
2025-09-17T14:58:08.7839424Z ( STDERR )  job 13
2025-09-17T14:58:08.7839792Z ( STDERR )  job 13    STDERR: (tests:basic) Fetching input `jobs` (path) /build/yath-377-2TqxA3/tmp/mJx4oc/cv4BJzFlGy/jobs
2025-09-17T14:58:08.7840337Z ( STDERR )  job 13    copying input jobs from /build/yath-377-2TqxA3/tmp/mJx4oc/cv4BJzFlGy/jobs
2025-09-17T14:58:08.7840712Z ( STDERR )  job 13    (tests:basic) Evaluating...
2025-09-17T14:58:08.7841246Z ( STDERR )  job 13    DBIx::Class::Row::store_column(): No such column 'project' on Hydra::Model::DB::Builds at /build/source/src/script/hydra-eval-jobset line 571
2025-09-17T14:58:08.7841842Z [  FAIL  ]  job 13  + Evaluating jobs/basic.nix should exit with return code 0
2025-09-17T14:58:08.7842256Z (  DIAG  )  job 13    Failed test 'Evaluating jobs/basic.nix should exit with return code 0'
2025-09-17T14:58:08.7842642Z (  DIAG  )  job 13    at Hydra/Controller/Build/evals.t line 23.
2025-09-17T14:58:08.7842974Z [  FAIL  ]  job 13  + Evaluating jobs/basic.nix should result in 3 builds
2025-09-17T14:58:08.7843302Z [  DEBUG ]  job 13    Hydra/Controller/Build/evals.t line 24
2025-09-17T14:58:08.7843561Z (  DIAG  )  job 13    +-----+----+-------+
2025-09-17T14:58:08.7843783Z (  DIAG  )  job 13    | GOT | OP | CHECK |
2025-09-17T14:58:08.7844002Z (  DIAG  )  job 13    +-----+----+-------+
2025-09-17T14:58:08.7844213Z (  DIAG  )  job 13    | 0   | eq | 3     |
2025-09-17T14:58:08.7844430Z (  DIAG  )  job 13    +-----+----+-------+
2025-09-17T14:58:08.7844806Z ( STDERR )  job 13    Can't call method "id" on an undefined value at /build/source/t/lib/CliRunners.pm line 46.
2025-09-17T14:58:08.7845189Z ( MEMORY )  job 13    rss:  206508kB
2025-09-17T14:58:08.7845402Z ( MEMORY )  job 13    size: 487112kB
2025-09-17T14:58:08.7845609Z ( MEMORY )  job 13    peak: 487124kB
2025-09-17T14:58:08.7845869Z (  DIAG  )  job 13    Seeded srand with seed '20250917' from local date.
2025-09-17T14:58:08.7846251Z (  DIAG  )  job 13    Tests were run but no plan was declared and done_testing() was not seen.
2025-09-17T14:58:08.7846613Z ( FAILED )  job 13    Hydra/Controller/Build/evals.t
2025-09-17T14:58:08.7846968Z (  TIME  )  job 13    Startup: 5.29100s | Events: 0.00493s | Cleanup: 0.68609s | Total: 5.98202s
2025-09-17T14:58:08.7847333Z < REASON >  job 13    Test script returned error (Err: 2)
2025-09-17T14:58:08.7847654Z < REASON >  job 13    Assertion failures were encountered (Count: 2)
2025-09-17T14:58:08.7848053Z < REASON >  job 13    No plan was declared
2025-09-17T14:58:08.7848874Z ( STDERR )  job 14    Attempt to call undefined import method with arguments ("5.70") via package "Catalyst::Runtime" (Perhaps you forgot to load the package?) at /build/source/src/lib/Hydra.pm line 10.
2025-09-17T14:58:08.7849601Z ( STDERR )  job 14    Evaluation unexpectedly failed for jobset tests:basic:
2025-09-17T14:58:08.7850194Z ( STDERR )  job 14    DBIx::Class::Row::store_column(): No such column 'jobset' on Hydra::Model::DB::Builds at /build/source/src/script/hydra-eval-jobset line 571
2025-09-17T14:58:08.7850688Z ( STDERR )  job 14
2025-09-17T14:58:08.7851056Z ( STDERR )  job 14    STDERR: (tests:basic) Fetching input `jobs` (path) /build/yath-377-2TqxA3/tmp/5cLXVn/cv4BJzFlGy/jobs
2025-09-17T14:58:08.7851597Z ( STDERR )  job 14    copying input jobs from /build/yath-377-2TqxA3/tmp/5cLXVn/cv4BJzFlGy/jobs
2025-09-17T14:58:08.7851971Z ( STDERR )  job 14    (tests:basic) Evaluating...
2025-09-17T14:58:08.7852493Z ( STDERR )  job 14    DBIx::Class::Row::store_column(): No such column 'jobset' on Hydra::Model::DB::Builds at /build/source/src/script/hydra-eval-jobset line 571
2025-09-17T14:58:08.7853197Z [  FAIL  ]  job 14  + Evaluating jobs/basic.nix should exit with return code 0
2025-09-17T14:58:08.7853613Z (  DIAG  )  job 14    Failed test 'Evaluating jobs/basic.nix should exit with return code 0'
2025-09-17T14:58:08.7853999Z (  DIAG  )  job 14    at Hydra/Controller/Build/restart.t line 33.
2025-09-17T14:58:08.7854333Z [  FAIL  ]  job 14  + Evaluating jobs/basic.nix should result in 3 builds
2025-09-17T14:58:08.7854660Z [  DEBUG ]  job 14    Hydra/Controller/Build/restart.t line 34
2025-09-17T14:58:08.7854928Z (  DIAG  )  job 14    +-----+----+-------+
2025-09-17T14:58:08.7855147Z (  DIAG  )  job 14    | GOT | OP | CHECK |
2025-09-17T14:58:08.7855362Z (  DIAG  )  job 14    +-----+----+-------+
2025-09-17T14:58:08.7855579Z (  DIAG  )  job 14    | 0   | eq | 3     |
2025-09-17T14:58:08.7855796Z (  DIAG  )  job 14    +-----+----+-------+
2025-09-17T14:58:08.7856058Z [  FAIL  ]  job 14  + We should have the failing build to restart
2025-09-17T14:58:08.7856397Z (  DIAG  )  job 14    Failed test 'We should have the failing build to restart'
2025-09-17T14:58:08.7856745Z (  DIAG  )  job 14    at Hydra/Controller/Build/restart.t line 49.
2025-09-17T14:58:08.7857048Z (  DIAG  )  job 14    Comparison matched (it should not).
2025-09-17T14:58:08.7857305Z [  PASS  ]  job 14  + Logging in gets a 302
2025-09-17T14:58:08.7857545Z [  FAIL  ]  job 14  +~Restart the failing build
2025-09-17T14:58:08.7857979Z < REASON >  job 14    No plan was declared, and no assertions were made.
2025-09-17T14:58:08.7858305Z (  DIAG  )  job 14    Failed test 'Restart the failing build'
2025-09-17T14:58:08.7858610Z (  DIAG  )  job 14    at Hydra/Controller/Build/restart.t line 74.
2025-09-17T14:58:08.7859110Z (  DIAG  )  job 14    Caught exception in subtest: Can't call method "id" on an undefined value at Hydra/Controller/Build/restart.t line 64.
2025-09-17T14:58:08.7859575Z [  PLAN  ]  job 14    Expected assertions: 5
2025-09-17T14:58:08.7859798Z ( MEMORY )  job 14    rss:  207332kB
2025-09-17T14:58:08.7860005Z ( MEMORY )  job 14    size: 488188kB
2025-09-17T14:58:08.7860222Z ( MEMORY )  job 14    peak: 750072kB
2025-09-17T14:58:08.7860481Z (  DIAG  )  job 14    Seeded srand with seed '20250917' from local date.
2025-09-17T14:58:08.7860786Z (  DIAG  )  job 14    Looks like you failed 4 tests of 5.
2025-09-17T14:58:08.7861069Z ( FAILED )  job 14    Hydra/Controller/Build/restart.t
2025-09-17T14:58:08.7861431Z (  TIME  )  job 14    Startup: 6.06502s | Events: 0.89560s | Cleanup: 0.35504s | Total: 7.31566s
2025-09-17T14:58:08.7861798Z < REASON >  job 14    Test script returned error (Err: 4)
2025-09-17T14:58:08.7862099Z < REASON >  job 14    Errors were encountered (Count: 1)
2025-09-17T14:58:08.7862418Z < REASON >  job 14    Assertion failures were encountered (Count: 4)
2025-09-17T14:58:08.7862755Z < REASON >  job 14    Subtest failures were encountered (Count: 1)
2025-09-17T14:58:08.7863655Z ( STDERR )  job 15    Attempt to call undefined import method with arguments ("5.70") via package "Catalyst::Runtime" (Perhaps you forgot to load the package?) at /build/source/src/lib/Hydra.pm line 10.
2025-09-17T14:58:08.7864414Z ( STDERR )  job 15    Evaluation unexpectedly failed for jobset tD271AE3D:t76C54CED:
2025-09-17T14:58:08.7865042Z ( STDERR )  job 15    DBIx::Class::Row::store_column(): No such column 'project' on Hydra::Model::DB::Builds at /build/source/src/script/hydra-eval-jobset line 571
2025-09-17T14:58:08.7865547Z ( STDERR )  job 15
2025-09-17T14:58:08.7865944Z ( STDERR )  job 15    STDERR: (tD271AE3D:t76C54CED) Fetching input `jobs` (path) /build/yath-377-2TqxA3/tmp/_txo0d/cv4BJzFlGy/jobs
2025-09-17T14:58:08.7866517Z ( STDERR )  job 15    copying input jobs from /build/yath-377-2TqxA3/tmp/_txo0d/cv4BJzFlGy/jobs
2025-09-17T14:58:08.7866907Z ( STDERR )  job 15    (tD271AE3D:t76C54CED) Evaluating...
2025-09-17T14:58:08.7867443Z ( STDERR )  job 15    DBIx::Class::Row::store_column(): No such column 'project' on Hydra::Model::DB::Builds at /build/source/src/script/hydra-eval-jobset line 571
2025-09-17T14:58:08.7868159Z ( STDERR )  job 15    Evaluating jobs/basic.nix should exit with return code 0.
2025-09-17T14:58:08.7868581Z ( MEMORY )  job 15    rss:  205980kB
2025-09-17T14:58:08.7868790Z ( MEMORY )  job 15    size: 486972kB
2025-09-17T14:58:08.7868996Z ( MEMORY )  job 15    peak: 486980kB
2025-09-17T14:58:08.7869229Z ( FAILED )  job 15    Hydra/Controller/Job/builds.t
2025-09-17T14:58:08.7869581Z (  TIME  )  job 15    Startup: 6.14617s | Events: 0.00000s | Cleanup: 0.09913s | Total: 6.24530s
2025-09-17T14:58:08.7869974Z < REASON >  job 15    No plan was declared, and no assertions were made.
2025-09-17T14:58:08.7870679Z ( STDERR )  job 16    Attempt to call undefined import method with arguments ("5.70") via package "Catalyst::Runtime" (Perhaps you forgot to load the package?) at /build/source/src/lib/Hydra.pm line 10.
2025-09-17T14:58:08.7871416Z ( STDERR )  job 16    Evaluation unexpectedly failed for jobset t755096D9:tE3C8CCE9:
2025-09-17T14:58:08.7872042Z ( STDERR )  job 16    DBIx::Class::Row::store_column(): No such column 'project' on Hydra::Model::DB::Builds at /build/source/src/script/hydra-eval-jobset line 571
2025-09-17T14:58:08.7872543Z ( STDERR )  job 16
2025-09-17T14:58:08.7872941Z ( STDERR )  job 16    STDERR: (t755096D9:tE3C8CCE9) Fetching input `jobs` (path) /build/yath-377-2TqxA3/tmp/POkaLq/cv4BJzFlGy/jobs
2025-09-17T14:58:08.7873519Z ( STDERR )  job 16    copying input jobs from /build/yath-377-2TqxA3/tmp/POkaLq/cv4BJzFlGy/jobs
2025-09-17T14:58:08.7873948Z ( STDERR )  job 16    (t755096D9:tE3C8CCE9) Evaluating...
2025-09-17T14:58:08.7874491Z ( STDERR )  job 16    DBIx::Class::Row::store_column(): No such column 'project' on Hydra::Model::DB::Builds at /build/source/src/script/hydra-eval-jobset line 571
2025-09-17T14:58:08.7875097Z ( STDERR )  job 16    Evaluating jobs/basic.nix should exit with return code 0.
2025-09-17T14:58:08.7875411Z ( MEMORY )  job 16    rss:  205824kB
2025-09-17T14:58:08.7875617Z ( MEMORY )  job 16    size: 486984kB
2025-09-17T14:58:08.7875832Z ( MEMORY )  job 16    peak: 486984kB
2025-09-17T14:58:08.7876082Z ( FAILED )  job 16    Hydra/Controller/Jobset/builds.t
2025-09-17T14:58:08.7876443Z (  TIME  )  job 16    Startup: 6.34613s | Events: 0.00000s | Cleanup: 0.22657s | Total: 6.57270s
2025-09-17T14:58:08.7876839Z < REASON >  job 16    No plan was declared, and no assertions were made.
2025-09-17T14:58:08.7877545Z ( STDERR )  job 17    Attempt to call undefined import method with arguments ("5.70") via package "Catalyst::Runtime" (Perhaps you forgot to load the package?) at /build/source/src/lib/Hydra.pm line 10.
2025-09-17T14:58:08.7878405Z ( STDERR )  job 17    Evaluation unexpectedly failed for jobset tests:nested-attributes:
2025-09-17T14:58:08.7879047Z ( STDERR )  job 17    DBIx::Class::Row::store_column(): No such column 'jobset' on Hydra::Model::DB::Builds at /build/source/src/script/hydra-eval-jobset line 571
2025-09-17T14:58:08.7879544Z ( STDERR )  job 17
2025-09-17T14:58:08.7879962Z ( STDERR )  job 17    STDERR: (tests:nested-attributes) Fetching input `jobs` (path) /build/yath-377-2TqxA3/tmp/ARvDRe/cv4BJzFlGy/jobs
2025-09-17T14:58:08.7880744Z ( STDERR )  job 17    copying input jobs from /build/yath-377-2TqxA3/tmp/ARvDRe/cv4BJzFlGy/jobs
2025-09-17T14:58:08.7881159Z ( STDERR )  job 17    (tests:nested-attributes) Evaluating...
2025-09-17T14:58:08.7881720Z ( STDERR )  job 17    DBIx::Class::Row::store_column(): No such column 'jobset' on Hydra::Model::DB::Builds at /build/source/src/script/hydra-eval-jobset line 571
2025-09-17T14:58:08.7882232Z [  FAIL  ]  job 17  + <UNNAMED ASSERTION>
2025-09-17T14:58:08.7882535Z (  DIAG  )  job 17    Failed test at Hydra/Controller/Jobset/channel.t line 29.
2025-09-17T14:58:08.7882837Z [  FAIL  ]  job 17  + <UNNAMED ASSERTION>
2025-09-17T14:58:08.7883109Z [  DEBUG ]  job 17    Hydra/Controller/Jobset/channel.t line 30
2025-09-17T14:58:08.7883380Z (  DIAG  )  job 17    +-----+----+-------+
2025-09-17T14:58:08.7883599Z (  DIAG  )  job 17    | GOT | OP | CHECK |
2025-09-17T14:58:08.7883819Z (  DIAG  )  job 17    +-----+----+-------+
2025-09-17T14:58:08.7884159Z (  DIAG  )  job 17    | 0   | eq | 4     |
2025-09-17T14:58:08.7884380Z (  DIAG  )  job 17    +-----+----+-------+
2025-09-17T14:58:08.7884635Z ( STDERR )  job 17    { system ? builtins.currentSystem }:
2025-09-17T14:58:08.7884891Z ( STDERR )  job 17
2025-09-17T14:58:08.7885063Z ( STDERR )  job 17    let
2025-09-17T14:58:08.7885235Z ( STDERR )  job 17
2025-09-17T14:58:08.7885580Z ( STDERR )  job 17      maybeStorePath = if builtins ? langVersion && builtins.lessThan 1 builtins.langVersion
2025-09-17T14:58:08.7885998Z ( STDERR )  job 17        then builtins.storePath
2025-09-17T14:58:08.7886237Z ( STDERR )  job 17        else x: x;
2025-09-17T14:58:08.7886440Z ( STDERR )  job 17
2025-09-17T14:58:08.7886656Z ( STDERR )  job 17      mkFakeDerivation = attrs: outputs:
2025-09-17T14:58:08.7886914Z ( STDERR )  job 17        let
2025-09-17T14:58:08.7887162Z ( STDERR )  job 17          outputNames = builtins.attrNames outputs;
2025-09-17T14:58:08.7887486Z ( STDERR )  job 17          common = attrs // outputsSet //
2025-09-17T14:58:08.7887910Z ( STDERR )  job 17            { type = "derivation";
2025-09-17T14:58:08.7888178Z ( STDERR )  job 17              outputs = outputNames;
2025-09-17T14:58:08.7888445Z ( STDERR )  job 17              all = outputsList;
2025-09-17T14:58:08.7888684Z ( STDERR )  job 17            };
2025-09-17T14:58:08.7888933Z ( STDERR )  job 17          outputToAttrListElement = outputName:
2025-09-17T14:58:08.7889232Z ( STDERR )  job 17            { name = outputName;
2025-09-17T14:58:08.7889490Z ( STDERR )  job 17              value = common // {
2025-09-17T14:58:08.7889756Z ( STDERR )  job 17                inherit outputName;
2025-09-17T14:58:08.7890111Z ( STDERR )  job 17                outPath = maybeStorePath (builtins.getAttr outputName outputs);
2025-09-17T14:58:08.7890449Z ( STDERR )  job 17              };
2025-09-17T14:58:08.7890650Z ( STDERR )  job 17            };
2025-09-17T14:58:08.7890935Z ( STDERR )  job 17          outputsList = map outputToAttrListElement outputNames;
2025-09-17T14:58:08.7891335Z ( STDERR )  job 17          outputsSet = builtins.listToAttrs outputsList;
2025-09-17T14:58:08.7891637Z ( STDERR )  job 17        in outputsSet;
2025-09-17T14:58:08.7891844Z ( STDERR )  job 17
2025-09-17T14:58:08.7892014Z ( STDERR )  job 17    in
2025-09-17T14:58:08.7892189Z ( STDERR )  job 17
2025-09-17T14:58:08.7892360Z ( STDERR )  job 17    {}
2025-09-17T14:58:08.7892550Z [  PASS  ]  job 17  + Stderr should be empty
2025-09-17T14:58:08.7892821Z [  PASS  ]  job 17  + Querying the packages should succeed
2025-09-17T14:58:08.7893085Z [  FAIL  ]  job 17  + <UNNAMED ASSERTION>
2025-09-17T14:58:08.7893355Z [  DEBUG ]  job 17    Hydra/Controller/Jobset/channel.t line 56
2025-09-17T14:58:08.7893684Z (  DIAG  )  job 17    +------+------------------+---------------------------------+
2025-09-17T14:58:08.7894020Z (  DIAG  )  job 17    | PATH | GOT              | CHECK                           |
2025-09-17T14:58:08.7894350Z (  DIAG  )  job 17    +------+------------------+---------------------------------+
2025-09-17T14:58:08.7894992Z (  DIAG  )  job 17    | [0]  | <DOES NOT EXIST> | packageset-nested               |
2025-09-17T14:58:08.7895383Z (  DIAG  )  job 17    | [1]  | <DOES NOT EXIST> | packageset.deeper.deeper.nested |
2025-09-17T14:58:08.7895746Z (  DIAG  )  job 17    | [2]  | <DOES NOT EXIST> | packageset.nested               |
2025-09-17T14:58:08.7896094Z (  DIAG  )  job 17    | [3]  | <DOES NOT EXIST> | packageset.nested2              |
2025-09-17T14:58:08.7896432Z (  DIAG  )  job 17    +------+------------------+---------------------------------+
2025-09-17T14:58:08.7896749Z (  DIAG  )  job 17    ==== Summary of missing/extra items ====
2025-09-17T14:58:08.7897013Z (  DIAG  )  job 17    [0]:   DOES NOT EXIST
2025-09-17T14:58:08.7897237Z (  DIAG  )  job 17    [1]:   DOES NOT EXIST
2025-09-17T14:58:08.7897461Z (  DIAG  )  job 17    [2]:   DOES NOT EXIST
2025-09-17T14:58:08.7897802Z (  DIAG  )  job 17    [3]:   DOES NOT EXIST
2025-09-17T14:58:08.7898066Z (  DIAG  )  job 17    == end summary of missing/extra items ==
2025-09-17T14:58:08.7898460Z [  FAIL  ]  job 17  + <UNNAMED ASSERTION>
2025-09-17T14:58:08.7898731Z [  DEBUG ]  job 17    Hydra/Controller/Jobset/channel.t line 62
2025-09-17T14:58:08.7899011Z (  DIAG  )  job 17    +---------+--------------------+
2025-09-17T14:58:08.7899264Z (  DIAG  )  job 17    | GOT     | CHECK              |
2025-09-17T14:58:08.7899518Z (  DIAG  )  job 17    +---------+--------------------+
2025-09-17T14:58:08.7899779Z (  DIAG  )  job 17    | <UNDEF> | actually-top-level |
2025-09-17T14:58:08.7900037Z (  DIAG  )  job 17    +---------+--------------------+
2025-09-17T14:58:08.7900281Z [  FAIL  ]  job 17  + <UNNAMED ASSERTION>
2025-09-17T14:58:08.7900549Z [  DEBUG ]  job 17    Hydra/Controller/Jobset/channel.t line 63
2025-09-17T14:58:08.7900824Z (  DIAG  )  job 17    +---------+-----------------+
2025-09-17T14:58:08.7901070Z (  DIAG  )  job 17    | GOT     | CHECK           |
2025-09-17T14:58:08.7901316Z (  DIAG  )  job 17    +---------+-----------------+
2025-09-17T14:58:08.7901573Z (  DIAG  )  job 17    | <UNDEF> | actually-nested |
2025-09-17T14:58:08.7901825Z (  DIAG  )  job 17    +---------+-----------------+
2025-09-17T14:58:08.7902071Z [  PLAN  ]  job 17    Expected assertions: 7
2025-09-17T14:58:08.7902301Z ( MEMORY )  job 17    rss:  206700kB
2025-09-17T14:58:08.7902508Z ( MEMORY )  job 17    size: 487892kB
2025-09-17T14:58:08.7902722Z ( MEMORY )  job 17    peak: 488460kB
2025-09-17T14:58:08.7902987Z (  DIAG  )  job 17    Seeded srand with seed '20250917' from local date.
2025-09-17T14:58:08.7903294Z (  DIAG  )  job 17    Looks like you failed 5 tests of 7.
2025-09-17T14:58:08.7903582Z ( FAILED )  job 17    Hydra/Controller/Jobset/channel.t
2025-09-17T14:58:08.7903949Z (  TIME  )  job 17    Startup: 5.49189s | Events: 0.07475s | Cleanup: 0.38802s | Total: 5.95466s
2025-09-17T14:58:08.7904314Z < REASON >  job 17    Test script returned error (Err: 5)
2025-09-17T14:58:08.7904639Z < REASON >  job 17    Assertion failures were encountered (Count: 5)
2025-09-17T14:58:08.7904990Z ( PASSED )  job 20    Hydra/Controller/Jobset/type-constraints.t
2025-09-17T14:58:08.7905699Z ( STDERR )  job 18    Attempt to call undefined import method with arguments ("5.70") via package "Catalyst::Runtime" (Perhaps you forgot to load the package?) at /build/source/src/lib/Hydra.pm line 10.
2025-09-17T14:58:08.7906419Z ( STDERR )  job 18    Evaluation unexpectedly failed for jobset tests:basic:
2025-09-17T14:58:08.7907022Z ( STDERR )  job 18    DBIx::Class::Row::store_column(): No such column 'jobset' on Hydra::Model::DB::Builds at /build/source/src/script/hydra-eval-jobset line 571
2025-09-17T14:58:08.7907521Z ( STDERR )  job 18
2025-09-17T14:58:08.7908072Z ( STDERR )  job 18    STDERR: (tests:basic) Fetching input `jobs` (path) /build/yath-377-2TqxA3/tmp/ChrrV_/cv4BJzFlGy/jobs
2025-09-17T14:58:08.7908629Z ( STDERR )  job 18    copying input jobs from /build/yath-377-2TqxA3/tmp/ChrrV_/cv4BJzFlGy/jobs
2025-09-17T14:58:08.7909009Z ( STDERR )  job 18    (tests:basic) Evaluating...
2025-09-17T14:58:08.7909725Z ( STDERR )  job 18    DBIx::Class::Row::store_column(): No such column 'jobset' on Hydra::Model::DB::Builds at /build/source/src/script/hydra-eval-jobset line 571
2025-09-17T14:58:08.7910334Z [  FAIL  ]  job 18  + Evaluating jobs/basic.nix should exit with return code 0
2025-09-17T14:58:08.7910754Z (  DIAG  )  job 18    Failed test 'Evaluating jobs/basic.nix should exit with return code 0'
2025-09-17T14:58:08.7911144Z (  DIAG  )  job 18    at Hydra/Controller/Jobset/evals.t line 23.
2025-09-17T14:58:08.7911443Z [  PASS  ]  job 18  +~/jobset/PROJECT/JOBSET
2025-09-17T14:58:08.7911718Z [  PASS  ]  job 18    + The page showing the jobset returns 200.
2025-09-17T14:58:08.7912001Z [  PLAN  ]  job 18    | Expected assertions: 1
2025-09-17T14:58:08.7912216Z             job 18    ^
2025-09-17T14:58:08.7912408Z [  PASS  ]  job 18  +~/jobset/PROJECT/JOBSET/evals
2025-09-17T14:58:08.7912707Z [  PASS  ]  job 18    + The page showing the jobset evals returns 200.
2025-09-17T14:58:08.7913104Z [  PLAN  ]  job 18    | Expected assertions: 1
2025-09-17T14:58:08.7913328Z             job 18    ^
2025-09-17T14:58:08.7913525Z [  PASS  ]  job 18  +~/jobset/PROJECT/JOBSET/errors
2025-09-17T14:58:08.7913829Z [  PASS  ]  job 18    + The page showing the jobset eval errors returns 200.
2025-09-17T14:58:08.7914139Z [  PLAN  ]  job 18    | Expected assertions: 1
2025-09-17T14:58:08.7914362Z             job 18    ^
2025-09-17T14:58:08.7914551Z [  PLAN  ]  job 18    Expected assertions: 4
2025-09-17T14:58:08.7914775Z ( MEMORY )  job 18    rss:  214116kB
2025-09-17T14:58:08.7914982Z ( MEMORY )  job 18    size: 494540kB
2025-09-17T14:58:08.7915189Z ( MEMORY )  job 18    peak: 494540kB
2025-09-17T14:58:08.7915450Z (  DIAG  )  job 18    Seeded srand with seed '20250917' from local date.
2025-09-17T14:58:08.7915757Z (  DIAG  )  job 18    Looks like you failed 1 test of 4.
2025-09-17T14:58:08.7916272Z ( STDERR )  job 18      (in cleanup) {UNKNOWN}: DBI Exception: DBD::Pg::st DESTROY failed: FATAL:  terminating connection due to administrator command
2025-09-17T14:58:08.7916802Z ( STDERR )  job 18    server closed the connection unexpectedly
2025-09-17T14:58:08.7917145Z ( STDERR )  job 18      This probably means the server terminated abnormally
2025-09-17T14:58:08.7919233Z ( STDERR )  job 18      before or while processing the request. [for Statement "SELECT me.name, me.id, me.project, me.description, me.nixexprinput, me.nixexprpath, me.errortime, me.lastcheckedtime, me.triggertime, me.enabled, me.enableemail, me.hidden, me.emailoverride, me.keepnr, me.checkinterval, me.schedulingshares, me.fetcherrormsg, me.forceeval, me.starttime, me.type, me.flake, me.enable_dynamic_run_command, me.errormsg != '' FROM jobsets me WHERE ( ( me.name = ? AND me.project = ? ) )"]  at /nix/store/41mdlkqwdipdhgcaq97sjgzjilkd87jk-hydra-perl-deps/lib/perl5/site_perl/5.40.0/DBIx/Class/Schema.pm line 1118.
2025-09-17T14:58:08.7921740Z ( STDERR )  job 18      DBIx::Class::Schema::throw_exception(Hydra::Schema=HASH(0x8123310), "DBI Exception: DBD::Pg::st DESTROY failed: FATAL:  terminatin"...) called at /nix/store/41mdlkqwdipdhgcaq97sjgzjilkd87jk-hydra-perl-deps/lib/perl5/site_perl/5.40.0/DBIx/Class/Storage.pm line 113
2025-09-17T14:58:08.7923398Z ( STDERR )  job 18      DBIx::Class::Storage::throw_exception(DBIx::Class::Storage::DBI::Pg=HASH(0x8180d98), "DBI Exception: DBD::Pg::st DESTROY failed: FATAL:  terminatin"...) called at /nix/store/41mdlkqwdipdhgcaq97sjgzjilkd87jk-hydra-perl-deps/lib/perl5/site_perl/5.40.0/DBIx/Class/Storage/DBI.pm line 1623
2025-09-17T14:58:08.7924753Z ( STDERR )  job 18      DBIx::Class::Storage::DBI::__ANON__("DBD::Pg::st DESTROY failed: FATAL:  terminating connection du"..., DBI::st=HASH(0xaed5610), undef) called at Hydra/Controller/Jobset/evals.t line 0
2025-09-17T14:58:08.7925444Z ( STDERR )  job 18      eval {...} called at Hydra/Controller/Jobset/evals.t line 0
2025-09-17T14:58:08.7925744Z ( STDERR )  job 18
2025-09-17T14:58:08.7925943Z ( FAILED )  job 18    Hydra/Controller/Jobset/evals.t
2025-09-17T14:58:08.7926476Z (  TIME  )  job 18    Startup: 5.21811s | Events: 0.28519s | Cleanup: 0.26779s | Total: 5.77109s
2025-09-17T14:58:08.7926855Z < REASON >  job 18    Test script returned error (Err: 1)
2025-09-17T14:58:08.7927171Z < REASON >  job 18    Assertion failures were encountered (Count: 1)
2025-09-17T14:58:08.7927487Z ( PASSED )  job 19    Hydra/Controller/Jobset/http.t
2025-09-17T14:58:08.7928242Z ( STDERR )  job 21    Attempt to call undefined import method with arguments ("5.70") via package "Catalyst::Runtime" (Perhaps you forgot to load the package?) at /build/source/src/lib/Hydra.pm line 10.
2025-09-17T14:58:08.7928961Z ( STDERR )  job 21    Evaluation unexpectedly failed for jobset tests:basic:
2025-09-17T14:58:08.7929549Z ( STDERR )  job 21    DBIx::Class::Row::store_column(): No such column 'jobset' on Hydra::Model::DB::Builds at /build/source/src/script/hydra-eval-jobset line 571
2025-09-17T14:58:08.7930042Z ( STDERR )  job 21
2025-09-17T14:58:08.7930412Z ( STDERR )  job 21    STDERR: (tests:basic) Fetching input `jobs` (path) /build/yath-377-2TqxA3/tmp/93xBrc/cv4BJzFlGy/jobs
2025-09-17T14:58:08.7931072Z ( STDERR )  job 21    copying input jobs from /build/yath-377-2TqxA3/tmp/93xBrc/cv4BJzFlGy/jobs
2025-09-17T14:58:08.7931440Z ( STDERR )  job 21    (tests:basic) Evaluating...
2025-09-17T14:58:08.7931962Z ( STDERR )  job 21    DBIx::Class::Row::store_column(): No such column 'jobset' on Hydra::Model::DB::Builds at /build/source/src/script/hydra-eval-jobset line 571
2025-09-17T14:58:08.7932546Z [  FAIL  ]  job 21  + Evaluating jobs/basic.nix should exit with return code 0
2025-09-17T14:58:08.7932965Z (  DIAG  )  job 21    Failed test 'Evaluating jobs/basic.nix should exit with return code 0'
2025-09-17T14:58:08.7933362Z (  DIAG  )  job 21    at Hydra/Controller/JobsetEval/cancel.t line 30.
2025-09-17T14:58:08.7933711Z [  FAIL  ]  job 21  + Evaluating jobs/basic.nix should result in 3 builds
2025-09-17T14:58:08.7934066Z [  DEBUG ]  job 21    Hydra/Controller/JobsetEval/cancel.t line 31
2025-09-17T14:58:08.7934345Z (  DIAG  )  job 21    +-----+----+-------+
2025-09-17T14:58:08.7934567Z (  DIAG  )  job 21    | GOT | OP | CHECK |
2025-09-17T14:58:08.7934788Z (  DIAG  )  job 21    +-----+----+-------+
2025-09-17T14:58:08.7935001Z (  DIAG  )  job 21    | 0   | eq | 3     |
2025-09-17T14:58:08.7935218Z (  DIAG  )  job 21    +-----+----+-------+
2025-09-17T14:58:08.7935458Z [  FAIL  ]  job 21  + We have an evaluation to restart
2025-09-17T14:58:08.7935755Z (  DIAG  )  job 21    Failed test 'We have an evaluation to restart'
2025-09-17T14:58:08.7936085Z (  DIAG  )  job 21    at Hydra/Controller/JobsetEval/cancel.t line 34.
2025-09-17T14:58:08.7936399Z (  DIAG  )  job 21    Comparison matched (it should not).
2025-09-17T14:58:08.7936843Z ( STDERR )  job 21    Can't call method "finished" on an undefined value at Hydra/Controller/JobsetEval/cancel.t line 37.
2025-09-17T14:58:08.7937253Z ( MEMORY )  job 21    rss:  206556kB
2025-09-17T14:58:08.7937458Z ( MEMORY )  job 21    size: 487632kB
2025-09-17T14:58:08.7937786Z ( MEMORY )  job 21    peak: 748852kB
2025-09-17T14:58:08.7938067Z (  DIAG  )  job 21    Seeded srand with seed '20250917' from local date.
2025-09-17T14:58:08.7938450Z (  DIAG  )  job 21    Tests were run but no plan was declared and done_testing() was not seen.
2025-09-17T14:58:08.7938827Z ( FAILED )  job 21    Hydra/Controller/JobsetEval/cancel.t
2025-09-17T14:58:08.7939193Z (  TIME  )  job 21    Startup: 6.11808s | Events: 0.01288s | Cleanup: 0.31934s | Total: 6.45030s
2025-09-17T14:58:08.7939557Z < REASON >  job 21    Test script returned error (Err: 3)
2025-09-17T14:58:08.7939878Z < REASON >  job 21    Assertion failures were encountered (Count: 3)
2025-09-17T14:58:08.7940172Z < REASON >  job 21    No plan was declared
2025-09-17T14:58:08.7940808Z ( STDERR )  job 22    Attempt to call undefined import method with arguments ("5.70") via package "Catalyst::Runtime" (Perhaps you forgot to load the package?) at /build/source/src/lib/Hydra.pm line 10.
2025-09-17T14:58:08.7941721Z ( STDERR )  job 22    Evaluation unexpectedly failed for jobset tests:basic:
2025-09-17T14:58:08.7942336Z ( STDERR )  job 22    DBIx::Class::Row::store_column(): No such column 'project' on Hydra::Model::DB::Builds at /build/source/src/script/hydra-eval-jobset line 571
2025-09-17T14:58:08.7942836Z ( STDERR )  job 22
2025-09-17T14:58:08.7943202Z ( STDERR )  job 22    STDERR: (tests:basic) Fetching input `jobs` (path) /build/yath-377-2TqxA3/tmp/OC9vRa/cv4BJzFlGy/jobs
2025-09-17T14:58:08.7943739Z ( STDERR )  job 22    copying input jobs from /build/yath-377-2TqxA3/tmp/OC9vRa/cv4BJzFlGy/jobs
2025-09-17T14:58:08.7944113Z ( STDERR )  job 22    (tests:basic) Evaluating...
2025-09-17T14:58:08.7944639Z ( STDERR )  job 22    DBIx::Class::Row::store_column(): No such column 'project' on Hydra::Model::DB::Builds at /build/source/src/script/hydra-eval-jobset line 571
2025-09-17T14:58:08.7945220Z [  FAIL  ]  job 22  + Evaluating jobs/basic.nix should exit with return code 0
2025-09-17T14:58:08.7945642Z (  DIAG  )  job 22    Failed test 'Evaluating jobs/basic.nix should exit with return code 0'
2025-09-17T14:58:08.7946159Z (  DIAG  )  job 22    at Hydra/Controller/JobsetEval/fetch.t line 22.
2025-09-17T14:58:08.7946456Z [  FAIL  ]  job 22  +~Fetching the eval's overview
2025-09-17T14:58:08.7946757Z < REASON >  job 22    No plan was declared, and no assertions were made.
2025-09-17T14:58:08.7947088Z (  DIAG  )  job 22    Failed test 'Fetching the eval's overview'
2025-09-17T14:58:08.7947409Z (  DIAG  )  job 22    at Hydra/Controller/JobsetEval/fetch.t line 29.
2025-09-17T14:58:08.7948133Z (  DIAG  )  job 22    Caught exception in subtest: Can't call method "id" on an undefined value at Hydra/Controller/JobsetEval/fetch.t line 27.
2025-09-17T14:58:08.7948611Z [  FAIL  ]  job 22  +~Fetching the eval's overview
2025-09-17T14:58:08.7948918Z < REASON >  job 22    No plan was declared, and no assertions were made.
2025-09-17T14:58:08.7949250Z (  DIAG  )  job 22    Failed test 'Fetching the eval's overview'
2025-09-17T14:58:08.7949571Z (  DIAG  )  job 22    at Hydra/Controller/JobsetEval/fetch.t line 36.
2025-09-17T14:58:08.7950094Z (  DIAG  )  job 22    Caught exception in subtest: Can't call method "id" on an undefined value at Hydra/Controller/JobsetEval/fetch.t line 32.
2025-09-17T14:58:08.7950573Z [  FAIL  ]  job 22  +~Fetching the eval's overview
2025-09-17T14:58:08.7950875Z < REASON >  job 22    No plan was declared, and no assertions were made.
2025-09-17T14:58:08.7951204Z (  DIAG  )  job 22    Failed test 'Fetching the eval's overview'
2025-09-17T14:58:08.7951525Z (  DIAG  )  job 22    at Hydra/Controller/JobsetEval/fetch.t line 41.
2025-09-17T14:58:08.7952040Z (  DIAG  )  job 22    Caught exception in subtest: Can't call method "id" on an undefined value at Hydra/Controller/JobsetEval/fetch.t line 39.
2025-09-17T14:58:08.7952512Z [  PLAN  ]  job 22    Expected assertions: 4
2025-09-17T14:58:08.7952746Z ( MEMORY )  job 22    rss:  206116kB
2025-09-17T14:58:08.7952953Z ( MEMORY )  job 22    size: 487160kB
2025-09-17T14:58:08.7953161Z ( MEMORY )  job 22    peak: 487160kB
2025-09-17T14:58:08.7953431Z (  DIAG  )  job 22    Seeded srand with seed '20250917' from local date.
2025-09-17T14:58:08.7953741Z (  DIAG  )  job 22    Looks like you failed 4 tests of 4.
2025-09-17T14:58:08.7954031Z ( FAILED )  job 22    Hydra/Controller/JobsetEval/fetch.t
2025-09-17T14:58:08.7954391Z (  TIME  )  job 22    Startup: 4.97174s | Events: 0.00427s | Cleanup: 0.33984s | Total: 5.31585s
2025-09-17T14:58:08.7954765Z < REASON >  job 22    Test script returned error (Err: 4)
2025-09-17T14:58:08.7955060Z < REASON >  job 22    Errors were encountered (Count: 3)
2025-09-17T14:58:08.7955377Z < REASON >  job 22    Assertion failures were encountered (Count: 4)
2025-09-17T14:58:08.7955714Z < REASON >  job 22    Subtest failures were encountered (Count: 3)
2025-09-17T14:58:08.7956408Z ( STDERR )  job 24    Attempt to call undefined import method with arguments ("5.70") via package "Catalyst::Runtime" (Perhaps you forgot to load the package?) at /build/source/src/lib/Hydra.pm line 10.
2025-09-17T14:58:08.7957363Z ( STDERR )  job 24    Evaluation unexpectedly failed for jobset t6DF9B060:tFAC38B48:
2025-09-17T14:58:08.7958179Z ( STDERR )  job 24    DBIx::Class::Row::store_column(): No such column 'jobset' on Hydra::Model::DB::Builds at /build/source/src/script/hydra-eval-jobset line 571
2025-09-17T14:58:08.7958679Z ( STDERR )  job 24
2025-09-17T14:58:08.7959077Z ( STDERR )  job 24    STDERR: (t6DF9B060:tFAC38B48) Fetching input `jobs` (path) /build/yath-377-2TqxA3/tmp/cYmiYJ/cv4BJzFlGy/jobs
2025-09-17T14:58:08.7959645Z ( STDERR )  job 24    copying input jobs from /build/yath-377-2TqxA3/tmp/cYmiYJ/cv4BJzFlGy/jobs
2025-09-17T14:58:08.7960028Z ( STDERR )  job 24    (t6DF9B060:tFAC38B48) Evaluating...
2025-09-17T14:58:08.7960562Z ( STDERR )  job 24    DBIx::Class::Row::store_column(): No such column 'jobset' on Hydra::Model::DB::Builds at /build/source/src/script/hydra-eval-jobset line 571
2025-09-17T14:58:08.7961153Z ( STDERR )  job 24    Evaluating jobs/basic.nix should exit with return code 0.
2025-09-17T14:58:08.7961589Z ( MEMORY )  job 24    rss:  205732kB
2025-09-17T14:58:08.7961791Z ( MEMORY )  job 24    size: 486932kB
2025-09-17T14:58:08.7961999Z ( MEMORY )  job 24    peak: 486932kB
2025-09-17T14:58:08.7962242Z ( FAILED )  job 24    Hydra/Controller/Project/builds.t
2025-09-17T14:58:08.7962597Z (  TIME  )  job 24    Startup: 5.45348s | Events: 0.00000s | Cleanup: 0.09144s | Total: 5.54492s
2025-09-17T14:58:08.7962989Z < REASON >  job 24    No plan was declared, and no assertions were made.
2025-09-17T14:58:08.7963686Z ( STDERR )  job 23    Attempt to call undefined import method with arguments ("5.70") via package "Catalyst::Runtime" (Perhaps you forgot to load the package?) at /build/source/src/lib/Hydra.pm line 10.
2025-09-17T14:58:08.7964397Z ( STDERR )  job 23    Evaluation unexpectedly failed for jobset tests:basic:
2025-09-17T14:58:08.7964985Z ( STDERR )  job 23    DBIx::Class::Row::store_column(): No such column 'project' on Hydra::Model::DB::Builds at /build/source/src/script/hydra-eval-jobset line 571
2025-09-17T14:58:08.7965489Z ( STDERR )  job 23
2025-09-17T14:58:08.7965856Z ( STDERR )  job 23    STDERR: (tests:basic) Fetching input `jobs` (path) /build/yath-377-2TqxA3/tmp/o8Hcc7/cv4BJzFlGy/jobs
2025-09-17T14:58:08.7966395Z ( STDERR )  job 23    copying input jobs from /build/yath-377-2TqxA3/tmp/o8Hcc7/cv4BJzFlGy/jobs
2025-09-17T14:58:08.7966761Z ( STDERR )  job 23    (tests:basic) Evaluating...
2025-09-17T14:58:08.7967286Z ( STDERR )  job 23    DBIx::Class::Row::store_column(): No such column 'project' on Hydra::Model::DB::Builds at /build/source/src/script/hydra-eval-jobset line 571
2025-09-17T14:58:08.7967979Z [  FAIL  ]  job 23  + Evaluating jobs/basic.nix should exit with return code 0
2025-09-17T14:58:08.7968396Z (  DIAG  )  job 23    Failed test 'Evaluating jobs/basic.nix should exit with return code 0'
2025-09-17T14:58:08.7968796Z (  DIAG  )  job 23    at Hydra/Controller/JobsetEval/restart.t line 33.
2025-09-17T14:58:08.7969146Z [  FAIL  ]  job 23  + Evaluating jobs/basic.nix should result in 3 builds
2025-09-17T14:58:08.7969494Z [  DEBUG ]  job 23    Hydra/Controller/JobsetEval/restart.t line 34
2025-09-17T14:58:08.7969765Z (  DIAG  )  job 23    +-----+----+-------+
2025-09-17T14:58:08.7969982Z (  DIAG  )  job 23    | GOT | OP | CHECK |
2025-09-17T14:58:08.7970199Z (  DIAG  )  job 23    +-----+----+-------+
2025-09-17T14:58:08.7970411Z (  DIAG  )  job 23    | 0   | eq | 3     |
2025-09-17T14:58:08.7970625Z (  DIAG  )  job 23    +-----+----+-------+
2025-09-17T14:58:08.7970862Z [  FAIL  ]  job 23  + We have an evaluation to restart
2025-09-17T14:58:08.7971154Z (  DIAG  )  job 23    Failed test 'We have an evaluation to restart'
2025-09-17T14:58:08.7971482Z (  DIAG  )  job 23    at Hydra/Controller/JobsetEval/restart.t line 39.
2025-09-17T14:58:08.7971797Z (  DIAG  )  job 23    Comparison matched (it should not).
2025-09-17T14:58:08.7972090Z [  FAIL  ]  job 23  + We should have the aborted build to restart
2025-09-17T14:58:08.7972622Z (  DIAG  )  job 23    Failed test 'We should have the aborted build to restart'
2025-09-17T14:58:08.7972999Z (  DIAG  )  job 23    at Hydra/Controller/JobsetEval/restart.t line 42.
2025-09-17T14:58:08.7973310Z (  DIAG  )  job 23    Comparison matched (it should not).
2025-09-17T14:58:08.7973799Z ( STDERR )  job 23    Can't call method "update" on an undefined value at Hydra/Controller/JobsetEval/restart.t line 43.
2025-09-17T14:58:08.7974219Z ( MEMORY )  job 23    rss:  206624kB
2025-09-17T14:58:08.7974429Z ( MEMORY )  job 23    size: 487648kB
2025-09-17T14:58:08.7974713Z ( MEMORY )  job 23    peak: 748896kB
2025-09-17T14:58:08.7974975Z (  DIAG  )  job 23    Seeded srand with seed '20250917' from local date.
2025-09-17T14:58:08.7975359Z (  DIAG  )  job 23    Tests were run but no plan was declared and done_testing() was not seen.
2025-09-17T14:58:08.7975736Z ( FAILED )  job 23    Hydra/Controller/JobsetEval/restart.t
2025-09-17T14:58:08.7976103Z (  TIME  )  job 23    Startup: 5.92792s | Events: 0.02083s | Cleanup: 0.31647s | Total: 6.26522s
2025-09-17T14:58:08.7976594Z < REASON >  job 23    Test script returned error (Err: 4)
2025-09-17T14:58:08.7976913Z < REASON >  job 23    Assertion failures were encountered (Count: 4)
2025-09-17T14:58:08.7977201Z < REASON >  job 23    No plan was declared
2025-09-17T14:58:08.7977938Z ( STDERR )  job 26    Attempt to call undefined import method with arguments ("5.70") via package "Catalyst::Runtime" (Perhaps you forgot to load the package?) at /build/source/src/lib/Hydra.pm line 10.
2025-09-17T14:58:08.7978659Z ( STDERR )  job 26    Evaluation unexpectedly failed for jobset tests:basic:
2025-09-17T14:58:08.7979250Z ( STDERR )  job 26    DBIx::Class::Row::store_column(): No such column 'jobset' on Hydra::Model::DB::Builds at /build/source/src/script/hydra-eval-jobset line 571
2025-09-17T14:58:08.7979756Z ( STDERR )  job 26
2025-09-17T14:58:08.7980125Z ( STDERR )  job 26    STDERR: (tests:basic) Fetching input `jobs` (path) /build/yath-377-2TqxA3/tmp/NpqetP/cv4BJzFlGy/jobs
2025-09-17T14:58:08.7980685Z ( STDERR )  job 26    copying input jobs from /build/yath-377-2TqxA3/tmp/NpqetP/cv4BJzFlGy/jobs
2025-09-17T14:58:08.7981062Z ( STDERR )  job 26    (tests:basic) Evaluating...
2025-09-17T14:58:08.7981589Z ( STDERR )  job 26    DBIx::Class::Row::store_column(): No such column 'jobset' on Hydra::Model::DB::Builds at /build/source/src/script/hydra-eval-jobset line 571
2025-09-17T14:58:08.7982173Z [  FAIL  ]  job 26  + Evaluating jobs/basic.nix should exit with return code 0
2025-09-17T14:58:08.7982601Z (  DIAG  )  job 26    Failed test 'Evaluating jobs/basic.nix should exit with return code 0'
2025-09-17T14:58:08.7983068Z (  DIAG  )  job 26    at Hydra/Controller/Root/evals.t line 23.
2025-09-17T14:58:08.7983340Z [  PASS  ]  job 26  +~/evals
2025-09-17T14:58:08.7983574Z [  PASS  ]  job 26    + The page showing the all evals returns 200.
2025-09-17T14:58:08.7983855Z [  PLAN  ]  job 26    | Expected assertions: 1
2025-09-17T14:58:08.7984077Z             job 26    ^
2025-09-17T14:58:08.7984280Z [  PLAN  ]  job 26    Expected assertions: 2
2025-09-17T14:58:08.7984521Z ( MEMORY )  job 26    rss:  213220kB
2025-09-17T14:58:08.7984727Z ( MEMORY )  job 26    size: 494032kB
2025-09-17T14:58:08.7984937Z ( MEMORY )  job 26    peak: 494032kB
2025-09-17T14:58:08.7985200Z (  DIAG  )  job 26    Seeded srand with seed '20250917' from local date.
2025-09-17T14:58:08.7985509Z (  DIAG  )  job 26    Looks like you failed 1 test of 2.
2025-09-17T14:58:08.7985780Z ( FAILED )  job 26    Hydra/Controller/Root/evals.t
2025-09-17T14:58:08.7986133Z (  TIME  )  job 26    Startup: 5.18398s | Events: 0.20918s | Cleanup: 0.36393s | Total: 5.75709s
2025-09-17T14:58:08.7986504Z < REASON >  job 26    Test script returned error (Err: 1)
2025-09-17T14:58:08.7986823Z < REASON >  job 26    Assertion failures were encountered (Count: 1)
2025-09-17T14:58:08.7987527Z ( STDERR )  job 25    Attempt to call undefined import method with arguments ("5.70") via package "Catalyst::Runtime" (Perhaps you forgot to load the package?) at /build/source/src/lib/Hydra.pm line 10.
2025-09-17T14:58:08.7988534Z [  PASS  ]  job 25  + Logging in gets a 302
2025-09-17T14:58:08.7988880Z ( STDERR )  job 25    Evaluation unexpectedly failed for jobset t714CF591:tDCE87E35:
2025-09-17T14:58:08.7989493Z ( STDERR )  job 25    DBIx::Class::Row::store_column(): No such column 'project' on Hydra::Model::DB::Builds at /build/source/src/script/hydra-eval-jobset line 571
2025-09-17T14:58:08.7989992Z ( STDERR )  job 25
2025-09-17T14:58:08.7990385Z ( STDERR )  job 25    STDERR: (t714CF591:tDCE87E35) Fetching input `jobs` (path) /build/yath-377-2TqxA3/tmp/otP721/cv4BJzFlGy/jobs
2025-09-17T14:58:08.7990952Z ( STDERR )  job 25    copying input jobs from /build/yath-377-2TqxA3/tmp/otP721/cv4BJzFlGy/jobs
2025-09-17T14:58:08.7991333Z ( STDERR )  job 25    (t714CF591:tDCE87E35) Evaluating...
2025-09-17T14:58:08.7991872Z ( STDERR )  job 25    DBIx::Class::Row::store_column(): No such column 'project' on Hydra::Model::DB::Builds at /build/source/src/script/hydra-eval-jobset line 571
2025-09-17T14:58:08.7992510Z [  FAIL  ]  job 25  +~Deleting a simple project
2025-09-17T14:58:08.7992809Z < REASON >  job 25    No plan was declared, and no assertions were made.
2025-09-17T14:58:08.7993140Z (  DIAG  )  job 25    Failed test 'Deleting a simple project'
2025-09-17T14:58:08.7993452Z (  DIAG  )  job 25    at Hydra/Controller/Project/delete.t line 56.
2025-09-17T14:58:08.7993889Z (  DIAG  )  job 25    Caught exception in subtest: Evaluating jobs/basic.nix should exit with return code 0.
2025-09-17T14:58:08.7994375Z ( STDERR )  job 25    Evaluation unexpectedly failed for jobset t38911983:t8CE672E5:
2025-09-17T14:58:08.7994987Z ( STDERR )  job 25    DBIx::Class::Row::store_column(): No such column 'jobset' on Hydra::Model::DB::Builds at /build/source/src/script/hydra-eval-jobset line 571
2025-09-17T14:58:08.7995483Z ( STDERR )  job 25
2025-09-17T14:58:08.7995874Z ( STDERR )  job 25    STDERR: (t38911983:t8CE672E5) Fetching input `jobs` (path) /build/yath-377-2TqxA3/tmp/otP721/cv4BJzFlGy/jobs
2025-09-17T14:58:08.7996347Z ( STDERR )  job 25    (t38911983:t8CE672E5) Evaluating...
2025-09-17T14:58:08.7996885Z ( STDERR )  job 25    DBIx::Class::Row::store_column(): No such column 'jobset' on Hydra::Model::DB::Builds at /build/source/src/script/hydra-eval-jobset line 571
2025-09-17T14:58:08.7997413Z [  FAIL  ]  job 25  +~Deleting a project with metrics
2025-09-17T14:58:08.7997842Z < REASON >  job 25    No plan was declared, and no assertions were made.
2025-09-17T14:58:08.7998185Z (  DIAG  )  job 25    Failed test 'Deleting a project with metrics'
2025-09-17T14:58:08.7998508Z (  DIAG  )  job 25    at Hydra/Controller/Project/delete.t line 73.
2025-09-17T14:58:08.7998963Z (  DIAG  )  job 25    Caught exception in subtest: Evaluating jobs/runcommand.nix should exit with return code 0.
2025-09-17T14:58:08.7999379Z [  PLAN  ]  job 25    Expected assertions: 3
2025-09-17T14:58:08.7999607Z ( MEMORY )  job 25    rss:  207164kB
2025-09-17T14:58:08.7999815Z ( MEMORY )  job 25    size: 488244kB
2025-09-17T14:58:08.8000023Z ( MEMORY )  job 25    peak: 749472kB
2025-09-17T14:58:08.8000288Z (  DIAG  )  job 25    Seeded srand with seed '20250917' from local date.
2025-09-17T14:58:08.8000597Z (  DIAG  )  job 25    Looks like you failed 2 tests of 3.
2025-09-17T14:58:08.8000883Z ( FAILED )  job 25    Hydra/Controller/Project/delete.t
2025-09-17T14:58:08.8001237Z (  TIME  )  job 25    Startup: 5.71065s | Events: 2.43246s | Cleanup: 0.28206s | Total: 8.42517s
2025-09-17T14:58:08.8001602Z < REASON >  job 25    Test script returned error (Err: 2)
2025-09-17T14:58:08.8001896Z < REASON >  job 25    Errors were encountered (Count: 2)
2025-09-17T14:58:08.8002207Z < REASON >  job 25    Assertion failures were encountered (Count: 2)
2025-09-17T14:58:08.8002548Z < REASON >  job 25    Subtest failures were encountered (Count: 2)
2025-09-17T14:58:08.8003240Z ( STDERR )  job 27    Attempt to call undefined import method with arguments ("5.70") via package "Catalyst::Runtime" (Perhaps you forgot to load the package?) at /build/source/src/lib/Hydra.pm line 10.
2025-09-17T14:58:08.8004142Z ( STDERR )  job 27    Evaluation unexpectedly failed for jobset tests:basic:
2025-09-17T14:58:08.8004748Z ( STDERR )  job 27    DBIx::Class::Row::store_column(): No such column 'project' on Hydra::Model::DB::Builds at /build/source/src/script/hydra-eval-jobset line 571
2025-09-17T14:58:08.8005247Z ( STDERR )  job 27
2025-09-17T14:58:08.8005614Z ( STDERR )  job 27    STDERR: (tests:basic) Fetching input `jobs` (path) /build/yath-377-2TqxA3/tmp/Q4dNcK/cv4BJzFlGy/jobs
2025-09-17T14:58:08.8006155Z ( STDERR )  job 27    copying input jobs from /build/yath-377-2TqxA3/tmp/Q4dNcK/cv4BJzFlGy/jobs
2025-09-17T14:58:08.8006528Z ( STDERR )  job 27    (tests:basic) Evaluating...
2025-09-17T14:58:08.8007055Z ( STDERR )  job 27    DBIx::Class::Row::store_column(): No such column 'project' on Hydra::Model::DB::Builds at /build/source/src/script/hydra-eval-jobset line 571
2025-09-17T14:58:08.8007635Z [  FAIL  ]  job 27  + Evaluating jobs/basic.nix should exit with return code 0
2025-09-17T14:58:08.8008325Z (  DIAG  )  job 27    Failed test 'Evaluating jobs/basic.nix should exit with return code 0'
2025-09-17T14:58:08.8008713Z (  DIAG  )  job 27    at Hydra/Controller/Root/narinfo.t line 29.
2025-09-17T14:58:08.8008981Z [  FAIL  ]  job 27  +~/HASH.narinfo
2025-09-17T14:58:08.8009255Z < REASON >  job 27    No plan was declared, and no assertions were made.
2025-09-17T14:58:08.8009557Z (  DIAG  )  job 27    Failed test '/HASH.narinfo'
2025-09-17T14:58:08.8009840Z (  DIAG  )  job 27    at Hydra/Controller/Root/narinfo.t line 46.
2025-09-17T14:58:08.8010282Z (  DIAG  )  job 27    Caught exception in subtest: Not a HASH reference at Hydra/Controller/Root/narinfo.t line 39.
2025-09-17T14:58:08.8010690Z [  PLAN  ]  job 27    Expected assertions: 2
2025-09-17T14:58:08.8010915Z ( MEMORY )  job 27    rss:  213628kB
2025-09-17T14:58:08.8011121Z ( MEMORY )  job 27    size: 494336kB
2025-09-17T14:58:08.8011327Z ( MEMORY )  job 27    peak: 494336kB
2025-09-17T14:58:08.8011590Z (  DIAG  )  job 27    Seeded srand with seed '20250917' from local date.
2025-09-17T14:58:08.8011900Z (  DIAG  )  job 27    Looks like you failed 2 tests of 2.
2025-09-17T14:58:08.8012180Z ( FAILED )  job 27    Hydra/Controller/Root/narinfo.t
2025-09-17T14:58:08.8012529Z (  TIME  )  job 27    Startup: 5.20183s | Events: 0.15403s | Cleanup: 0.29792s | Total: 5.65378s
2025-09-17T14:58:08.8012894Z < REASON >  job 27    Test script returned error (Err: 2)
2025-09-17T14:58:08.8013193Z < REASON >  job 27    Errors were encountered (Count: 1)
2025-09-17T14:58:08.8013509Z < REASON >  job 27    Assertion failures were encountered (Count: 2)
2025-09-17T14:58:08.8013845Z < REASON >  job 27    Subtest failures were encountered (Count: 1)
2025-09-17T14:58:08.8014537Z ( STDERR )  job 28    Attempt to call undefined import method with arguments ("5.70") via package "Catalyst::Runtime" (Perhaps you forgot to load the package?) at /build/source/src/lib/Hydra.pm line 10.
2025-09-17T14:58:08.8015275Z ( STDERR )  job 28    Evaluation unexpectedly failed for jobset t93267C77:tAEBC26B7:
2025-09-17T14:58:08.8015898Z ( STDERR )  job 28    DBIx::Class::Row::store_column(): No such column 'project' on Hydra::Model::DB::Builds at /build/source/src/script/hydra-eval-jobset line 571
2025-09-17T14:58:08.8016395Z ( STDERR )  job 28
2025-09-17T14:58:08.8016787Z ( STDERR )  job 28    STDERR: (t93267C77:tAEBC26B7) Fetching input `jobs` (path) /build/yath-377-2TqxA3/tmp/OryqNX/cv4BJzFlGy/jobs
2025-09-17T14:58:08.8017355Z ( STDERR )  job 28    copying input jobs from /build/yath-377-2TqxA3/tmp/OryqNX/cv4BJzFlGy/jobs
2025-09-17T14:58:08.8017860Z ( STDERR )  job 28    (t93267C77:tAEBC26B7) Evaluating...
2025-09-17T14:58:08.8018408Z ( STDERR )  job 28    DBIx::Class::Row::store_column(): No such column 'project' on Hydra::Model::DB::Builds at /build/source/src/script/hydra-eval-jobset line 571
2025-09-17T14:58:08.8019003Z ( STDERR )  job 28    Evaluating jobs/basic.nix should exit with return code 0.
2025-09-17T14:58:08.8019311Z ( MEMORY )  job 28    rss:  206128kB
2025-09-17T14:58:08.8019750Z ( MEMORY )  job 28    size: 487056kB
2025-09-17T14:58:08.8019968Z ( MEMORY )  job 28    peak: 487056kB
2025-09-17T14:58:08.8020207Z ( FAILED )  job 28    Hydra/Controller/Root/status.t
2025-09-17T14:58:08.8020552Z (  TIME  )  job 28    Startup: 5.61120s | Events: 0.00000s | Cleanup: 0.10218s | Total: 5.71338s
2025-09-17T14:58:08.8020950Z < REASON >  job 28    No plan was declared, and no assertions were made.
2025-09-17T14:58:08.8021651Z ( STDERR )  job 29    Attempt to call undefined import method with arguments ("5.70") via package "Catalyst::Runtime" (Perhaps you forgot to load the package?) at /build/source/src/lib/Hydra.pm line 10.
2025-09-17T14:58:08.8022385Z ( STDERR )  job 29    Evaluation unexpectedly failed for jobset t12266A8F:t79AA230B:
2025-09-17T14:58:08.8022996Z ( STDERR )  job 29    DBIx::Class::Row::store_column(): No such column 'jobset' on Hydra::Model::DB::Builds at /build/source/src/script/hydra-eval-jobset line 571
2025-09-17T14:58:08.8023490Z ( STDERR )  job 29
2025-09-17T14:58:08.8024007Z ( STDERR )  job 29    STDERR: (t12266A8F:t79AA230B) Fetching input `jobs` (path) /build/yath-377-2TqxA3/tmp/ZxihQs/cv4BJzFlGy/jobs
2025-09-17T14:58:08.8024577Z ( STDERR )  job 29    copying input jobs from /build/yath-377-2TqxA3/tmp/ZxihQs/cv4BJzFlGy/jobs
2025-09-17T14:58:08.8024958Z ( STDERR )  job 29    (t12266A8F:t79AA230B) Evaluating...
2025-09-17T14:58:08.8025490Z ( STDERR )  job 29    DBIx::Class::Row::store_column(): No such column 'jobset' on Hydra::Model::DB::Builds at /build/source/src/script/hydra-eval-jobset line 571
2025-09-17T14:58:08.8026082Z ( STDERR )  job 29    Evaluating jobs/basic.nix should exit with return code 0.
2025-09-17T14:58:08.8026390Z ( MEMORY )  job 29    rss:  206352kB
2025-09-17T14:58:08.8026592Z ( MEMORY )  job 29    size: 487352kB
2025-09-17T14:58:08.8026799Z ( MEMORY )  job 29    peak: 748828kB
2025-09-17T14:58:08.8027040Z ( FAILED )  job 29    Hydra/Controller/User/dashboard.t
2025-09-17T14:58:08.8027396Z (  TIME  )  job 29    Startup: 6.19082s | Events: 0.00000s | Cleanup: 0.15041s | Total: 6.34123s
2025-09-17T14:58:08.8027911Z < REASON >  job 29    No plan was declared, and no assertions were made.
2025-09-17T14:58:08.8028227Z ( PASSED )  job 32    Hydra/Controller/metrics.t
2025-09-17T14:58:08.8028469Z ( PASSED )  job 34    Hydra/Event.t
2025-09-17T14:58:08.8028715Z ( PASSED )  job 30    Hydra/Controller/User/ldap-legacy.t
2025-09-17T14:58:08.8028998Z ( PASSED )  job 31    Hydra/Controller/User/ldap.t
2025-09-17T14:58:08.8029347Z ( STDERR )  job 36    Evaluation unexpectedly failed for jobset t40A97EEB:t62D21756:
2025-09-17T14:58:08.8029956Z ( STDERR )  job 36    DBIx::Class::Row::store_column(): No such column 'jobset' on Hydra::Model::DB::Builds at /build/source/src/script/hydra-eval-jobset line 571
2025-09-17T14:58:08.8030447Z ( STDERR )  job 36
2025-09-17T14:58:08.8030838Z ( STDERR )  job 36    STDERR: (t40A97EEB:t62D21756) Fetching input `jobs` (path) /build/yath-377-2TqxA3/tmp/6Piztr/cv4BJzFlGy/jobs
2025-09-17T14:58:08.8031415Z ( STDERR )  job 36    copying input jobs from /build/yath-377-2TqxA3/tmp/6Piztr/cv4BJzFlGy/jobs
2025-09-17T14:58:08.8031799Z ( STDERR )  job 36    (t40A97EEB:t62D21756) Evaluating...
2025-09-17T14:58:08.8032329Z ( STDERR )  job 36    DBIx::Class::Row::store_column(): No such column 'jobset' on Hydra::Model::DB::Builds at /build/source/src/script/hydra-eval-jobset line 571
2025-09-17T14:58:08.8032918Z ( STDERR )  job 36    Evaluating jobs/basic.nix should exit with return code 0.
2025-09-17T14:58:08.8033245Z ( FAILED )  job 36    Hydra/Event/BuildQueued.t
2025-09-17T14:58:08.8033483Z (  TIME  )  job 36    Total: 4.03448s
2025-09-17T14:58:08.8033763Z < REASON >  job 36    No plan was declared, and no assertions were made.
2025-09-17T14:58:08.8034050Z [  PASS  ]  job 35  +~Parsing
2025-09-17T14:58:08.8034241Z [  PASS  ]  job 35    + empty payload
2025-09-17T14:58:08.8034476Z [  PASS  ]  job 35    + build ID should be an integer
2025-09-17T14:58:08.8034750Z [  PASS  ]  job 35    + dependent ID should be an integer
2025-09-17T14:58:08.8035205Z [  PASS  ]  job 35    + no dependent builds
2025-09-17T14:58:08.8035453Z [  PASS  ]  job 35    + one dependent build
2025-09-17T14:58:08.8035688Z [  PASS  ]  job 35    + four dependent builds
2025-09-17T14:58:08.8035924Z [  PLAN  ]  job 35    | Expected assertions: 6
2025-09-17T14:58:08.8036145Z             job 35    ^
2025-09-17T14:58:08.8036400Z ( STDERR )  job 35    Evaluation unexpectedly failed for jobset tests:basic:
2025-09-17T14:58:08.8036989Z ( STDERR )  job 35    DBIx::Class::Row::store_column(): No such column 'jobset' on Hydra::Model::DB::Builds at /build/source/src/script/hydra-eval-jobset line 571
2025-09-17T14:58:08.8037477Z ( STDERR )  job 35
2025-09-17T14:58:08.8038019Z ( STDERR )  job 35    STDERR: (tests:basic) Fetching input `jobs` (path) /build/yath-377-2TqxA3/tmp/zZ74QV/cv4BJzFlGy/jobs
2025-09-17T14:58:08.8038563Z ( STDERR )  job 35    copying input jobs from /build/yath-377-2TqxA3/tmp/zZ74QV/cv4BJzFlGy/jobs
2025-09-17T14:58:08.8038939Z ( STDERR )  job 35    (tests:basic) Evaluating...
2025-09-17T14:58:08.8039585Z ( STDERR )  job 35    DBIx::Class::Row::store_column(): No such column 'jobset' on Hydra::Model::DB::Builds at /build/source/src/script/hydra-eval-jobset line 571
2025-09-17T14:58:08.8040163Z [  FAIL  ]  job 35  + Evaluating jobs/basic.nix should exit with return code 0
2025-09-17T14:58:08.8040580Z (  DIAG  )  job 35    Failed test 'Evaluating jobs/basic.nix should exit with return code 0'
2025-09-17T14:58:08.8040956Z (  DIAG  )  job 35    at Hydra/Event/BuildFinished.t line 54.
2025-09-17T14:58:08.8041284Z [  FAIL  ]  job 35  + Evaluating jobs/basic.nix should result in 3 builds
2025-09-17T14:58:08.8041610Z [  DEBUG ]  job 35    Hydra/Event/BuildFinished.t line 55
2025-09-17T14:58:08.8041870Z (  DIAG  )  job 35    +-----+----+-------+
2025-09-17T14:58:08.8042087Z (  DIAG  )  job 35    | GOT | OP | CHECK |
2025-09-17T14:58:08.8042308Z (  DIAG  )  job 35    +-----+----+-------+
2025-09-17T14:58:08.8042521Z (  DIAG  )  job 35    | 0   | eq | 3     |
2025-09-17T14:58:08.8042741Z (  DIAG  )  job 35    +-----+----+-------+
2025-09-17T14:58:08.8042956Z [  PASS  ]  job 35  +~interested
2025-09-17T14:58:08.8043201Z [  PASS  ]  job 35    +~A plugin which does not implement the API
2025-09-17T14:58:08.8043496Z [  PASS  ]  job 35    | + The plugin is not interesting.
2025-09-17T14:58:08.8043765Z [  PLAN  ]  job 35    | | Expected assertions: 1
2025-09-17T14:58:08.8043993Z             job 35    | ^
2025-09-17T14:58:08.8044212Z [  PASS  ]  job 35    +~A plugin which does implement the API
2025-09-17T14:58:08.8044493Z [  PASS  ]  job 35    | + The plugin is interesting.
2025-09-17T14:58:08.8044756Z [  PLAN  ]  job 35    | | Expected assertions: 1
2025-09-17T14:58:08.8044983Z             job 35    | ^
2025-09-17T14:58:08.8045175Z [  PLAN  ]  job 35    | Expected assertions: 2
2025-09-17T14:58:08.8045401Z             job 35    ^
2025-09-17T14:58:08.8045567Z [  FAIL  ]  job 35  +~load
2025-09-17T14:58:08.8045816Z < REASON >  job 35    No plan was declared, and no assertions were made.
2025-09-17T14:58:08.8046114Z (  DIAG  )  job 35    Failed test 'load'
2025-09-17T14:58:08.8046375Z (  DIAG  )  job 35    at Hydra/Event/BuildFinished.t line 113.
2025-09-17T14:58:08.8046862Z (  DIAG  )  job 35    Caught exception in subtest: Can't call method "id" on an undefined value at Hydra/Event/BuildFinished.t line 85.
2025-09-17T14:58:08.8047314Z [  PLAN  ]  job 35    Expected assertions: 5
2025-09-17T14:58:08.8047545Z ( MEMORY )  job 35    rss:  83012kB
2025-09-17T14:58:08.8047901Z ( MEMORY )  job 35    size: 323416kB
2025-09-17T14:58:08.8048108Z ( MEMORY )  job 35    peak: 323416kB
2025-09-17T14:58:08.8048373Z (  DIAG  )  job 35    Seeded srand with seed '20250917' from local date.
2025-09-17T14:58:08.8048671Z ( FAILED )  job 35    Hydra/Event/BuildFinished.t
2025-09-17T14:58:08.8049014Z (  TIME  )  job 35    Startup: 2.56741s | Events: 1.89055s | Cleanup: 0.16650s | Total: 4.62446s
2025-09-17T14:58:08.8049383Z < REASON >  job 35    Test script returned error (Err: 3)
2025-09-17T14:58:08.8049871Z < REASON >  job 35    Errors were encountered (Count: 1)
2025-09-17T14:58:08.8050203Z < REASON >  job 35    Assertion failures were encountered (Count: 3)
2025-09-17T14:58:08.8050543Z < REASON >  job 35    Subtest failures were encountered (Count: 1)
2025-09-17T14:58:08.8050907Z ( STDERR )  job 37    Evaluation unexpectedly failed for jobset tests:basic:
2025-09-17T14:58:08.8051505Z ( STDERR )  job 37    DBIx::Class::Row::store_column(): No such column 'jobset' on Hydra::Model::DB::Builds at /build/source/src/script/hydra-eval-jobset line 571
2025-09-17T14:58:08.8052003Z ( STDERR )  job 37
2025-09-17T14:58:08.8052375Z ( STDERR )  job 37    STDERR: (tests:basic) Fetching input `jobs` (path) /build/yath-377-2TqxA3/tmp/ujnkZM/cv4BJzFlGy/jobs
2025-09-17T14:58:08.8052920Z ( STDERR )  job 37    copying input jobs from /build/yath-377-2TqxA3/tmp/ujnkZM/cv4BJzFlGy/jobs
2025-09-17T14:58:08.8053294Z ( STDERR )  job 37    (tests:basic) Evaluating...
2025-09-17T14:58:08.8053819Z ( STDERR )  job 37    DBIx::Class::Row::store_column(): No such column 'jobset' on Hydra::Model::DB::Builds at /build/source/src/script/hydra-eval-jobset line 571
2025-09-17T14:58:08.8054510Z [  FAIL  ]  job 37  + Evaluating jobs/basic.nix should exit with return code 0
2025-09-17T14:58:08.8054931Z (  DIAG  )  job 37    Failed test 'Evaluating jobs/basic.nix should exit with return code 0'
2025-09-17T14:58:08.8055311Z (  DIAG  )  job 37    at Hydra/Event/BuildStarted.t line 21.
2025-09-17T14:58:08.8055631Z [  FAIL  ]  job 37  + Evaluating jobs/basic.nix should result in 3 builds
2025-09-17T14:58:08.8055959Z [  DEBUG ]  job 37    Hydra/Event/BuildStarted.t line 22
2025-09-17T14:58:08.8056217Z (  DIAG  )  job 37    +-----+----+-------+
2025-09-17T14:58:08.8056434Z (  DIAG  )  job 37    | GOT | OP | CHECK |
2025-09-17T14:58:08.8056657Z (  DIAG  )  job 37    +-----+----+-------+
2025-09-17T14:58:08.8056881Z (  DIAG  )  job 37    | 0   | eq | 3     |
2025-09-17T14:58:08.8057096Z (  DIAG  )  job 37    +-----+----+-------+
2025-09-17T14:58:08.8057328Z [  PASS  ]  job 37  +~Parsing build_started
2025-09-17T14:58:08.8057557Z [  PASS  ]  job 37    + empty payload
2025-09-17T14:58:08.8057903Z [  PASS  ]  job 37    + two arguments
2025-09-17T14:58:08.8058109Z [  PASS  ]  job 37    + not an integer
2025-09-17T14:58:08.8058322Z [  PASS  ]  job 37    + Valid parse
2025-09-17T14:58:08.8058543Z [  PLAN  ]  job 37    | Expected assertions: 4
2025-09-17T14:58:08.8058760Z             job 37    ^
2025-09-17T14:58:08.8058931Z [  PASS  ]  job 37  +~interested
2025-09-17T14:58:08.8059180Z [  PASS  ]  job 37    +~A plugin which does not implement the API
2025-09-17T14:58:08.8059478Z [  PASS  ]  job 37    | + The plugin is not interesting.
2025-09-17T14:58:08.8059748Z [  PLAN  ]  job 37    | | Expected assertions: 1
2025-09-17T14:58:08.8059976Z             job 37    | ^
2025-09-17T14:58:08.8060195Z [  PASS  ]  job 37    +~A plugin which does implement the API
2025-09-17T14:58:08.8060478Z [  PASS  ]  job 37    | + The plugin is interesting.
2025-09-17T14:58:08.8060749Z [  PLAN  ]  job 37    | | Expected assertions: 1
2025-09-17T14:58:08.8060976Z             job 37    | ^
2025-09-17T14:58:08.8061166Z [  PLAN  ]  job 37    | Expected assertions: 2
2025-09-17T14:58:08.8061390Z             job 37    ^
2025-09-17T14:58:08.8061558Z [  FAIL  ]  job 37  +~load
2025-09-17T14:58:08.8061806Z < REASON >  job 37    No plan was declared, and no assertions were made.
2025-09-17T14:58:08.8062101Z (  DIAG  )  job 37    Failed test 'load'
2025-09-17T14:58:08.8062361Z (  DIAG  )  job 37    at Hydra/Event/BuildStarted.t line 98.
2025-09-17T14:58:08.8062834Z (  DIAG  )  job 37    Caught exception in subtest: Can't call method "id" on an undefined value at Hydra/Event/BuildStarted.t line 76.
2025-09-17T14:58:08.8063293Z [  PLAN  ]  job 37    Expected assertions: 5
2025-09-17T14:58:08.8063523Z ( MEMORY )  job 37    rss:  82888kB
2025-09-17T14:58:08.8063732Z ( MEMORY )  job 37    size: 323404kB
2025-09-17T14:58:08.8063938Z ( MEMORY )  job 37    peak: 323404kB
2025-09-17T14:58:08.8064447Z (  DIAG  )  job 37    Seeded srand with seed '20250917' from local date.
2025-09-17T14:58:08.8064769Z ( FAILED )  job 37    Hydra/Event/BuildStarted.t
2025-09-17T14:58:08.8065110Z (  TIME  )  job 37    Startup: 3.87564s | Events: 0.01159s | Cleanup: 0.17694s | Total: 4.06417s
2025-09-17T14:58:08.8065478Z < REASON >  job 37    Test script returned error (Err: 3)
2025-09-17T14:58:08.8065771Z < REASON >  job 37    Errors were encountered (Count: 1)
2025-09-17T14:58:08.8066086Z < REASON >  job 37    Assertion failures were encountered (Count: 3)
2025-09-17T14:58:08.8066422Z < REASON >  job 37    Subtest failures were encountered (Count: 1)
2025-09-17T14:58:08.8066725Z ( PASSED )  job 33    Hydra/Controller/projects.t
2025-09-17T14:58:08.8066970Z [  PASS  ]  job 38  +~Parsing
2025-09-17T14:58:08.8067163Z [  PASS  ]  job 38    + empty payload
2025-09-17T14:58:08.8067393Z [  PASS  ]  job 38    + missing the build ID
2025-09-17T14:58:08.8067627Z [  PASS  ]  job 38    + too many arguments
2025-09-17T14:58:08.8068210Z [  PASS  ]  job 38    + evaluation ID should be an integer
2025-09-17T14:58:08.8068490Z [  PASS  ]  job 38    + build ID should be an integer
2025-09-17T14:58:08.8068745Z [  PASS  ]  job 38    + one dependent build
2025-09-17T14:58:08.8068987Z [  PLAN  ]  job 38    | Expected assertions: 6
2025-09-17T14:58:08.8069205Z             job 38    ^
2025-09-17T14:58:08.8069463Z ( STDERR )  job 38    Evaluation unexpectedly failed for jobset tests:basic:
2025-09-17T14:58:08.8070065Z ( STDERR )  job 38    DBIx::Class::Row::store_column(): No such column 'project' on Hydra::Model::DB::Builds at /build/source/src/script/hydra-eval-jobset line 571
2025-09-17T14:58:08.8070562Z ( STDERR )  job 38
2025-09-17T14:58:08.8070933Z ( STDERR )  job 38    STDERR: (tests:basic) Fetching input `jobs` (path) /build/yath-377-2TqxA3/tmp/mHXyN7/cv4BJzFlGy/jobs
2025-09-17T14:58:08.8071478Z ( STDERR )  job 38    copying input jobs from /build/yath-377-2TqxA3/tmp/mHXyN7/cv4BJzFlGy/jobs
2025-09-17T14:58:08.8071852Z ( STDERR )  job 38    (tests:basic) Evaluating...
2025-09-17T14:58:08.8072386Z ( STDERR )  job 38    DBIx::Class::Row::store_column(): No such column 'project' on Hydra::Model::DB::Builds at /build/source/src/script/hydra-eval-jobset line 571
2025-09-17T14:58:08.8072977Z [  FAIL  ]  job 38  + Evaluating jobs/basic.nix should exit with return code 0
2025-09-17T14:58:08.8073398Z (  DIAG  )  job 38    Failed test 'Evaluating jobs/basic.nix should exit with return code 0'
2025-09-17T14:58:08.8073838Z (  DIAG  )  job 38    at Hydra/Event/CachedBuildFinished.t line 55.
2025-09-17T14:58:08.8074179Z [  FAIL  ]  job 38  + Evaluating jobs/basic.nix should result in 3 builds
2025-09-17T14:58:08.8074519Z [  DEBUG ]  job 38    Hydra/Event/CachedBuildFinished.t line 56
2025-09-17T14:58:08.8074798Z (  DIAG  )  job 38    +-----+----+-------+
2025-09-17T14:58:08.8075016Z (  DIAG  )  job 38    | GOT | OP | CHECK |
2025-09-17T14:58:08.8075235Z (  DIAG  )  job 38    +-----+----+-------+
2025-09-17T14:58:08.8075451Z (  DIAG  )  job 38    | 0   | eq | 3     |
2025-09-17T14:58:08.8075672Z (  DIAG  )  job 38    +-----+----+-------+
2025-09-17T14:58:08.8075887Z [  PASS  ]  job 38  +~interested
2025-09-17T14:58:08.8076136Z [  PASS  ]  job 38    +~A plugin which does not implement the API
2025-09-17T14:58:08.8076435Z [  PASS  ]  job 38    | + The plugin is not interesting.
2025-09-17T14:58:08.8076701Z [  PLAN  ]  job 38    | | Expected assertions: 1
2025-09-17T14:58:08.8076931Z             job 38    | ^
2025-09-17T14:58:08.8077152Z [  PASS  ]  job 38    +~A plugin which does implement the API
2025-09-17T14:58:08.8077435Z [  PASS  ]  job 38    | + The plugin is interesting.
2025-09-17T14:58:08.8077813Z [  PLAN  ]  job 38    | | Expected assertions: 1
2025-09-17T14:58:08.8078058Z             job 38    | ^
2025-09-17T14:58:08.8078252Z [  PLAN  ]  job 38    | Expected assertions: 2
2025-09-17T14:58:08.8078479Z             job 38    ^
2025-09-17T14:58:08.8078646Z [  FAIL  ]  job 38  +~load
2025-09-17T14:58:08.8078899Z < REASON >  job 38    No plan was declared, and no assertions were made.
2025-09-17T14:58:08.8079428Z (  DIAG  )  job 38    Failed test 'load'
2025-09-17T14:58:08.8079717Z (  DIAG  )  job 38    at Hydra/Event/CachedBuildFinished.t line 109.
2025-09-17T14:58:08.8080270Z (  DIAG  )  job 38    Caught exception in subtest: Can't call method "jobsetevals" on an undefined value at Hydra/Event/CachedBuildFinished.t line 82.
2025-09-17T14:58:08.8080775Z [  PLAN  ]  job 38    Expected assertions: 5
2025-09-17T14:58:08.8081003Z ( MEMORY )  job 38    rss:  82792kB
2025-09-17T14:58:08.8081209Z ( MEMORY )  job 38    size: 323404kB
2025-09-17T14:58:08.8081412Z ( MEMORY )  job 38    peak: 323416kB
2025-09-17T14:58:08.8081675Z (  DIAG  )  job 38    Seeded srand with seed '20250917' from local date.
2025-09-17T14:58:08.8081987Z ( FAILED )  job 38    Hydra/Event/CachedBuildFinished.t
2025-09-17T14:58:08.8082346Z (  TIME  )  job 38    Startup: 2.64066s | Events: 1.54711s | Cleanup: 0.21019s | Total: 4.39796s
2025-09-17T14:58:08.8082712Z < REASON >  job 38    Test script returned error (Err: 3)
2025-09-17T14:58:08.8083133Z < REASON >  job 38    Errors were encountered (Count: 1)
2025-09-17T14:58:08.8083450Z < REASON >  job 38    Assertion failures were encountered (Count: 3)
2025-09-17T14:58:08.8083789Z < REASON >  job 38    Subtest failures were encountered (Count: 1)
2025-09-17T14:58:08.8084067Z [  PASS  ]  job 39  +~Parsing
2025-09-17T14:58:08.8084263Z [  PASS  ]  job 39    + empty payload
2025-09-17T14:58:08.8084483Z [  PASS  ]  job 39    + missing the build ID
2025-09-17T14:58:08.8084721Z [  PASS  ]  job 39    + too many arguments
2025-09-17T14:58:08.8084973Z [  PASS  ]  job 39    + evaluation ID should be an integer
2025-09-17T14:58:08.8085248Z [  PASS  ]  job 39    + build ID should be an integer
2025-09-17T14:58:08.8085496Z [  PASS  ]  job 39    + one dependent build
2025-09-17T14:58:08.8085734Z [  PLAN  ]  job 39    | Expected assertions: 6
2025-09-17T14:58:08.8085956Z             job 39    ^
2025-09-17T14:58:08.8086210Z ( STDERR )  job 39    Evaluation unexpectedly failed for jobset tests:basic:
2025-09-17T14:58:08.8086813Z ( STDERR )  job 39    DBIx::Class::Row::store_column(): No such column 'jobset' on Hydra::Model::DB::Builds at /build/source/src/script/hydra-eval-jobset line 571
2025-09-17T14:58:08.8087309Z ( STDERR )  job 39
2025-09-17T14:58:08.8087809Z ( STDERR )  job 39    STDERR: (tests:basic) Fetching input `jobs` (path) /build/yath-377-2TqxA3/tmp/irKIN3/cv4BJzFlGy/jobs
2025-09-17T14:58:08.8088364Z ( STDERR )  job 39    copying input jobs from /build/yath-377-2TqxA3/tmp/irKIN3/cv4BJzFlGy/jobs
2025-09-17T14:58:08.8088736Z ( STDERR )  job 39    (tests:basic) Evaluating...
2025-09-17T14:58:08.8089262Z ( STDERR )  job 39    DBIx::Class::Row::store_column(): No such column 'jobset' on Hydra::Model::DB::Builds at /build/source/src/script/hydra-eval-jobset line 571
2025-09-17T14:58:08.8089846Z [  FAIL  ]  job 39  + Evaluating jobs/basic.nix should exit with return code 0
2025-09-17T14:58:08.8090262Z (  DIAG  )  job 39    Failed test 'Evaluating jobs/basic.nix should exit with return code 0'
2025-09-17T14:58:08.8090658Z (  DIAG  )  job 39    at Hydra/Event/CachedBuildQueued.t line 55.
2025-09-17T14:58:08.8090993Z [  FAIL  ]  job 39  + Evaluating jobs/basic.nix should result in 3 builds
2025-09-17T14:58:08.8091325Z [  DEBUG ]  job 39    Hydra/Event/CachedBuildQueued.t line 56
2025-09-17T14:58:08.8091595Z (  DIAG  )  job 39    +-----+----+-------+
2025-09-17T14:58:08.8091814Z (  DIAG  )  job 39    | GOT | OP | CHECK |
2025-09-17T14:58:08.8092028Z (  DIAG  )  job 39    +-----+----+-------+
2025-09-17T14:58:08.8092243Z (  DIAG  )  job 39    | 0   | eq | 3     |
2025-09-17T14:58:08.8092460Z (  DIAG  )  job 39    +-----+----+-------+
2025-09-17T14:58:08.8092673Z [  PASS  ]  job 39  +~interested
2025-09-17T14:58:08.8092915Z [  PASS  ]  job 39    +~A plugin which does not implement the API
2025-09-17T14:58:08.8093214Z [  PASS  ]  job 39    | + The plugin is not interesting.
2025-09-17T14:58:08.8093479Z [  PLAN  ]  job 39    | | Expected assertions: 1
2025-09-17T14:58:08.8093710Z             job 39    | ^
2025-09-17T14:58:08.8094150Z [  PASS  ]  job 39    +~A plugin which does implement the API
2025-09-17T14:58:08.8094452Z [  PASS  ]  job 39    | + The plugin is interesting.
2025-09-17T14:58:08.8094706Z [  PLAN  ]  job 39    | | Expected assertions: 1
2025-09-17T14:58:08.8094934Z             job 39    | ^
2025-09-17T14:58:08.8095124Z [  PLAN  ]  job 39    | Expected assertions: 2
2025-09-17T14:58:08.8095344Z             job 39    ^
2025-09-17T14:58:08.8095506Z [  FAIL  ]  job 39  +~load
2025-09-17T14:58:08.8095756Z < REASON >  job 39    No plan was declared, and no assertions were made.
2025-09-17T14:58:08.8096047Z (  DIAG  )  job 39    Failed test 'load'
2025-09-17T14:58:08.8096310Z (  DIAG  )  job 39    at Hydra/Event/CachedBuildQueued.t line 109.
2025-09-17T14:58:08.8096847Z (  DIAG  )  job 39    Caught exception in subtest: Can't call method "jobsetevals" on an undefined value at Hydra/Event/CachedBuildQueued.t line 82.
2025-09-17T14:58:08.8097349Z [  PLAN  ]  job 39    Expected assertions: 5
2025-09-17T14:58:08.8097811Z ( MEMORY )  job 39    rss:  83020kB
2025-09-17T14:58:08.8098021Z ( MEMORY )  job 39    size: 323404kB
2025-09-17T14:58:08.8098228Z ( MEMORY )  job 39    peak: 323416kB
2025-09-17T14:58:08.8098486Z (  DIAG  )  job 39    Seeded srand with seed '20250917' from local date.
2025-09-17T14:58:08.8098789Z ( FAILED )  job 39    Hydra/Event/CachedBuildQueued.t
2025-09-17T14:58:08.8099143Z (  TIME  )  job 39    Startup: 2.97409s | Events: 1.39344s | Cleanup: 0.16698s | Total: 4.53451s
2025-09-17T14:58:08.8099511Z < REASON >  job 39    Test script returned error (Err: 3)
2025-09-17T14:58:08.8099801Z < REASON >  job 39    Errors were encountered (Count: 1)
2025-09-17T14:58:08.8100118Z < REASON >  job 39    Assertion failures were encountered (Count: 3)
2025-09-17T14:58:08.8100456Z < REASON >  job 39    Subtest failures were encountered (Count: 1)
2025-09-17T14:58:08.8100838Z ( STDERR )  job 40    Evaluation unexpectedly failed for jobset t496E1417:t89C6FE62:
2025-09-17T14:58:08.8101456Z ( STDERR )  job 40    DBIx::Class::Row::store_column(): No such column 'jobset' on Hydra::Model::DB::Builds at /build/source/src/script/hydra-eval-jobset line 571
2025-09-17T14:58:08.8101949Z ( STDERR )  job 40
2025-09-17T14:58:08.8102341Z ( STDERR )  job 40    STDERR: (t496E1417:t89C6FE62) Fetching input `jobs` (path) /build/yath-377-2TqxA3/tmp/fasTYP/cv4BJzFlGy/jobs
2025-09-17T14:58:08.8102907Z ( STDERR )  job 40    copying input jobs from /build/yath-377-2TqxA3/tmp/fasTYP/cv4BJzFlGy/jobs
2025-09-17T14:58:08.8103290Z ( STDERR )  job 40    (t496E1417:t89C6FE62) Evaluating...
2025-09-17T14:58:08.8103828Z ( STDERR )  job 40    DBIx::Class::Row::store_column(): No such column 'jobset' on Hydra::Model::DB::Builds at /build/source/src/script/hydra-eval-jobset line 571
2025-09-17T14:58:08.8104414Z ( STDERR )  job 40    Evaluating jobs/basic.nix should exit with return code 0.
2025-09-17T14:58:08.8104737Z ( FAILED )  job 40    Hydra/Event/EvalAdded.t
2025-09-17T14:58:08.8104971Z (  TIME  )  job 40    Total: 4.51954s
2025-09-17T14:58:08.8105254Z < REASON >  job 40    No plan was declared, and no assertions were made.
2025-09-17T14:58:08.8105648Z ( STDERR )  job 41    Evaluation unexpectedly failed for jobset t8C1788E1:t07F7D3A5:
2025-09-17T14:58:08.8106255Z ( STDERR )  job 41    DBIx::Class::Row::store_column(): No such column 'jobset' on Hydra::Model::DB::Builds at /build/source/src/script/hydra-eval-jobset line 571
2025-09-17T14:58:08.8106747Z ( STDERR )  job 41
2025-09-17T14:58:08.8107143Z ( STDERR )  job 41    STDERR: (t8C1788E1:t07F7D3A5) Fetching input `jobs` (path) /build/yath-377-2TqxA3/tmp/H6fuxa/cv4BJzFlGy/jobs
2025-09-17T14:58:08.8107809Z ( STDERR )  job 41    copying input jobs from /build/yath-377-2TqxA3/tmp/H6fuxa/cv4BJzFlGy/jobs
2025-09-17T14:58:08.8108209Z ( STDERR )  job 41    (t8C1788E1:t07F7D3A5) Evaluating...
2025-09-17T14:58:08.8108745Z ( STDERR )  job 41    DBIx::Class::Row::store_column(): No such column 'jobset' on Hydra::Model::DB::Builds at /build/source/src/script/hydra-eval-jobset line 571
2025-09-17T14:58:08.8109563Z ( STDERR )  job 41    Evaluating jobs/basic.nix should exit with return code 0.
2025-09-17T14:58:08.8109902Z ( FAILED )  job 41    Hydra/Event/EvalCached.t
2025-09-17T14:58:08.8110137Z (  TIME  )  job 41    Total: 4.37937s
2025-09-17T14:58:08.8110414Z < REASON >  job 41    No plan was declared, and no assertions were made.
2025-09-17T14:58:08.8110809Z ( STDERR )  job 42    Evaluation unexpectedly failed for jobset tC84C8D4F:tCD22F0C3:
2025-09-17T14:58:08.8111426Z ( STDERR )  job 42    DBIx::Class::Row::store_column(): No such column 'project' on Hydra::Model::DB::Builds at /build/source/src/script/hydra-eval-jobset line 571
2025-09-17T14:58:08.8111924Z ( STDERR )  job 42
2025-09-17T14:58:08.8112318Z ( STDERR )  job 42    STDERR: (tC84C8D4F:tCD22F0C3) Fetching input `jobs` (path) /build/yath-377-2TqxA3/tmp/qAAK6m/cv4BJzFlGy/jobs
2025-09-17T14:58:08.8112882Z ( STDERR )  job 42    copying input jobs from /build/yath-377-2TqxA3/tmp/qAAK6m/cv4BJzFlGy/jobs
2025-09-17T14:58:08.8113396Z ( STDERR )  job 42    (tC84C8D4F:tCD22F0C3) Evaluating...
2025-09-17T14:58:08.8113939Z ( STDERR )  job 42    DBIx::Class::Row::store_column(): No such column 'project' on Hydra::Model::DB::Builds at /build/source/src/script/hydra-eval-jobset line 571
2025-09-17T14:58:08.8114538Z ( STDERR )  job 42    Evaluating jobs/basic.nix should exit with return code 0.
2025-09-17T14:58:08.8114862Z ( FAILED )  job 42    Hydra/Event/EvalFailed.t
2025-09-17T14:58:08.8115098Z (  TIME  )  job 42    Total: 4.52100s
2025-09-17T14:58:08.8115371Z < REASON >  job 42    No plan was declared, and no assertions were made.
2025-09-17T14:58:08.8115765Z ( STDERR )  job 45    Evaluation unexpectedly failed for jobset tB34753CD:t00FF4671:
2025-09-17T14:58:08.8116373Z ( STDERR )  job 45    DBIx::Class::Row::store_column(): No such column 'jobset' on Hydra::Model::DB::Builds at /build/source/src/script/hydra-eval-jobset line 571
2025-09-17T14:58:08.8116867Z ( STDERR )  job 45
2025-09-17T14:58:08.8117262Z ( STDERR )  job 45    STDERR: (tB34753CD:t00FF4671) Fetching input `jobs` (path) /build/yath-377-2TqxA3/tmp/SJpa0m/cv4BJzFlGy/jobs
2025-09-17T14:58:08.8118018Z ( STDERR )  job 45    copying input jobs from /build/yath-377-2TqxA3/tmp/SJpa0m/cv4BJzFlGy/jobs
2025-09-17T14:58:08.8118412Z ( STDERR )  job 45    (tB34753CD:t00FF4671) Evaluating...
2025-09-17T14:58:08.8118949Z ( STDERR )  job 45    DBIx::Class::Row::store_column(): No such column 'jobset' on Hydra::Model::DB::Builds at /build/source/src/script/hydra-eval-jobset line 571
2025-09-17T14:58:08.8119537Z ( STDERR )  job 45    Evaluating jobs/basic.nix should exit with return code 0.
2025-09-17T14:58:08.8119859Z ( FAILED )  job 45    Hydra/Helper/BuildDiff.t
2025-09-17T14:58:08.8120099Z (  TIME  )  job 45    Total: 4.49933s
2025-09-17T14:58:08.8120374Z < REASON >  job 45    No plan was declared, and no assertions were made.
2025-09-17T14:58:08.8120739Z ( STDERR )  job 44    Evaluation unexpectedly failed for jobset tests:basic:
2025-09-17T14:58:08.8121342Z ( STDERR )  job 44    DBIx::Class::Row::store_column(): No such column 'project' on Hydra::Model::DB::Builds at /build/source/src/script/hydra-eval-jobset line 571
2025-09-17T14:58:08.8121842Z ( STDERR )  job 44
2025-09-17T14:58:08.8122211Z ( STDERR )  job 44    STDERR: (tests:basic) Fetching input `jobs` (path) /build/yath-377-2TqxA3/tmp/tCikBN/cv4BJzFlGy/jobs
2025-09-17T14:58:08.8122750Z ( STDERR )  job 44    copying input jobs from /build/yath-377-2TqxA3/tmp/tCikBN/cv4BJzFlGy/jobs
2025-09-17T14:58:08.8123124Z ( STDERR )  job 44    (tests:basic) Evaluating...
2025-09-17T14:58:08.8123654Z ( STDERR )  job 44    DBIx::Class::Row::store_column(): No such column 'project' on Hydra::Model::DB::Builds at /build/source/src/script/hydra-eval-jobset line 571
2025-09-17T14:58:08.8124239Z [  FAIL  ]  job 44  + Evaluating jobs/basic.nix should exit with return code 0
2025-09-17T14:58:08.8124653Z (  DIAG  )  job 44    Failed test 'Evaluating jobs/basic.nix should exit with return code 0'
2025-09-17T14:58:08.8125246Z (  DIAG  )  job 44    at Hydra/Event/StepFinished.t line 21.
2025-09-17T14:58:08.8125589Z [  FAIL  ]  job 44  + Evaluating jobs/basic.nix should result in 3 builds
2025-09-17T14:58:08.8125911Z [  DEBUG ]  job 44    Hydra/Event/StepFinished.t line 22
2025-09-17T14:58:08.8126162Z (  DIAG  )  job 44    +-----+----+-------+
2025-09-17T14:58:08.8126381Z (  DIAG  )  job 44    | GOT | OP | CHECK |
2025-09-17T14:58:08.8126605Z (  DIAG  )  job 44    +-----+----+-------+
2025-09-17T14:58:08.8126818Z (  DIAG  )  job 44    | 0   | eq | 3     |
2025-09-17T14:58:08.8127034Z (  DIAG  )  job 44    +-----+----+-------+
2025-09-17T14:58:08.8127261Z [  PASS  ]  job 44  +~Parsing step_finished
2025-09-17T14:58:08.8127486Z [  PASS  ]  job 44    + empty payload
2025-09-17T14:58:08.8127832Z [  PASS  ]  job 44    + one argument
2025-09-17T14:58:08.8128047Z [  PASS  ]  job 44    + two arguments
2025-09-17T14:58:08.8128263Z [  PASS  ]  job 44    + four arguments
2025-09-17T14:58:08.8128501Z [  PASS  ]  job 44    + not an integer: first position
2025-09-17T14:58:08.8128982Z [  PASS  ]  job 44    + not an integer: second argument
2025-09-17T14:58:08.8129236Z [  PASS  ]  job 44    + <UNNAMED ASSERTION>
2025-09-17T14:58:08.8129473Z [  PLAN  ]  job 44    | Expected assertions: 7
2025-09-17T14:58:08.8129696Z             job 44    ^
2025-09-17T14:58:08.8130111Z ( STDERR )  job 44    Use of uninitialized value $log_path in string eq at /build/source/src/lib/Hydra/Event/StepFinished.pm line 27.
2025-09-17T14:58:08.8130561Z [  PASS  ]  job 44  +~interested
2025-09-17T14:58:08.8130807Z [  PASS  ]  job 44    +~A plugin which does not implement the API
2025-09-17T14:58:08.8131106Z [  PASS  ]  job 44    | + The plugin is not interesting.
2025-09-17T14:58:08.8131368Z [  PLAN  ]  job 44    | | Expected assertions: 1
2025-09-17T14:58:08.8131595Z             job 44    | ^
2025-09-17T14:58:08.8131813Z [  PASS  ]  job 44    +~A plugin which does implement the API
2025-09-17T14:58:08.8132097Z [  PASS  ]  job 44    | + The plugin is interesting.
2025-09-17T14:58:08.8132361Z [  PLAN  ]  job 44    | | Expected assertions: 1
2025-09-17T14:58:08.8132587Z             job 44    | ^
2025-09-17T14:58:08.8132780Z [  PLAN  ]  job 44    | Expected assertions: 2
2025-09-17T14:58:08.8132997Z             job 44    ^
2025-09-17T14:58:08.8133159Z [  FAIL  ]  job 44  +~load
2025-09-17T14:58:08.8133411Z < REASON >  job 44    No plan was declared, and no assertions were made.
2025-09-17T14:58:08.8133702Z (  DIAG  )  job 44    Failed test 'load'
2025-09-17T14:58:08.8133962Z (  DIAG  )  job 44    at Hydra/Event/StepFinished.t line 122.
2025-09-17T14:58:08.8134454Z (  DIAG  )  job 44    Caught exception in subtest: Can't call method "build" on an undefined value at Hydra/Event/StepFinished.t line 95.
2025-09-17T14:58:08.8134919Z [  PLAN  ]  job 44    Expected assertions: 5
2025-09-17T14:58:08.8135143Z ( MEMORY )  job 44    rss:  82636kB
2025-09-17T14:58:08.8135352Z ( MEMORY )  job 44    size: 323368kB
2025-09-17T14:58:08.8135563Z ( MEMORY )  job 44    peak: 323368kB
2025-09-17T14:58:08.8135832Z (  DIAG  )  job 44    Seeded srand with seed '20250917' from local date.
2025-09-17T14:58:08.8136135Z ( FAILED )  job 44    Hydra/Event/StepFinished.t
2025-09-17T14:58:08.8136483Z (  TIME  )  job 44    Startup: 4.43284s | Events: 0.01315s | Cleanup: 0.16712s | Total: 4.61311s
2025-09-17T14:58:08.8136852Z < REASON >  job 44    Test script returned error (Err: 3)
2025-09-17T14:58:08.8137143Z < REASON >  job 44    Errors were encountered (Count: 1)
2025-09-17T14:58:08.8137463Z < REASON >  job 44    Assertion failures were encountered (Count: 3)
2025-09-17T14:58:08.8137975Z < REASON >  job 44    Subtest failures were encountered (Count: 1)
2025-09-17T14:58:08.8138361Z ( STDERR )  job 43    Evaluation unexpectedly failed for jobset tD98AEDFF:t517F78F3:
2025-09-17T14:58:08.8138986Z ( STDERR )  job 43    DBIx::Class::Row::store_column(): No such column 'project' on Hydra::Model::DB::Builds at /build/source/src/script/hydra-eval-jobset line 571
2025-09-17T14:58:08.8139484Z ( STDERR )  job 43
2025-09-17T14:58:08.8140138Z ( STDERR )  job 43    STDERR: (tD98AEDFF:t517F78F3) Fetching input `jobs` (path) /build/yath-377-2TqxA3/tmp/IDGm3k/cv4BJzFlGy/jobs
2025-09-17T14:58:08.8140722Z ( STDERR )  job 43    copying input jobs from /build/yath-377-2TqxA3/tmp/IDGm3k/cv4BJzFlGy/jobs
2025-09-17T14:58:08.8141138Z ( STDERR )  job 43    (tD98AEDFF:t517F78F3) Evaluating...
2025-09-17T14:58:08.8141680Z ( STDERR )  job 43    DBIx::Class::Row::store_column(): No such column 'project' on Hydra::Model::DB::Builds at /build/source/src/script/hydra-eval-jobset line 571
2025-09-17T14:58:08.8142272Z ( STDERR )  job 43    Evaluating jobs/basic.nix should exit with return code 0.
2025-09-17T14:58:08.8142597Z ( FAILED )  job 43    Hydra/Event/EvalStarted.t
2025-09-17T14:58:08.8142833Z (  TIME  )  job 43    Total: 4.74364s
2025-09-17T14:58:08.8143110Z < REASON >  job 43    No plan was declared, and no assertions were made.
2025-09-17T14:58:08.8143416Z ( PASSED )  job 48    Hydra/Helper/attributeset.t
2025-09-17T14:58:08.8143667Z ( PASSED )  job 49    Hydra/Helper/escape.t
2025-09-17T14:58:08.8144033Z ( PASSED )  job 50    Hydra/Math.t
2025-09-17T14:58:08.8144344Z ( STDERR )  job 46    Evaluation unexpectedly failed for jobset tA3642F96:t5CCB45E2:
2025-09-17T14:58:08.8144960Z ( STDERR )  job 46    DBIx::Class::Row::store_column(): No such column 'jobset' on Hydra::Model::DB::Builds at /build/source/src/script/hydra-eval-jobset line 571
2025-09-17T14:58:08.8145451Z ( STDERR )  job 46
2025-09-17T14:58:08.8145842Z ( STDERR )  job 46    STDERR: (tA3642F96:t5CCB45E2) Fetching input `jobs` (path) /build/yath-377-2TqxA3/tmp/bWWDyV/cv4BJzFlGy/jobs
2025-09-17T14:58:08.8146409Z ( STDERR )  job 46    copying input jobs from /build/yath-377-2TqxA3/tmp/bWWDyV/cv4BJzFlGy/jobs
2025-09-17T14:58:08.8146801Z ( STDERR )  job 46    (tA3642F96:t5CCB45E2) Evaluating...
2025-09-17T14:58:08.8147332Z ( STDERR )  job 46    DBIx::Class::Row::store_column(): No such column 'jobset' on Hydra::Model::DB::Builds at /build/source/src/script/hydra-eval-jobset line 571
2025-09-17T14:58:08.8148109Z ( STDERR )  job 46    Evaluating jobs/basic.nix should exit with return code 0.
2025-09-17T14:58:08.8148445Z ( FAILED )  job 46    Hydra/Helper/CatalystUtils.t
2025-09-17T14:58:08.8148689Z (  TIME  )  job 46    Total: 4.17532s
2025-09-17T14:58:08.8148970Z < REASON >  job 46    No plan was declared, and no assertions were made.
2025-09-17T14:58:08.8149250Z [  PASS  ]  job 47  + :)
2025-09-17T14:58:08.8149540Z ( STDERR )  job 47    Evaluation unexpectedly failed for jobset tC3A5AA0C:t447752A9:
2025-09-17T14:58:08.8150152Z ( STDERR )  job 47    DBIx::Class::Row::store_column(): No such column 'jobset' on Hydra::Model::DB::Builds at /build/source/src/script/hydra-eval-jobset line 571
2025-09-17T14:58:08.8150642Z ( STDERR )  job 47
2025-09-17T14:58:08.8151031Z ( STDERR )  job 47    STDERR: (tC3A5AA0C:t447752A9) Fetching input `jobs` (path) /build/yath-377-2TqxA3/tmp/lSVosu/cv4BJzFlGy/jobs
2025-09-17T14:58:08.8151599Z ( STDERR )  job 47    copying input jobs from /build/yath-377-2TqxA3/tmp/lSVosu/cv4BJzFlGy/jobs
2025-09-17T14:58:08.8151992Z ( STDERR )  job 47    (tC3A5AA0C:t447752A9) Evaluating...
2025-09-17T14:58:08.8152524Z ( STDERR )  job 47    DBIx::Class::Row::store_column(): No such column 'jobset' on Hydra::Model::DB::Builds at /build/source/src/script/hydra-eval-jobset line 571
2025-09-17T14:58:08.8153051Z [  FAIL  ]  job 47  +~constructRunCommandLogPath
2025-09-17T14:58:08.8153356Z < REASON >  job 47    No plan was declared, and no assertions were made.
2025-09-17T14:58:08.8153695Z (  DIAG  )  job 47    Failed test 'constructRunCommandLogPath'
2025-09-17T14:58:08.8153983Z (  DIAG  )  job 47    at Hydra/Helper/Nix.t line 87.
2025-09-17T14:58:08.8154390Z (  DIAG  )  job 47    Caught exception in subtest: Evaluating jobs/basic.nix should exit with return code 0.
2025-09-17T14:58:08.8154789Z [  PLAN  ]  job 47    Expected assertions: 2
2025-09-17T14:58:08.8155017Z ( MEMORY )  job 47    rss:  103628kB
2025-09-17T14:58:08.8155222Z ( MEMORY )  job 47    size: 359548kB
2025-09-17T14:58:08.8155663Z ( MEMORY )  job 47    peak: 359556kB
2025-09-17T14:58:08.8155944Z (  DIAG  )  job 47    Seeded srand with seed '20250917' from local date.
2025-09-17T14:58:08.8156222Z ( FAILED )  job 47    Hydra/Helper/Nix.t
2025-09-17T14:58:08.8156548Z (  TIME  )  job 47    Startup: 3.04438s | Events: 1.28155s | Cleanup: 0.23871s | Total: 4.56464s
2025-09-17T14:58:08.8156919Z < REASON >  job 47    Test script returned error (Err: 1)
2025-09-17T14:58:08.8157209Z < REASON >  job 47    Errors were encountered (Count: 1)
2025-09-17T14:58:08.8157525Z < REASON >  job 47    Assertion failures were encountered (Count: 1)
2025-09-17T14:58:08.8157993Z < REASON >  job 47    Subtest failures were encountered (Count: 1)
2025-09-17T14:58:08.8158354Z ( STDERR )  job 52    Evaluation unexpectedly failed for jobset tests:basic:
2025-09-17T14:58:08.8158949Z ( STDERR )  job 52    DBIx::Class::Row::store_column(): No such column 'project' on Hydra::Model::DB::Builds at /build/source/src/script/hydra-eval-jobset line 571
2025-09-17T14:58:08.8159583Z ( STDERR )  job 52
2025-09-17T14:58:08.8159950Z ( STDERR )  job 52    STDERR: (tests:basic) Fetching input `jobs` (path) /build/yath-377-2TqxA3/tmp/ZaWRjA/cv4BJzFlGy/jobs
2025-09-17T14:58:08.8160491Z ( STDERR )  job 52    copying input jobs from /build/yath-377-2TqxA3/tmp/ZaWRjA/cv4BJzFlGy/jobs
2025-09-17T14:58:08.8160865Z ( STDERR )  job 52    (tests:basic) Evaluating...
2025-09-17T14:58:08.8161394Z ( STDERR )  job 52    DBIx::Class::Row::store_column(): No such column 'project' on Hydra::Model::DB::Builds at /build/source/src/script/hydra-eval-jobset line 571
2025-09-17T14:58:08.8161997Z [  FAIL  ]  job 52  + Evaluating jobs/runcommand.nix should exit with return code 0
2025-09-17T14:58:08.8162450Z (  DIAG  )  job 52    Failed test 'Evaluating jobs/runcommand.nix should exit with return code 0'
2025-09-17T14:58:08.8162852Z (  DIAG  )  job 52    at Hydra/Plugin/RunCommand/basic.t line 29.
2025-09-17T14:58:08.8163199Z [  FAIL  ]  job 52  + Evaluating jobs/runcommand.nix should result in 1 build1
2025-09-17T14:58:08.8163555Z [  DEBUG ]  job 52    Hydra/Plugin/RunCommand/basic.t line 30
2025-09-17T14:58:08.8163818Z (  DIAG  )  job 52    +-----+----+-------+
2025-09-17T14:58:08.8164039Z (  DIAG  )  job 52    | GOT | OP | CHECK |
2025-09-17T14:58:08.8164259Z (  DIAG  )  job 52    +-----+----+-------+
2025-09-17T14:58:08.8164472Z (  DIAG  )  job 52    | 0   | eq | 1     |
2025-09-17T14:58:08.8164690Z (  DIAG  )  job 52    +-----+----+-------+
2025-09-17T14:58:08.8165068Z ( STDERR )  job 52    Can't call method "job" on an undefined value at Hydra/Plugin/RunCommand/basic.t line 34.
2025-09-17T14:58:08.8165448Z ( MEMORY )  job 52    rss:  104104kB
2025-09-17T14:58:08.8165652Z ( MEMORY )  job 52    size: 359852kB
2025-09-17T14:58:08.8165862Z ( MEMORY )  job 52    peak: 359852kB
2025-09-17T14:58:08.8166177Z (  DIAG  )  job 52    Tests were run but no plan was declared and done_testing() was not seen.
2025-09-17T14:58:08.8166561Z (  DIAG  )  job 52    Seeded srand with seed '20250917' from local date.
2025-09-17T14:58:08.8166877Z ( FAILED )  job 52    Hydra/Plugin/RunCommand/basic.t
2025-09-17T14:58:08.8167232Z (  TIME  )  job 52    Startup: 4.00937s | Events: 0.00781s | Cleanup: 0.35696s | Total: 4.37414s
2025-09-17T14:58:08.8167598Z < REASON >  job 52    Test script returned error (Err: 2)
2025-09-17T14:58:08.8168061Z < REASON >  job 52    Assertion failures were encountered (Count: 2)
2025-09-17T14:58:08.8168360Z < REASON >  job 52    No plan was declared
2025-09-17T14:58:08.8168676Z ( STDERR )  job 51    Evaluation unexpectedly failed for jobset tests:.jobsets:
2025-09-17T14:58:08.8169277Z ( STDERR )  job 51    DBIx::Class::Row::store_column(): No such column 'jobset' on Hydra::Model::DB::Builds at /build/source/src/script/hydra-eval-jobset line 571
2025-09-17T14:58:08.8169776Z ( STDERR )  job 51
2025-09-17T14:58:08.8170156Z ( STDERR )  job 51    STDERR: (tests:.jobsets) Fetching input `decl` (path) /build/yath-377-2TqxA3/tmp/TNqek2/cv4BJzFlGy/jobs
2025-09-17T14:58:08.8170925Z ( STDERR )  job 51    copying input decl from /build/yath-377-2TqxA3/tmp/TNqek2/cv4BJzFlGy/jobs
2025-09-17T14:58:08.8171381Z ( STDERR )  job 51    (tests:.jobsets) Fetching input `projectName` (string) tests
2025-09-17T14:58:08.8171895Z ( STDERR )  job 51    (tests:.jobsets) Fetching input `jobspath` (string) /build/yath-377-2TqxA3/tmp/TNqek2/cv4BJzFlGy/jobs
2025-09-17T14:58:08.8172492Z ( STDERR )  job 51    (tests:.jobsets) Fetching input `src` (path) /build/yath-377-2TqxA3/tmp/TNqek2/cv4BJzFlGy/jobs
2025-09-17T14:58:08.8172916Z ( STDERR )  job 51    (tests:.jobsets) Evaluating...
2025-09-17T14:58:08.8173449Z ( STDERR )  job 51    DBIx::Class::Row::store_column(): No such column 'jobset' on Hydra::Model::DB::Builds at /build/source/src/script/hydra-eval-jobset line 571
2025-09-17T14:58:08.8174051Z [  FAIL  ]  job 51  +~Evaluating and building the top .jobsets jobset
2025-09-17T14:58:08.8174339Z < REASON >  job 51    No plan was declared
2025-09-17T14:58:08.8174633Z [  FAIL  ]  job 51    + Evaluating the declarative jobsets with return code 0
2025-09-17T14:58:08.8175161Z (  DIAG  )  job 51    | Failed test 'Evaluating the declarative jobsets with return code 0'
2025-09-17T14:58:08.8175565Z (  DIAG  )  job 51    | at Hydra/Plugin/DeclarativeJobsets/basic.t line 31.
2025-09-17T14:58:08.8175947Z [  FAIL  ]  job 51    + We should have exactly 1 build queued, to build the jobsets data
2025-09-17T14:58:08.8176327Z [  DEBUG ]  job 51    | Hydra/Plugin/DeclarativeJobsets/basic.t line 32
2025-09-17T14:58:08.8176617Z (  DIAG  )  job 51    | +-----+----+-------+
2025-09-17T14:58:08.8176841Z (  DIAG  )  job 51    | | GOT | OP | CHECK |
2025-09-17T14:58:08.8177062Z (  DIAG  )  job 51    | +-----+----+-------+
2025-09-17T14:58:08.8177285Z (  DIAG  )  job 51    | | 0   | eq | 1     |
2025-09-17T14:58:08.8177507Z (  DIAG  )  job 51    | +-----+----+-------+
2025-09-17T14:58:08.8177924Z             job 51    ^
2025-09-17T14:58:08.8178201Z (  DIAG  )  job 51    Failed test 'Evaluating and building the top .jobsets jobset'
2025-09-17T14:58:08.8178593Z (  DIAG  )  job 51    at Hydra/Plugin/DeclarativeJobsets/basic.t line 43.
2025-09-17T14:58:08.8179151Z (  DIAG  )  job 51    Caught exception in subtest: Can't call method "job" on an undefined value at Hydra/Plugin/DeclarativeJobsets/basic.t line 36.
2025-09-17T14:58:08.8179653Z [  FAIL  ]  job 51  +~Validating a new jobset appears
2025-09-17T14:58:08.8179908Z < REASON >  job 51    No plan was declared
2025-09-17T14:58:08.8180134Z [  FAIL  ]  job 51    + We have a jobset
2025-09-17T14:58:08.8180367Z (  DIAG  )  job 51    | Failed test 'We have a jobset'
2025-09-17T14:58:08.8180677Z (  DIAG  )  job 51    | at Hydra/Plugin/DeclarativeJobsets/basic.t line 47.
2025-09-17T14:58:08.8180957Z             job 51    ^
2025-09-17T14:58:08.8181182Z (  DIAG  )  job 51    Failed test 'Validating a new jobset appears'
2025-09-17T14:58:08.8181516Z (  DIAG  )  job 51    at Hydra/Plugin/DeclarativeJobsets/basic.t line 62.
2025-09-17T14:58:08.8182102Z (  DIAG  )  job 51    Caught exception in subtest: Can't call method "description" on an undefined value at Hydra/Plugin/DeclarativeJobsets/basic.t line 48.
2025-09-17T14:58:08.8182635Z [  PLAN  ]  job 51    Expected assertions: 2
2025-09-17T14:58:08.8182863Z ( MEMORY )  job 51    rss:  82256kB
2025-09-17T14:58:08.8183069Z ( MEMORY )  job 51    size: 322956kB
2025-09-17T14:58:08.8183276Z ( MEMORY )  job 51    peak: 322956kB
2025-09-17T14:58:08.8183540Z (  DIAG  )  job 51    Seeded srand with seed '20250917' from local date.
2025-09-17T14:58:08.8183870Z ( FAILED )  job 51    Hydra/Plugin/DeclarativeJobsets/basic.t
2025-09-17T14:58:08.8184249Z (  TIME  )  job 51    Startup: 4.75994s | Events: 0.00263s | Cleanup: 0.21616s | Total: 4.97873s
2025-09-17T14:58:08.8184621Z < REASON >  job 51    Test script returned error (Err: 2)
2025-09-17T14:58:08.8184910Z < REASON >  job 51    Errors were encountered (Count: 2)
2025-09-17T14:58:08.8185228Z < REASON >  job 51    Assertion failures were encountered (Count: 2)
2025-09-17T14:58:08.8185571Z < REASON >  job 51    Subtest failures were encountered (Count: 2)
2025-09-17T14:58:08.8186181Z ( STDERR )  job 55    Evaluation unexpectedly failed for jobset tests:basic:
2025-09-17T14:58:08.8186799Z ( STDERR )  job 55    DBIx::Class::Row::store_column(): No such column 'jobset' on Hydra::Model::DB::Builds at /build/source/src/script/hydra-eval-jobset line 571
2025-09-17T14:58:08.8187293Z ( STDERR )  job 55
2025-09-17T14:58:08.8187663Z ( STDERR )  job 55    STDERR: (tests:basic) Fetching input `jobs` (path) /build/yath-377-2TqxA3/tmp/9py6lO/cv4BJzFlGy/jobs
2025-09-17T14:58:08.8190766Z ( STDERR )  job 55    copying input jobs from /build/yath-377-2TqxA3/tmp/9py6lO/cv4BJzFlGy/jobs
2025-09-17T14:58:08.8191152Z ( STDERR )  job 55    (tests:basic) Evaluating...
2025-09-17T14:58:08.8191681Z ( STDERR )  job 55    DBIx::Class::Row::store_column(): No such column 'jobset' on Hydra::Model::DB::Builds at /build/source/src/script/hydra-eval-jobset line 571
2025-09-17T14:58:08.8192284Z [  FAIL  ]  job 55  + Evaluating jobs/runcommand.nix should exit with return code 0
2025-09-17T14:58:08.8193039Z (  DIAG  )  job 55    Failed test 'Evaluating jobs/runcommand.nix should exit with return code 0'
2025-09-17T14:58:08.8193446Z (  DIAG  )  job 55    at Hydra/Plugin/RunCommand/errno.t line 27.
2025-09-17T14:58:08.8193794Z [  FAIL  ]  job 55  + Evaluating jobs/runcommand.nix should result in 1 build1
2025-09-17T14:58:08.8194158Z [  DEBUG ]  job 55    Hydra/Plugin/RunCommand/errno.t line 28
2025-09-17T14:58:08.8194421Z (  DIAG  )  job 55    +-----+----+-------+
2025-09-17T14:58:08.8194641Z (  DIAG  )  job 55    | GOT | OP | CHECK |
2025-09-17T14:58:08.8194856Z (  DIAG  )  job 55    +-----+----+-------+
2025-09-17T14:58:08.8195069Z (  DIAG  )  job 55    | 0   | eq | 1     |
2025-09-17T14:58:08.8195285Z (  DIAG  )  job 55    +-----+----+-------+
2025-09-17T14:58:08.8195659Z ( STDERR )  job 55    Can't call method "job" on an undefined value at Hydra/Plugin/RunCommand/errno.t line 32.
2025-09-17T14:58:08.8196034Z ( MEMORY )  job 55    rss:  82608kB
2025-09-17T14:58:08.8196238Z ( MEMORY )  job 55    size: 323104kB
2025-09-17T14:58:08.8196456Z ( MEMORY )  job 55    peak: 323104kB
2025-09-17T14:58:08.8196775Z (  DIAG  )  job 55    Tests were run but no plan was declared and done_testing() was not seen.
2025-09-17T14:58:08.8197161Z (  DIAG  )  job 55    Seeded srand with seed '20250917' from local date.
2025-09-17T14:58:08.8197476Z ( FAILED )  job 55    Hydra/Plugin/RunCommand/errno.t
2025-09-17T14:58:08.8198004Z (  TIME  )  job 55    Startup: 4.23387s | Events: 0.00616s | Cleanup: 0.17151s | Total: 4.41154s
2025-09-17T14:58:08.8198373Z < REASON >  job 55    Test script returned error (Err: 2)
2025-09-17T14:58:08.8198696Z < REASON >  job 55    Assertion failures were encountered (Count: 2)
2025-09-17T14:58:08.8198990Z < REASON >  job 55    No plan was declared
2025-09-17T14:58:08.8199322Z ( STDERR )  job 56    Evaluation unexpectedly failed for jobset t73F1EA5D:t66D8A781:
2025-09-17T14:58:08.8199948Z ( STDERR )  job 56    DBIx::Class::Row::store_column(): No such column 'jobset' on Hydra::Model::DB::Builds at /build/source/src/script/hydra-eval-jobset line 571
2025-09-17T14:58:08.8200450Z ( STDERR )  job 56
2025-09-17T14:58:08.8200843Z ( STDERR )  job 56    STDERR: (t73F1EA5D:t66D8A781) Fetching input `jobs` (path) /build/yath-377-2TqxA3/tmp/5yt7cb/cv4BJzFlGy/jobs
2025-09-17T14:58:08.8201405Z ( STDERR )  job 56    copying input jobs from /build/yath-377-2TqxA3/tmp/5yt7cb/cv4BJzFlGy/jobs
2025-09-17T14:58:08.8201794Z ( STDERR )  job 56    (t73F1EA5D:t66D8A781) Evaluating...
2025-09-17T14:58:08.8202332Z ( STDERR )  job 56    DBIx::Class::Row::store_column(): No such column 'jobset' on Hydra::Model::DB::Builds at /build/source/src/script/hydra-eval-jobset line 571
2025-09-17T14:58:08.8202971Z ( STDERR )  job 56    Evaluating jobs/runcommand-dynamic.nix should exit with return code 0.
2025-09-17T14:58:08.8203358Z ( FAILED )  job 56    Hydra/Plugin/RunCommand/fanout.t
2025-09-17T14:58:08.8203611Z (  TIME  )  job 56    Total: 3.96300s
2025-09-17T14:58:08.8204074Z < REASON >  job 56    No plan was declared, and no assertions were made.
2025-09-17T14:58:08.8204809Z ( STDERR )  job 53    Attempt to call undefined import method with arguments ("5.70") via package "Catalyst::Runtime" (Perhaps you forgot to load the package?) at /build/source/src/lib/Hydra.pm line 10.
2025-09-17T14:58:08.8205544Z ( STDERR )  job 53    Evaluation unexpectedly failed for jobset tA5CCF302:t05C433BB:
2025-09-17T14:58:08.8206161Z ( STDERR )  job 53    DBIx::Class::Row::store_column(): No such column 'project' on Hydra::Model::DB::Builds at /build/source/src/script/hydra-eval-jobset line 571
2025-09-17T14:58:08.8206662Z ( STDERR )  job 53
2025-09-17T14:58:08.8207054Z ( STDERR )  job 53    STDERR: (tA5CCF302:t05C433BB) Fetching input `jobs` (path) /build/yath-377-2TqxA3/tmp/6cVSUF/cv4BJzFlGy/jobs
2025-09-17T14:58:08.8207619Z ( STDERR )  job 53    copying input jobs from /build/yath-377-2TqxA3/tmp/6cVSUF/cv4BJzFlGy/jobs
2025-09-17T14:58:08.8208100Z ( STDERR )  job 53    (tA5CCF302:t05C433BB) Evaluating...
2025-09-17T14:58:08.8208777Z ( STDERR )  job 53    DBIx::Class::Row::store_column(): No such column 'project' on Hydra::Model::DB::Builds at /build/source/src/script/hydra-eval-jobset line 571
2025-09-17T14:58:08.8209357Z [  FAIL  ]  job 53  +~can't enable dynamic RunCommand when disabled by server
2025-09-17T14:58:08.8209718Z < REASON >  job 53    No plan was declared, and no assertions were made.
2025-09-17T14:58:08.8210111Z (  DIAG  )  job 53    Failed test 'can't enable dynamic RunCommand when disabled by server'
2025-09-17T14:58:08.8210521Z (  DIAG  )  job 53    at Hydra/Plugin/RunCommand/dynamic-disabled.t line 108.
2025-09-17T14:58:08.8211029Z (  DIAG  )  job 53    Caught exception in subtest: Evaluating jobs/runcommand-dynamic.nix should exit with return code 0.
2025-09-17T14:58:08.8211473Z [  PLAN  ]  job 53    Expected assertions: 1
2025-09-17T14:58:08.8211701Z ( MEMORY )  job 53    rss:  206512kB
2025-09-17T14:58:08.8211911Z ( MEMORY )  job 53    size: 487420kB
2025-09-17T14:58:08.8212116Z ( MEMORY )  job 53    peak: 748780kB
2025-09-17T14:58:08.8212385Z (  DIAG  )  job 53    Seeded srand with seed '20250917' from local date.
2025-09-17T14:58:08.8212695Z (  DIAG  )  job 53    Looks like you failed 1 test of 1.
2025-09-17T14:58:08.8212998Z ( FAILED )  job 53    Hydra/Plugin/RunCommand/dynamic-disabled.t
2025-09-17T14:58:08.8213380Z (  TIME  )  job 53    Startup: 6.62960s | Events: 0.00057s | Cleanup: 0.46347s | Total: 7.09364s
2025-09-17T14:58:08.8213747Z < REASON >  job 53    Test script returned error (Err: 1)
2025-09-17T14:58:08.8214037Z < REASON >  job 53    Errors were encountered (Count: 1)
2025-09-17T14:58:08.8214358Z < REASON >  job 53    Assertion failures were encountered (Count: 1)
2025-09-17T14:58:08.8214696Z < REASON >  job 53    Subtest failures were encountered (Count: 1)
2025-09-17T14:58:08.8215008Z ( PASSED )  job 59    Hydra/Plugin/RunCommand/matcher.t
2025-09-17T14:58:08.8215677Z ( STDERR )  job 54    Attempt to call undefined import method with arguments ("5.70") via package "Catalyst::Runtime" (Perhaps you forgot to load the package?) at /build/source/src/lib/Hydra.pm line 10.
2025-09-17T14:58:08.8216419Z ( STDERR )  job 54    Evaluation unexpectedly failed for jobset tF6BDA56B:t0F358535:
2025-09-17T14:58:08.8217036Z ( STDERR )  job 54    DBIx::Class::Row::store_column(): No such column 'project' on Hydra::Model::DB::Builds at /build/source/src/script/hydra-eval-jobset line 571
2025-09-17T14:58:08.8217540Z ( STDERR )  job 54
2025-09-17T14:58:08.8218073Z ( STDERR )  job 54    STDERR: (tF6BDA56B:t0F358535) Fetching input `jobs` (path) /build/yath-377-2TqxA3/tmp/U9ZzkC/cv4BJzFlGy/jobs
2025-09-17T14:58:08.8218652Z ( STDERR )  job 54    copying input jobs from /build/yath-377-2TqxA3/tmp/U9ZzkC/cv4BJzFlGy/jobs
2025-09-17T14:58:08.8219042Z ( STDERR )  job 54    (tF6BDA56B:t0F358535) Evaluating...
2025-09-17T14:58:08.8219586Z ( STDERR )  job 54    DBIx::Class::Row::store_column(): No such column 'project' on Hydra::Model::DB::Builds at /build/source/src/script/hydra-eval-jobset line 571
2025-09-17T14:58:08.8220346Z [  FAIL  ]  job 54  +~can enable dynamic RunCommand when enabled by server
2025-09-17T14:58:08.8220719Z < REASON >  job 54    No plan was declared, and no assertions were made.
2025-09-17T14:58:08.8221108Z (  DIAG  )  job 54    Failed test 'can enable dynamic RunCommand when enabled by server'
2025-09-17T14:58:08.8221506Z (  DIAG  )  job 54    at Hydra/Plugin/RunCommand/dynamic-enabled.t line 104.
2025-09-17T14:58:08.8222015Z (  DIAG  )  job 54    Caught exception in subtest: Evaluating jobs/runcommand-dynamic.nix should exit with return code 0.
2025-09-17T14:58:08.8222459Z [  PLAN  ]  job 54    Expected assertions: 1
2025-09-17T14:58:08.8222688Z ( MEMORY )  job 54    rss:  206264kB
2025-09-17T14:58:08.8222893Z ( MEMORY )  job 54    size: 487488kB
2025-09-17T14:58:08.8223099Z ( MEMORY )  job 54    peak: 748864kB
2025-09-17T14:58:08.8223364Z (  DIAG  )  job 54    Seeded srand with seed '20250917' from local date.
2025-09-17T14:58:08.8223671Z (  DIAG  )  job 54    Looks like you failed 1 test of 1.
2025-09-17T14:58:08.8224076Z ( FAILED )  job 54    Hydra/Plugin/RunCommand/dynamic-enabled.t
2025-09-17T14:58:08.8224458Z (  TIME  )  job 54    Startup: 6.40584s | Events: 0.00057s | Cleanup: 0.30877s | Total: 6.71518s
2025-09-17T14:58:08.8224826Z < REASON >  job 54    Test script returned error (Err: 1)
2025-09-17T14:58:08.8225119Z < REASON >  job 54    Errors were encountered (Count: 1)
2025-09-17T14:58:08.8225439Z < REASON >  job 54    Assertion failures were encountered (Count: 1)
2025-09-17T14:58:08.8225781Z < REASON >  job 54    Subtest failures were encountered (Count: 1)
2025-09-17T14:58:08.8226138Z ( STDERR )  job 58    Evaluation unexpectedly failed for jobset tests:basic:
2025-09-17T14:58:08.8226738Z ( STDERR )  job 58    DBIx::Class::Row::store_column(): No such column 'project' on Hydra::Model::DB::Builds at /build/source/src/script/hydra-eval-jobset line 571
2025-09-17T14:58:08.8227235Z ( STDERR )  job 58
2025-09-17T14:58:08.8227610Z ( STDERR )  job 58    STDERR: (tests:basic) Fetching input `jobs` (path) /build/yath-377-2TqxA3/tmp/LVdUBb/cv4BJzFlGy/jobs
2025-09-17T14:58:08.8228345Z ( STDERR )  job 58    copying input jobs from /build/yath-377-2TqxA3/tmp/LVdUBb/cv4BJzFlGy/jobs
2025-09-17T14:58:08.8228717Z ( STDERR )  job 58    (tests:basic) Evaluating...
2025-09-17T14:58:08.8229243Z ( STDERR )  job 58    DBIx::Class::Row::store_column(): No such column 'project' on Hydra::Model::DB::Builds at /build/source/src/script/hydra-eval-jobset line 571
2025-09-17T14:58:08.8229844Z [  FAIL  ]  job 58  + Evaluating jobs/runcommand.nix should exit with return code 0
2025-09-17T14:58:08.8230291Z (  DIAG  )  job 58    Failed test 'Evaluating jobs/runcommand.nix should exit with return code 0'
2025-09-17T14:58:08.8230694Z (  DIAG  )  job 58    at Hydra/Plugin/RunCommand/json.t line 27.
2025-09-17T14:58:08.8231041Z [  FAIL  ]  job 58  + Evaluating jobs/runcommand.nix should result in 1 build1
2025-09-17T14:58:08.8231383Z [  DEBUG ]  job 58    Hydra/Plugin/RunCommand/json.t line 28
2025-09-17T14:58:08.8231647Z (  DIAG  )  job 58    +-----+----+-------+
2025-09-17T14:58:08.8231878Z (  DIAG  )  job 58    | GOT | OP | CHECK |
2025-09-17T14:58:08.8232096Z (  DIAG  )  job 58    +-----+----+-------+
2025-09-17T14:58:08.8232313Z (  DIAG  )  job 58    | 0   | eq | 1     |
2025-09-17T14:58:08.8232530Z (  DIAG  )  job 58    +-----+----+-------+
2025-09-17T14:58:08.8232901Z ( STDERR )  job 58    Can't call method "job" on an undefined value at Hydra/Plugin/RunCommand/json.t line 32.
2025-09-17T14:58:08.8233275Z ( MEMORY )  job 58    rss:  83384kB
2025-09-17T14:58:08.8233478Z ( MEMORY )  job 58    size: 323900kB
2025-09-17T14:58:08.8233684Z ( MEMORY )  job 58    peak: 323900kB
2025-09-17T14:58:08.8233998Z (  DIAG  )  job 58    Tests were run but no plan was declared and done_testing() was not seen.
2025-09-17T14:58:08.8234391Z (  DIAG  )  job 58    Seeded srand with seed '20250917' from local date.
2025-09-17T14:58:08.8234700Z ( FAILED )  job 58    Hydra/Plugin/RunCommand/json.t
2025-09-17T14:58:08.8235304Z (  TIME  )  job 58    Startup: 3.92226s | Events: 0.00992s | Cleanup: 0.23325s | Total: 4.16543s
2025-09-17T14:58:08.8235687Z < REASON >  job 58    Test script returned error (Err: 2)
2025-09-17T14:58:08.8236009Z < REASON >  job 58    Assertion failures were encountered (Count: 2)
2025-09-17T14:58:08.8236302Z < REASON >  job 58    No plan was declared
2025-09-17T14:58:08.8236935Z ( STDERR )  job 57    Attempt to call undefined import method with arguments ("5.70") via package "Catalyst::Runtime" (Perhaps you forgot to load the package?) at /build/source/src/lib/Hydra.pm line 10.
2025-09-17T14:58:08.8237672Z ( STDERR )  job 57    Evaluation unexpectedly failed for jobset t0C83596A:tCD944462:
2025-09-17T14:58:08.8238415Z ( STDERR )  job 57    DBIx::Class::Row::store_column(): No such column 'project' on Hydra::Model::DB::Builds at /build/source/src/script/hydra-eval-jobset line 571
2025-09-17T14:58:08.8238915Z ( STDERR )  job 57
2025-09-17T14:58:08.8239308Z ( STDERR )  job 57    STDERR: (t0C83596A:tCD944462) Fetching input `jobs` (path) /build/yath-377-2TqxA3/tmp/8bCMQF/cv4BJzFlGy/jobs
2025-09-17T14:58:08.8239998Z ( STDERR )  job 57    copying input jobs from /build/yath-377-2TqxA3/tmp/8bCMQF/cv4BJzFlGy/jobs
2025-09-17T14:58:08.8240385Z ( STDERR )  job 57    (t0C83596A:tCD944462) Evaluating...
2025-09-17T14:58:08.8240923Z ( STDERR )  job 57    DBIx::Class::Row::store_column(): No such column 'project' on Hydra::Model::DB::Builds at /build/source/src/script/hydra-eval-jobset line 571
2025-09-17T14:58:08.8241530Z ( STDERR )  job 57    Evaluating jobs/runcommand.nix should exit with return code 0.
2025-09-17T14:58:08.8241862Z ( MEMORY )  job 57    rss:  205960kB
2025-09-17T14:58:08.8242069Z ( MEMORY )  job 57    size: 486940kB
2025-09-17T14:58:08.8242272Z ( MEMORY )  job 57    peak: 486940kB
2025-09-17T14:58:08.8242510Z ( FAILED )  job 57    Hydra/Plugin/RunCommand/http.t
2025-09-17T14:58:08.8242866Z (  TIME  )  job 57    Startup: 5.38294s | Events: 0.00000s | Cleanup: 0.08032s | Total: 5.46326s
2025-09-17T14:58:08.8243266Z < REASON >  job 57    No plan was declared, and no assertions were made.
2025-09-17T14:58:08.8243595Z ( STDOUT )  job 60    Update gitea repository: Create repo.
2025-09-17T14:58:08.8243942Z ( STDERR )  job 60    Evaluation unexpectedly failed for jobset tests:gitea:
2025-09-17T14:58:08.8244534Z ( STDERR )  job 60    DBIx::Class::Row::store_column(): No such column 'project' on Hydra::Model::DB::Builds at /build/source/src/script/hydra-eval-jobset line 571
2025-09-17T14:58:08.8245030Z ( STDERR )  job 60
2025-09-17T14:58:08.8245411Z ( STDERR )  job 60    STDERR: (tests:gitea) Fetching input `gitea_http_url` (string) http://localhost:8282/gitea
2025-09-17T14:58:08.8245900Z ( STDERR )  job 60    (tests:gitea) Fetching input `gitea_repo_name` (string) foo
2025-09-17T14:58:08.8246302Z ( STDERR )  job 60    (tests:gitea) Fetching input `gitea_repo_owner` (string) root
2025-09-17T14:58:08.8246704Z ( STDERR )  job 60    (tests:gitea) Fetching input `gitea_status_repo` (string) src
2025-09-17T14:58:08.8247192Z ( STDERR )  job 60    (tests:gitea) Fetching input `jobs` (path) /build/yath-377-2TqxA3/tmp/GBFEJT/cv4BJzFlGy/jobs
2025-09-17T14:58:08.8247849Z ( STDERR )  job 60    copying input jobs from /build/yath-377-2TqxA3/tmp/GBFEJT/cv4BJzFlGy/jobs
2025-09-17T14:58:08.8248435Z ( STDERR )  job 60    (tests:gitea) Fetching input `src` (git) file:///build/yath-377-2TqxA3/tmp/GBFEJT/cv4BJzFlGy/scratch/git-repo
2025-09-17T14:58:08.8249086Z ( STDERR )  job 60    checking out Git branch master from file:///build/yath-377-2TqxA3/tmp/GBFEJT/cv4BJzFlGy/scratch/git-repo
2025-09-17T14:58:08.8249769Z ( STDERR )  job 60    Initialized empty Git repository in /build/yath-377-2TqxA3/tmp/GBFEJT/git-checkout-tmp-suseSoXh/source/.git/
2025-09-17T14:58:08.8250586Z ( STDERR )  job 60    From /build/yath-377-2TqxA3/tmp/GBFEJT/cv4BJzFlGy/hydra-data/scm/git/4d7526f6cbe5df4686c554c24551f12800f40a8639ac9d9d4567522651a55bd0
2025-09-17T14:58:08.8251204Z ( STDERR )  job 60     * branch            HEAD       -> FETCH_HEAD
2025-09-17T14:58:08.8251721Z ( STDERR )  job 60    Switched to a new branch 'fetchgit'
2025-09-17T14:58:08.8252001Z ( STDERR )  job 60    removing `.git'...
2025-09-17T14:58:08.8252352Z ( STDERR )  job 60    hash is 3cb7992d3af0cf707462388493a5eb171e936cb26b2e05f6176e796cf2f35208
2025-09-17T14:58:08.8252947Z ( STDERR )  job 60    path is /build/yath-377-2TqxA3/tmp/GBFEJT/cv4BJzFlGy/nix/store/jz7raw78f6qk1px14hq1zwwa30g9cx1f-source
2025-09-17T14:58:08.8253430Z ( STDERR )  job 60    (tests:gitea) Evaluating...
2025-09-17T14:58:08.8253958Z ( STDERR )  job 60    DBIx::Class::Row::store_column(): No such column 'project' on Hydra::Model::DB::Builds at /build/source/src/script/hydra-eval-jobset line 571
2025-09-17T14:58:08.8254482Z [  FAIL  ]  job 60  + Evaluating nix expression
2025-09-17T14:58:08.8254753Z (  DIAG  )  job 60    Failed test 'Evaluating nix expression'
2025-09-17T14:58:08.8255038Z (  DIAG  )  job 60    at Hydra/Plugin/gitea.t line 42.
2025-09-17T14:58:08.8255363Z [  FAIL  ]  job 60  + Evaluating jobs/runcommand.nix should result in 1 build1
2025-09-17T14:58:08.8255853Z [  DEBUG ]  job 60    Hydra/Plugin/gitea.t line 43
2025-09-17T14:58:08.8256091Z (  DIAG  )  job 60    +-----+----+-------+
2025-09-17T14:58:08.8256310Z (  DIAG  )  job 60    | GOT | OP | CHECK |
2025-09-17T14:58:08.8256528Z (  DIAG  )  job 60    +-----+----+-------+
2025-09-17T14:58:08.8256739Z (  DIAG  )  job 60    | 0   | eq | 1     |
2025-09-17T14:58:08.8256956Z (  DIAG  )  job 60    +-----+----+-------+
2025-09-17T14:58:08.8257331Z ( STDERR )  job 60    Can't call method "id" on an undefined value at /build/source/t/lib/CliRunners.pm line 46.
2025-09-17T14:58:08.8257826Z ( MEMORY )  job 60    rss:  82712kB
2025-09-17T14:58:08.8258037Z ( MEMORY )  job 60    size: 323056kB
2025-09-17T14:58:08.8258247Z ( MEMORY )  job 60    peak: 323056kB
2025-09-17T14:58:08.8258565Z (  DIAG  )  job 60    Tests were run but no plan was declared and done_testing() was not seen.
2025-09-17T14:58:08.8258949Z (  DIAG  )  job 60    Seeded srand with seed '20250917' from local date.
2025-09-17T14:58:08.8259243Z ( FAILED )  job 60    Hydra/Plugin/gitea.t
2025-09-17T14:58:08.8259573Z (  TIME  )  job 60    Startup: 4.10442s | Events: 0.00464s | Cleanup: 0.16989s | Total: 4.27895s
2025-09-17T14:58:08.8259935Z < REASON >  job 60    Test script returned error (Err: 2)
2025-09-17T14:58:08.8260257Z < REASON >  job 60    Assertion failures were encountered (Count: 2)
2025-09-17T14:58:08.8260552Z < REASON >  job 60    No plan was declared
2025-09-17T14:58:08.8260882Z ( STDERR )  job 62    Evaluation unexpectedly failed for jobset t27857AB0:t98C20D23:
2025-09-17T14:58:08.8261500Z ( STDERR )  job 62    DBIx::Class::Row::store_column(): No such column 'project' on Hydra::Model::DB::Builds at /build/source/src/script/hydra-eval-jobset line 571
2025-09-17T14:58:08.8262005Z ( STDERR )  job 62
2025-09-17T14:58:08.8262402Z ( STDERR )  job 62    STDERR: (t27857AB0:t98C20D23) Fetching input `jobs` (path) /build/yath-377-2TqxA3/tmp/NUafF_/cv4BJzFlGy/jobs
2025-09-17T14:58:08.8262975Z ( STDERR )  job 62    copying input jobs from /build/yath-377-2TqxA3/tmp/NUafF_/cv4BJzFlGy/jobs
2025-09-17T14:58:08.8263366Z ( STDERR )  job 62    (t27857AB0:t98C20D23) Evaluating...
2025-09-17T14:58:08.8263905Z ( STDERR )  job 62    DBIx::Class::Row::store_column(): No such column 'project' on Hydra::Model::DB::Builds at /build/source/src/script/hydra-eval-jobset line 571
2025-09-17T14:58:08.8264503Z ( STDERR )  job 62    Evaluating jobs/basic.nix should exit with return code 0.
2025-09-17T14:58:08.8264849Z ( FAILED )  job 62    Hydra/Schema/Result/RunCommandLogs.t
2025-09-17T14:58:08.8265110Z (  TIME  )  job 62    Total: 3.29900s
2025-09-17T14:58:08.8265385Z < REASON >  job 62    No plan was declared, and no assertions were made.
2025-09-17T14:58:08.8265696Z ( PASSED )  job 61    Hydra/PostgresListener.t
2025-09-17T14:58:08.8265948Z ( PASSED )  job 66    Hydra/TaskDispatcher.t
2025-09-17T14:58:08.8266213Z ( PASSED )  job 63    Hydra/Schema/Result/TaskRetries.t
2025-09-17T14:58:08.8266506Z ( PASSED )  job 64    Hydra/Schema/ResultSet/TaskRetries.t
2025-09-17T14:58:08.8266982Z ( PASSED )  job 67    Hydra/View/TT.t
2025-09-17T14:58:08.8267327Z ( STDERR )  job 69    Evaluation unexpectedly failed for jobset t2D5D7B8C:t63F36A36:
2025-09-17T14:58:08.8268067Z ( STDERR )  job 69    DBIx::Class::Row::store_column(): No such column 'jobset' on Hydra::Model::DB::Builds at /build/source/src/script/hydra-eval-jobset line 571
2025-09-17T14:58:08.8268564Z ( STDERR )  job 69
2025-09-17T14:58:08.8268955Z ( STDERR )  job 69    STDERR: (t2D5D7B8C:t63F36A36) Fetching input `jobs` (path) /build/yath-377-2TqxA3/tmp/ryvwz9/cv4BJzFlGy/jobs
2025-09-17T14:58:08.8269522Z ( STDERR )  job 69    copying input jobs from /build/yath-377-2TqxA3/tmp/ryvwz9/cv4BJzFlGy/jobs
2025-09-17T14:58:08.8269907Z ( STDERR )  job 69    (t2D5D7B8C:t63F36A36) Evaluating...
2025-09-17T14:58:08.8270436Z ( STDERR )  job 69    DBIx::Class::Row::store_column(): No such column 'jobset' on Hydra::Model::DB::Builds at /build/source/src/script/hydra-eval-jobset line 571
2025-09-17T14:58:08.8271069Z ( STDERR )  job 69    Evaluating jobs/build-products.nix should exit with return code 0.
2025-09-17T14:58:08.8271541Z ( FAILED )  job 69    build-products.t
2025-09-17T14:58:08.8271756Z (  TIME  )  job 69    Total: 4.42103s
2025-09-17T14:58:08.8272028Z < REASON >  job 69    No plan was declared, and no assertions were made.
2025-09-17T14:58:08.8272729Z ( STDERR )  job 70    Attempt to call undefined import method with arguments ("5.70") via package "Catalyst::Runtime" (Perhaps you forgot to load the package?) at /build/source/src/lib/Hydra.pm line 10.
2025-09-17T14:58:08.8273484Z ( STDERR )  job 70    Evaluation unexpectedly failed for jobset tests:content-addressed:
2025-09-17T14:58:08.8274163Z ( STDERR )  job 70    DBIx::Class::Row::store_column(): No such column 'project' on Hydra::Model::DB::Builds at /build/source/src/script/hydra-eval-jobset line 571
2025-09-17T14:58:08.8274732Z ( STDERR )  job 70
2025-09-17T14:58:08.8275148Z ( STDERR )  job 70    STDERR: (tests:content-addressed) Fetching input `jobs` (path) /build/yath-377-2TqxA3/tmp/stauyD/cv4BJzFlGy/jobs
2025-09-17T14:58:08.8275773Z ( STDERR )  job 70    copying input jobs from /build/yath-377-2TqxA3/tmp/stauyD/cv4BJzFlGy/jobs
2025-09-17T14:58:08.8276173Z ( STDERR )  job 70    (tests:content-addressed) Evaluating...
2025-09-17T14:58:08.8276753Z ( STDERR )  job 70    Use of uninitialized value $firstOutputPath in concatenation (.) or string at /build/source/src/script/hydra-eval-jobset line 518.
2025-09-17T14:58:08.8277575Z ( STDERR )  job 70    DBIx::Class::Row::store_column(): No such column 'project' on Hydra::Model::DB::Builds at /build/source/src/script/hydra-eval-jobset line 571
2025-09-17T14:58:08.8278275Z [  FAIL  ]  job 70  + Evaluating jobs/content-addressed.nix should exit with return code 0
2025-09-17T14:58:08.8278776Z (  DIAG  )  job 70    Failed test 'Evaluating jobs/content-addressed.nix should exit with return code 0'
2025-09-17T14:58:08.8279190Z (  DIAG  )  job 70    at content-addressed/basic.t line 29.
2025-09-17T14:58:08.8279554Z [  FAIL  ]  job 70  + Evaluating jobs/content-addressed.nix should result in 6 builds
2025-09-17T14:58:08.8279943Z [  DEBUG ]  job 70    content-addressed/basic.t line 30
2025-09-17T14:58:08.8280196Z (  DIAG  )  job 70    +-----+----+-------+
2025-09-17T14:58:08.8280415Z (  DIAG  )  job 70    | GOT | OP | CHECK |
2025-09-17T14:58:08.8280728Z (  DIAG  )  job 70    +-----+----+-------+
2025-09-17T14:58:08.8280941Z (  DIAG  )  job 70    | 0   | eq | 6     |
2025-09-17T14:58:08.8281155Z (  DIAG  )  job 70    +-----+----+-------+
2025-09-17T14:58:08.8281619Z ( STDERR )  job 70    Use of uninitialized value $ctx{"deststoredir"} in concatenation (.) or string at content-addressed/basic.t line 60.
2025-09-17T14:58:08.8282249Z [  PASS  ]  job 70  + The destination store should have the realisations of the built derivations registered
2025-09-17T14:58:08.8282644Z [  PLAN  ]  job 70    Expected assertions: 3
2025-09-17T14:58:08.8282875Z ( MEMORY )  job 70    rss:  206440kB
2025-09-17T14:58:08.8283082Z ( MEMORY )  job 70    size: 487096kB
2025-09-17T14:58:08.8283501Z ( MEMORY )  job 70    peak: 487112kB
2025-09-17T14:58:08.8283778Z (  DIAG  )  job 70    Seeded srand with seed '20250917' from local date.
2025-09-17T14:58:08.8284090Z (  DIAG  )  job 70    Looks like you failed 2 tests of 3.
2025-09-17T14:58:08.8284362Z ( FAILED )  job 70    content-addressed/basic.t
2025-09-17T14:58:08.8284705Z (  TIME  )  job 70    Startup: 5.19301s | Events: 0.01542s | Cleanup: 0.26714s | Total: 5.47557s
2025-09-17T14:58:08.8285074Z < REASON >  job 70    Test script returned error (Err: 2)
2025-09-17T14:58:08.8285392Z < REASON >  job 70    Assertion failures were encountered (Count: 2)
2025-09-17T14:58:08.8285679Z ( PASSED )  job 65    Hydra/Schema/Users.t
2025-09-17T14:58:08.8286327Z ( STDERR )  job 68    Attempt to call undefined import method with arguments ("5.70") via package "Catalyst::Runtime" (Perhaps you forgot to load the package?) at /build/source/src/lib/Hydra.pm line 10.
2025-09-17T14:58:08.8286957Z [  PASS  ]  job 68  +~login
2025-09-17T14:58:08.8287251Z [  PASS  ]  job 68    +~bad password
2025-09-17T14:58:08.8287487Z [  PASS  ]  job 68    | + Incorrect password rejected.
2025-09-17T14:58:08.8287883Z [  PLAN  ]  job 68    | | Expected assertions: 1
2025-09-17T14:58:08.8288120Z             job 68    | ^
2025-09-17T14:58:08.8288316Z [  PASS  ]  job 68    + The root user is named root
2025-09-17T14:58:08.8288572Z [  PASS  ]  job 68    + The root user is an admin
2025-09-17T14:58:08.8288830Z [  PASS  ]  job 68    + The current user is named root
2025-09-17T14:58:08.8289093Z [  PASS  ]  job 68    + The current user is an admin
2025-09-17T14:58:08.8289349Z [  PLAN  ]  job 68    | Expected assertions: 5
2025-09-17T14:58:08.8289572Z             job 68    ^
2025-09-17T14:58:08.8289741Z [  PASS  ]  job 68  +~projects
2025-09-17T14:58:08.8289970Z [  PASS  ]  job 68    + Non-existent projects don't exist
2025-09-17T14:58:08.8290260Z [  PASS  ]  job 68    + PUTting a new project creates it
2025-09-17T14:58:08.8290534Z [  PASS  ]  job 68    + A new project has no jobsets
2025-09-17T14:58:08.8290797Z [  PLAN  ]  job 68    | Expected assertions: 3
2025-09-17T14:58:08.8291021Z             job 68    ^
2025-09-17T14:58:08.8291191Z [  PASS  ]  job 68  +~jobsets
2025-09-17T14:58:08.8291409Z [  PASS  ]  job 68    + PUTting a new jobset creates it
2025-09-17T14:58:08.8291696Z [  PASS  ]  job 68    + The new jobset has a 'my-src' input
2025-09-17T14:58:08.8292077Z [  PASS  ]  job 68    + The 'my-src' input is in /build/yath-377-2TqxA3/tmp/HE9J8F/cv4BJzFlGy/jobset
2025-09-17T14:58:08.8292438Z [  PLAN  ]  job 68    | Expected assertions: 3
2025-09-17T14:58:08.8292658Z             job 68    ^
2025-09-17T14:58:08.8292931Z ( STDERR )  job 68    Evaluation unexpectedly failed for jobset sample:default:
2025-09-17T14:58:08.8293540Z ( STDERR )  job 68    DBIx::Class::Row::store_column(): No such column 'jobset' on Hydra::Model::DB::Builds at /build/source/src/script/hydra-eval-jobset line 571
2025-09-17T14:58:08.8294042Z ( STDERR )  job 68
2025-09-17T14:58:08.8294448Z ( STDERR )  job 68    STDERR: (sample:default) Fetching input `my-src` (path) /build/yath-377-2TqxA3/tmp/HE9J8F/cv4BJzFlGy/jobset
2025-09-17T14:58:08.8295031Z ( STDERR )  job 68    copying input my-src from /build/yath-377-2TqxA3/tmp/HE9J8F/cv4BJzFlGy/jobset
2025-09-17T14:58:08.8295422Z ( STDERR )  job 68    (sample:default) Evaluating...
2025-09-17T14:58:08.8295949Z ( STDERR )  job 68    DBIx::Class::Row::store_column(): No such column 'jobset' on Hydra::Model::DB::Builds at /build/source/src/script/hydra-eval-jobset line 571
2025-09-17T14:58:08.8296548Z ( STDERR )  job 68    Evaluation unexpectedly failed for jobset sample:default:
2025-09-17T14:58:08.8297161Z ( STDERR )  job 68    DBIx::Class::Row::store_column(): No such column 'project' on Hydra::Model::DB::Builds at /build/source/src/script/hydra-eval-jobset line 571
2025-09-17T14:58:08.8297664Z ( STDERR )  job 68
2025-09-17T14:58:08.8298248Z ( STDERR )  job 68    STDERR: (sample:default) Fetching input `my-src` (path) /build/yath-377-2TqxA3/tmp/HE9J8F/cv4BJzFlGy/jobset
2025-09-17T14:58:08.8299061Z ( STDERR )  job 68    copying input my-src from /build/yath-377-2TqxA3/tmp/HE9J8F/cv4BJzFlGy/jobset
2025-09-17T14:58:08.8299460Z ( STDERR )  job 68    (sample:default) Evaluating...
2025-09-17T14:58:08.8299994Z ( STDERR )  job 68    DBIx::Class::Row::store_column(): No such column 'project' on Hydra::Model::DB::Builds at /build/source/src/script/hydra-eval-jobset line 571
2025-09-17T14:58:08.8300649Z ( STDERR )  job 68    Use of uninitialized value in concatenation (.) or string at api-test.t line 115.
2025-09-17T14:58:08.8301170Z ( STDERR )  job 68    Use of uninitialized value in concatenation (.) or string at api-test.t line 124.
2025-09-17T14:58:08.8301539Z [  FAIL  ]  job 68  +~evaluation
2025-09-17T14:58:08.8301789Z < REASON >  job 68    Subtest failures were encountered (Count: 2)
2025-09-17T14:58:08.8302071Z [  FAIL  ]  job 68    +~initial evaluaton
2025-09-17T14:58:08.8302337Z [  FAIL  ]  job 68    | + Evaluating should exit with return code 0
2025-09-17T14:58:08.8302795Z (  DIAG  )  job 68    | | Failed test 'Evaluating should exit with return code 0'
2025-09-17T14:58:08.8303103Z (  DIAG  )  job 68    | | at api-test.t line 96.
2025-09-17T14:58:08.8303358Z [  PASS  ]  job 68    | + Can get evals of a jobset
2025-09-17T14:58:08.8303638Z [  FAIL  ]  job 68    | + The first eval of a jobset has new builds
2025-09-17T14:58:08.8303909Z [  DEBUG ]  job 68    | | api-test.t line 102
2025-09-17T14:58:08.8304141Z (  DIAG  )  job 68    | | +---------+-------+
2025-09-17T14:58:08.8304369Z (  DIAG  )  job 68    | | | GOT     | CHECK |
2025-09-17T14:58:08.8304593Z (  DIAG  )  job 68    | | +---------+-------+
2025-09-17T14:58:08.8304820Z (  DIAG  )  job 68    | | | <UNDEF> | 1     |
2025-09-17T14:58:08.8305045Z (  DIAG  )  job 68    | | +---------+-------+
2025-09-17T14:58:08.8305286Z [  PLAN  ]  job 68    | | Expected assertions: 3
2025-09-17T14:58:08.8305508Z             job 68    | ^
2025-09-17T14:58:08.8305717Z (  DIAG  )  job 68    | Failed test 'initial evaluaton'
2025-09-17T14:58:08.8305989Z (  DIAG  )  job 68    | at api-test.t line 103.
2025-09-17T14:58:08.8306220Z [  FAIL  ]  job 68    +~second evaluation
2025-09-17T14:58:08.8306485Z [  FAIL  ]  job 68    | + Evaluating should exit with return code 0
2025-09-17T14:58:08.8306825Z (  DIAG  )  job 68    | | Failed test 'Evaluating should exit with return code 0'
2025-09-17T14:58:08.8307136Z (  DIAG  )  job 68    | | at api-test.t line 109.
2025-09-17T14:58:08.8307443Z [  FAIL  ]  job 68    | + Changing a jobset source creates the second evaluation
2025-09-17T14:58:08.8307904Z [  DEBUG ]  job 68    | | api-test.t line 112
2025-09-17T14:58:08.8308141Z (  DIAG  )  job 68    | | +-----+----+-------+
2025-09-17T14:58:08.8308369Z (  DIAG  )  job 68    | | | GOT | OP | CHECK |
2025-09-17T14:58:08.8308598Z (  DIAG  )  job 68    | | +-----+----+-------+
2025-09-17T14:58:08.8308826Z (  DIAG  )  job 68    | | | 0   | eq | 2     |
2025-09-17T14:58:08.8309048Z (  DIAG  )  job 68    | | +-----+----+-------+
2025-09-17T14:58:08.8309333Z [  FAIL  ]  job 68    | + Changing a jobset source changes its revision
2025-09-17T14:58:08.8309694Z (  DIAG  )  job 68    | | Failed test 'Changing a jobset source changes its revision'
2025-09-17T14:58:08.8310014Z (  DIAG  )  job 68    | | at api-test.t line 113.
2025-09-17T14:58:08.8310287Z (  DIAG  )  job 68    | | Comparison matched (it should not).
2025-09-17T14:58:08.8310567Z [  FAIL  ]  job 68    | + The build's job name is job
2025-09-17T14:58:08.8310817Z [  DEBUG ]  job 68    | | api-test.t line 116
2025-09-17T14:58:08.8311049Z (  DIAG  )  job 68    | | +---------+-------+
2025-09-17T14:58:08.8311274Z (  DIAG  )  job 68    | | | GOT     | CHECK |
2025-09-17T14:58:08.8311502Z (  DIAG  )  job 68    | | +---------+-------+
2025-09-17T14:58:08.8311726Z (  DIAG  )  job 68    | | | <UNDEF> | job   |
2025-09-17T14:58:08.8311955Z (  DIAG  )  job 68    | | +---------+-------+
2025-09-17T14:58:08.8312200Z [  FAIL  ]  job 68    | + The build isn't finished yet
2025-09-17T14:58:08.8312668Z [  DEBUG ]  job 68    | | api-test.t line 117
2025-09-17T14:58:08.8312917Z (  DIAG  )  job 68    | | +---------+-------+
2025-09-17T14:58:08.8313142Z (  DIAG  )  job 68    | | | GOT     | CHECK |
2025-09-17T14:58:08.8313366Z (  DIAG  )  job 68    | | +---------+-------+
2025-09-17T14:58:08.8313588Z (  DIAG  )  job 68    | | | <UNDEF> | 0     |
2025-09-17T14:58:08.8313813Z (  DIAG  )  job 68    | | +---------+-------+
2025-09-17T14:58:08.8314103Z [  FAIL  ]  job 68    | + The build's outpath is in the Nix store and named 'job'
2025-09-17T14:58:08.8314403Z [  DEBUG ]  job 68    | | api-test.t line 118
2025-09-17T14:58:08.8314678Z (  DIAG  )  job 68    | | +---------+----+--------------------------------------+
2025-09-17T14:58:08.8314992Z (  DIAG  )  job 68    | | | GOT     | OP | CHECK                                |
2025-09-17T14:58:08.8315305Z (  DIAG  )  job 68    | | +---------+----+--------------------------------------+
2025-09-17T14:58:08.8315629Z (  DIAG  )  job 68    | | | <UNDEF> | =~ | (?^:/nix/store/[a-zA-Z0-9]{32}-job$) |
2025-09-17T14:58:08.8316072Z (  DIAG  )  job 68    | | +---------+----+--------------------------------------+
2025-09-17T14:58:08.8316337Z [  PASS  ]  job 68    | +~search
2025-09-17T14:58:08.8316570Z [  PASS  ]  job 68    | | + Search for project 'sample' works
2025-09-17T14:58:08.8316846Z [  PASS  ]  job 68    | | + Search for builds work
2025-09-17T14:58:08.8317100Z [  PLAN  ]  job 68    | | | Expected assertions: 2
2025-09-17T14:58:08.8317329Z             job 68    | | ^
2025-09-17T14:58:08.8317533Z [  PLAN  ]  job 68    | | Expected assertions: 7
2025-09-17T14:58:08.8317882Z             job 68    | ^
2025-09-17T14:58:08.8318091Z (  DIAG  )  job 68    | Failed test 'second evaluation'
2025-09-17T14:58:08.8318347Z (  DIAG  )  job 68    | at api-test.t line 127.
2025-09-17T14:58:08.8318593Z [  PLAN  ]  job 68    | Expected assertions: 2
2025-09-17T14:58:08.8318811Z             job 68    ^
2025-09-17T14:58:08.8318993Z (  DIAG  )  job 68    Failed test 'evaluation'
2025-09-17T14:58:08.8319244Z (  DIAG  )  job 68    at api-test.t line 128.
2025-09-17T14:58:08.8319471Z [  PASS  ]  job 68  +~delete project
2025-09-17T14:58:08.8319698Z [  PASS  ]  job 68    +~with evaluations and builds
2025-09-17T14:58:08.8320022Z [  PASS  ]  job 68    | + DELETEing a project with evaluations and builds succeeds
2025-09-17T14:58:08.8320345Z [  PLAN  ]  job 68    | | Expected assertions: 1
2025-09-17T14:58:08.8320571Z             job 68    | ^
2025-09-17T14:58:08.8320771Z [  PASS  ]  job 68    +~without evaluations and builds
2025-09-17T14:58:08.8321052Z [  PASS  ]  job 68    | + PUTting a new project creates it
2025-09-17T14:58:08.8321339Z [  PASS  ]  job 68    | + PUTting a new jobset creates it
2025-09-17T14:58:08.8321670Z [  PASS  ]  job 68    | + DELETEing a jobset with no evaluations and builds succeeds
2025-09-17T14:58:08.8321999Z [  PLAN  ]  job 68    | | Expected assertions: 3
2025-09-17T14:58:08.8322225Z             job 68    | ^
2025-09-17T14:58:08.8322417Z [  PLAN  ]  job 68    | Expected assertions: 2
2025-09-17T14:58:08.8322645Z             job 68    ^
2025-09-17T14:58:08.8322833Z [  PLAN  ]  job 68    Expected assertions: 5
2025-09-17T14:58:08.8323059Z ( MEMORY )  job 68    rss:  208804kB
2025-09-17T14:58:08.8323267Z ( MEMORY )  job 68    size: 489136kB
2025-09-17T14:58:08.8323478Z ( MEMORY )  job 68    peak: 749792kB
2025-09-17T14:58:08.8323744Z (  DIAG  )  job 68    Seeded srand with seed '20250917' from local date.
2025-09-17T14:58:08.8324050Z (  DIAG  )  job 68    Looks like you failed 1 test of 5.
2025-09-17T14:58:08.8324566Z ( STDERR )  job 68      (in cleanup) {UNKNOWN}: DBI Exception: DBD::Pg::st DESTROY failed: FATAL:  terminating connection due to administrator command
2025-09-17T14:58:08.8325096Z ( STDERR )  job 68    server closed the connection unexpectedly
2025-09-17T14:58:08.8325440Z ( STDERR )  job 68      This probably means the server terminated abnormally
2025-09-17T14:58:08.8326518Z ( STDERR )  job 68      before or while processing the request. [for Statement "DELETE FROM projects WHERE ( name = ? )"]  at /nix/store/41mdlkqwdipdhgcaq97sjgzjilkd87jk-hydra-perl-deps/lib/perl5/site_perl/5.40.0/DBIx/Class/Schema.pm line 1118.
2025-09-17T14:58:08.8328167Z ( STDERR )  job 68      DBIx::Class::Schema::throw_exception(Hydra::Schema=HASH(0x810fb30), "DBI Exception: DBD::Pg::st DESTROY failed: FATAL:  terminatin"...) called at /nix/store/41mdlkqwdipdhgcaq97sjgzjilkd87jk-hydra-perl-deps/lib/perl5/site_perl/5.40.0/DBIx/Class/Storage.pm line 113
2025-09-17T14:58:08.8329820Z ( STDERR )  job 68      DBIx::Class::Storage::throw_exception(DBIx::Class::Storage::DBI::Pg=HASH(0x8184ef0), "DBI Exception: DBD::Pg::st DESTROY failed: FATAL:  terminatin"...) called at /nix/store/41mdlkqwdipdhgcaq97sjgzjilkd87jk-hydra-perl-deps/lib/perl5/site_perl/5.40.0/DBIx/Class/Storage/DBI.pm line 1623
2025-09-17T14:58:08.8331116Z ( STDERR )  job 68      DBIx::Class::Storage::DBI::__ANON__("DBD::Pg::st DESTROY failed: FATAL:  terminating connection du"..., DBI::st=HASH(0xaf6b4e0), undef) called at api-test.t line 0
2025-09-17T14:58:08.8331829Z ( STDERR )  job 68      eval {...} called at api-test.t line 0
2025-09-17T14:58:08.8332084Z ( STDERR )  job 68
2025-09-17T14:58:08.8332259Z ( FAILED )  job 68    api-test.t
2025-09-17T14:58:08.8332566Z (  TIME  )  job 68    Startup: 6.80935s | Events: 3.26171s | Cleanup: 0.26457s | Total: 10.3356s
2025-09-17T14:58:08.8332928Z < REASON >  job 68    Test script returned error (Err: 1)
2025-09-17T14:58:08.8333221Z < REASON >  job 68    Errors were encountered (Count: 1)
2025-09-17T14:58:08.8333538Z < REASON >  job 68    Assertion failures were encountered (Count: 1)
2025-09-17T14:58:08.8333880Z < REASON >  job 68    Subtest failures were encountered (Count: 1)
2025-09-17T14:58:08.8334228Z ( PASSED )  job 71    content-addressed/without-experimental-feature.t
2025-09-17T14:58:08.8334631Z ( STDERR )  job 72    Evaluation unexpectedly failed for jobset t49DB7308:t0AB8593B:
2025-09-17T14:58:08.8335250Z ( STDERR )  job 72    DBIx::Class::Row::store_column(): No such column 'jobset' on Hydra::Model::DB::Builds at /build/source/src/script/hydra-eval-jobset line 571
2025-09-17T14:58:08.8335749Z ( STDERR )  job 72
2025-09-17T14:58:08.8336144Z ( STDERR )  job 72    STDERR: (t49DB7308:t0AB8593B) Fetching input `jobs` (path) /build/yath-377-2TqxA3/tmp/JGWKw6/cv4BJzFlGy/jobs
2025-09-17T14:58:08.8336712Z ( STDERR )  job 72    copying input jobs from /build/yath-377-2TqxA3/tmp/JGWKw6/cv4BJzFlGy/jobs
2025-09-17T14:58:08.8337097Z ( STDERR )  job 72    (t49DB7308:t0AB8593B) Evaluating...
2025-09-17T14:58:08.8337627Z ( STDERR )  job 72    DBIx::Class::Row::store_column(): No such column 'jobset' on Hydra::Model::DB::Builds at /build/source/src/script/hydra-eval-jobset line 571
2025-09-17T14:58:08.8338305Z ( STDERR )  job 72    Evaluating jobs/basic.nix should exit with return code 0.
2025-09-17T14:58:08.8338397Z ( FAILED )  job 72    evaluator/evaluate-basic.t
2025-09-17T14:58:08.8338471Z (  TIME  )  job 72    Total: 4.43339s
2025-09-17T14:58:08.8338605Z < REASON >  job 72    No plan was declared, and no assertions were made.
2025-09-17T14:58:08.8338791Z ( STDERR )  job 74    Evaluation unexpectedly failed for jobset tB5AE5F8C:tB7588DC8:
2025-09-17T14:58:08.8339149Z ( STDERR )  job 74    DBIx::Class::Row::store_column(): No such column 'project' on Hydra::Model::DB::Builds at /build/source/src/script/hydra-eval-jobset line 571
2025-09-17T14:58:08.8339222Z ( STDERR )  job 74
2025-09-17T14:58:08.8339515Z ( STDERR )  job 74    STDERR: (tB5AE5F8C:tB7588DC8) Fetching input `jobs` (path) /build/yath-377-2TqxA3/tmp/b2ttdN/cv4BJzFlGy/jobs
2025-09-17T14:58:08.8339714Z ( STDERR )  job 74    copying input jobs from /build/yath-377-2TqxA3/tmp/b2ttdN/cv4BJzFlGy/jobs
2025-09-17T14:58:08.8339822Z ( STDERR )  job 74    (tB5AE5F8C:tB7588DC8) Evaluating...
2025-09-17T14:58:08.8340177Z ( STDERR )  job 74    DBIx::Class::Row::store_column(): No such column 'project' on Hydra::Model::DB::Builds at /build/source/src/script/hydra-eval-jobset line 571
2025-09-17T14:58:08.8340508Z ( STDERR )  job 74    Evaluating jobs/constituents.nix should exit with return code 0.
2025-09-17T14:58:08.8340637Z ( FAILED )  job 74    evaluator/evaluate-constituents-gc.t
2025-09-17T14:58:08.8340706Z (  TIME  )  job 74    Total: 4.37256s
2025-09-17T14:58:08.8340840Z < REASON >  job 74    No plan was declared, and no assertions were made.
2025-09-17T14:58:08.8340939Z [  FAIL  ]  job 73  +~broken constituents expression
2025-09-17T14:58:08.8341042Z [  PASS  ]  job 73    + hydra-eval-jobset exits non-zero
2025-09-17T14:58:08.8341135Z [  PASS  ]  job 73    + Stderr output is UTF8-clean
2025-09-17T14:58:08.8341274Z [  PASS  ]  job 73    + The stderr record includes a relevant error message
2025-09-17T14:58:08.8341387Z [  FAIL  ]  job 73    + The jobset records a relevant error message
2025-09-17T14:58:08.8341530Z [  DEBUG ]  job 73    | evaluator/evaluate-constituents-broken.t line 27
2025-09-17T14:58:08.8341676Z (  DIAG  )  job 73    | +----------------------------------+----+----------------------------------+
2025-09-17T14:58:08.8341802Z (  DIAG  )  job 73    | | GOT                              | OP | CHECK                            |
2025-09-17T14:58:08.8342042Z (  DIAG  )  job 73    | +----------------------------------+----+----------------------------------+
2025-09-17T14:58:08.8342563Z (  DIAG  )  job 73    | | DBIx::Class::Row::store_column() | =~ | (?^u:aggregate job ‘mixed_aggreg |
2025-09-17T14:58:08.8343120Z (  DIAG  )  job 73    | | : No such column 'jobset' on Hyd |    | ate’ failed with the error: cons |
2025-09-17T14:58:08.8343299Z (  DIAG  )  job 73    | | ra::Model::DB::Builds at /build/ |    | tituentA: does not exist)        |
2025-09-17T14:58:08.8343491Z (  DIAG  )  job 73    | | source/src/script/hydra-eval-job |    |                                  |
2025-09-17T14:58:08.8343628Z (  DIAG  )  job 73    | | set line 571\n                   |    |                                  |
2025-09-17T14:58:08.8343772Z (  DIAG  )  job 73    | +----------------------------------+----+----------------------------------+
2025-09-17T14:58:08.8343873Z [  PLAN  ]  job 73    | Expected assertions: 4
2025-09-17T14:58:08.8343933Z             job 73    ^
2025-09-17T14:58:08.8344054Z (  DIAG  )  job 73    Failed test 'broken constituents expression'
2025-09-17T14:58:08.8344199Z (  DIAG  )  job 73    at evaluator/evaluate-constituents-broken.t line 32.
2025-09-17T14:58:08.8344264Z [  FAIL  ]  job 73  +~no matches
2025-09-17T14:58:08.8344366Z [  PASS  ]  job 73    + hydra-eval-jobset exits non-zero
2025-09-17T14:58:08.8344459Z [  PASS  ]  job 73    + Stderr output is UTF8-clean
2025-09-17T14:58:08.8344592Z [  PASS  ]  job 73    + The stderr record includes a relevant error message
2025-09-17T14:58:08.8344915Z [  FAIL  ]  job 73    + (?^u:in job ‘non_match_aggregate’:\ntests\.\*: constituent glob pattern had no matches)
2025-09-17T14:58:08.8345056Z [  DEBUG ]  job 73    | evaluator/evaluate-constituents-broken.t line 52
2025-09-17T14:58:08.8345201Z (  DIAG  )  job 73    | +----------------------------------+----+----------------------------------+
2025-09-17T14:58:08.8345339Z (  DIAG  )  job 73    | | GOT                              | OP | CHECK                            |
2025-09-17T14:58:08.8345482Z (  DIAG  )  job 73    | +----------------------------------+----+----------------------------------+
2025-09-17T14:58:08.8345735Z (  DIAG  )  job 73    | | DBIx::Class::Row::store_column() | =~ | (?^u:aggregate job ‘non_match_ag |
2025-09-17T14:58:08.8346020Z (  DIAG  )  job 73    | | : No such column 'jobset' on Hyd |    | gregate’ failed with the error:  |
2025-09-17T14:58:08.8346194Z (  DIAG  )  job 73    | | ra::Model::DB::Builds at /build/ |    | tests\.\*: constituent glob patt |
2025-09-17T14:58:08.8346396Z (  DIAG  )  job 73    | | source/src/script/hydra-eval-job |    | ern had no matches)              |
2025-09-17T14:58:08.8346531Z (  DIAG  )  job 73    | | set line 571\n                   |    |                                  |
2025-09-17T14:58:08.8346673Z (  DIAG  )  job 73    | +----------------------------------+----+----------------------------------+
2025-09-17T14:58:08.8346920Z (  DIAG  )  job 73    | The jobset records a relevant error message
2025-09-17T14:58:08.8347049Z [  PLAN  ]  job 73    | Expected assertions: 4
2025-09-17T14:58:08.8347114Z             job 73    ^
2025-09-17T14:58:08.8347194Z (  DIAG  )  job 73    Failed test 'no matches'
2025-09-17T14:58:08.8347341Z (  DIAG  )  job 73    at evaluator/evaluate-constituents-broken.t line 58.
2025-09-17T14:58:08.8347429Z [  PLAN  ]  job 73    Expected assertions: 2
2025-09-17T14:58:08.8347498Z ( MEMORY )  job 73    rss:  82380kB
2025-09-17T14:58:08.8347565Z ( MEMORY )  job 73    size: 322700kB
2025-09-17T14:58:08.8347636Z ( MEMORY )  job 73    peak: 322700kB
2025-09-17T14:58:08.8347933Z (  DIAG  )  job 73    Seeded srand with seed '20250917' from local date.
2025-09-17T14:58:08.8348056Z ( FAILED )  job 73    evaluator/evaluate-constituents-broken.t
2025-09-17T14:58:08.8348239Z (  TIME  )  job 73    Startup: 4.45972s | Events: 1.19911s | Cleanup: 0.21419s | Total: 5.87302s
2025-09-17T14:58:08.8348488Z < REASON >  job 73    Test script returned error (Err: 2)
2025-09-17T14:58:08.8348623Z < REASON >  job 73    Assertion failures were encountered (Count: 2)
2025-09-17T14:58:08.8348748Z < REASON >  job 73    Subtest failures were encountered (Count: 2)
2025-09-17T14:58:08.8348824Z [  FAIL  ]  job 75  +~general glob testing
2025-09-17T14:58:08.8348954Z < REASON >  job 75    Subtest failures were encountered (Count: 2)
2025-09-17T14:58:08.8349048Z [  FAIL  ]  job 75    + hydra-eval-jobset exits zero
2025-09-17T14:58:08.8349194Z [  DEBUG ]  job 75    | evaluator/evaluate-constituents-globbing.t line 19
2025-09-17T14:58:08.8349272Z (  DIAG  )  job 75    | +-----+----+-------+
2025-09-17T14:58:08.8349347Z (  DIAG  )  job 75    | | GOT | OP | CHECK |
2025-09-17T14:58:08.8349423Z (  DIAG  )  job 75    | +-----+----+-------+
2025-09-17T14:58:08.8349495Z (  DIAG  )  job 75    | | 256 | eq | 0     |
2025-09-17T14:58:08.8349566Z (  DIAG  )  job 75    | +-----+----+-------+
2025-09-17T14:58:08.8349648Z [  FAIL  ]  job 75    +~basic globbing works
2025-09-17T14:58:08.8349734Z < REASON >  job 75    | No plan was declared
2025-09-17T14:58:08.8349859Z [  FAIL  ]  job 75    | + 'ok_aggregate' is part of the jobset evaluation
2025-09-17T14:58:08.8350021Z (  DIAG  )  job 75    | | Failed test ''ok_aggregate' is part of the jobset evaluation'
2025-09-17T14:58:08.8350169Z (  DIAG  )  job 75    | | at evaluator/evaluate-constituents-globbing.t line 27.
2025-09-17T14:58:08.8350229Z             job 75    | ^
2025-09-17T14:58:08.8350336Z (  DIAG  )  job 75    | Failed test 'basic globbing works'
2025-09-17T14:58:08.8350484Z (  DIAG  )  job 75    | at evaluator/evaluate-constituents-globbing.t line 35.
2025-09-17T14:58:08.8350872Z (  DIAG  )  job 75    | Caught exception in subtest: Can't call method "constituents" on an undefined value at evaluator/evaluate-constituents-globbing.t line 28.
2025-09-17T14:58:08.8350949Z [  FAIL  ]  job 75    +~transitivity is OK
2025-09-17T14:58:08.8351028Z < REASON >  job 75    | No plan was declared
2025-09-17T14:58:08.8351180Z [  FAIL  ]  job 75    | + 'indirect_aggregate' is part of the jobset evaluation
2025-09-17T14:58:08.8351356Z (  DIAG  )  job 75    | | Failed test ''indirect_aggregate' is part of the jobset evaluation'
2025-09-17T14:58:08.8351508Z (  DIAG  )  job 75    | | at evaluator/evaluate-constituents-globbing.t line 38.
2025-09-17T14:58:08.8351569Z             job 75    | ^
2025-09-17T14:58:08.8351671Z (  DIAG  )  job 75    | Failed test 'transitivity is OK'
2025-09-17T14:58:08.8351822Z (  DIAG  )  job 75    | at evaluator/evaluate-constituents-globbing.t line 42.
2025-09-17T14:58:08.8352196Z (  DIAG  )  job 75    | Caught exception in subtest: Can't call method "constituents" on an undefined value at evaluator/evaluate-constituents-globbing.t line 39.
2025-09-17T14:58:08.8352280Z [  PLAN  ]  job 75    | Expected assertions: 3
2025-09-17T14:58:08.8352343Z             job 75    ^
2025-09-17T14:58:08.8352444Z (  DIAG  )  job 75    Failed test 'general glob testing'
2025-09-17T14:58:08.8352758Z (  DIAG  )  job 75    at evaluator/evaluate-constituents-globbing.t line 43.
2025-09-17T14:58:08.8352871Z [  FAIL  ]  job 75  +~* selects all except current aggregate
2025-09-17T14:58:08.8352997Z < REASON >  job 75    Subtest failures were encountered (Count: 2)
2025-09-17T14:58:08.8353071Z [  FAIL  ]  job 75    +~no eval errors
2025-09-17T14:58:08.8353165Z [  PASS  ]  job 75    | + Stderr output is UTF8-clean
2025-09-17T14:58:08.8353313Z [  PASS  ]  job 75    | + Catchall wildcard must not select itself as constituent
2025-09-17T14:58:08.8353402Z [  FAIL  ]  job 75    | + eval-errors non-empty
2025-09-17T14:58:08.8353549Z [  DEBUG ]  job 75    | | evaluator/evaluate-constituents-globbing.t line 63
2025-09-17T14:58:08.8353624Z (  DIAG  )  job 75    | | +-----+----+-------+
2025-09-17T14:58:08.8353704Z (  DIAG  )  job 75    | | | GOT | OP | CHECK |
2025-09-17T14:58:08.8353778Z (  DIAG  )  job 75    | | +-----+----+-------+
2025-09-17T14:58:08.8353855Z (  DIAG  )  job 75    | | | 1   | eq | 0     |
2025-09-17T14:58:08.8353994Z (  DIAG  )  job 75    | | +-----+----+-------+
2025-09-17T14:58:08.8354082Z [  PLAN  ]  job 75    | | Expected assertions: 3
2025-09-17T14:58:08.8354145Z             job 75    | ^
2025-09-17T14:58:08.8354238Z (  DIAG  )  job 75    | Failed test 'no eval errors'
2025-09-17T14:58:08.8354386Z (  DIAG  )  job 75    | at evaluator/evaluate-constituents-globbing.t line 68.
2025-09-17T14:58:08.8354462Z [  FAIL  ]  job 75    +~two constituents
2025-09-17T14:58:08.8354542Z < REASON >  job 75    | No plan was declared
2025-09-17T14:58:08.8354671Z [  FAIL  ]  job 75    | + 'ok_aggregate' is part of the jobset evaluation
2025-09-17T14:58:08.8354826Z (  DIAG  )  job 75    | | Failed test ''ok_aggregate' is part of the jobset evaluation'
2025-09-17T14:58:08.8354976Z (  DIAG  )  job 75    | | at evaluator/evaluate-constituents-globbing.t line 76.
2025-09-17T14:58:08.8355039Z             job 75    | ^
2025-09-17T14:58:08.8355133Z (  DIAG  )  job 75    | Failed test 'two constituents'
2025-09-17T14:58:08.8355285Z (  DIAG  )  job 75    | at evaluator/evaluate-constituents-globbing.t line 84.
2025-09-17T14:58:08.8355668Z (  DIAG  )  job 75    | Caught exception in subtest: Can't call method "constituents" on an undefined value at evaluator/evaluate-constituents-globbing.t line 77.
2025-09-17T14:58:08.8355752Z [  PLAN  ]  job 75    | Expected assertions: 2
2025-09-17T14:58:08.8355816Z             job 75    ^
2025-09-17T14:58:08.8355950Z (  DIAG  )  job 75    Failed test '* selects all except current aggregate'
2025-09-17T14:58:08.8356096Z (  DIAG  )  job 75    at evaluator/evaluate-constituents-globbing.t line 85.
2025-09-17T14:58:08.8356175Z [  PASS  ]  job 75  +~trivial cycle check
2025-09-17T14:58:08.8356283Z [  PASS  ]  job 75    + Dependency cycle error is on stderr
2025-09-17T14:58:08.8356373Z [  PASS  ]  job 75    + Stderr output is UTF8-clean
2025-09-17T14:58:08.8356459Z [  PASS  ]  job 75    + eval-errors non-empty
2025-09-17T14:58:08.8356550Z [  PASS  ]  job 75    + No builds should be scheduled
2025-09-17T14:58:08.8356640Z [  PLAN  ]  job 75    | Expected assertions: 4
2025-09-17T14:58:08.8356702Z             job 75    ^
2025-09-17T14:58:08.8356785Z [  FAIL  ]  job 75  +~cycle check with globbing
2025-09-17T14:58:08.8356878Z [  PASS  ]  job 75    + Stderr output is UTF8-clean
2025-09-17T14:58:08.8356988Z [  FAIL  ]  job 75    + packages.constituentA error missing
2025-09-17T14:58:08.8357133Z [  DEBUG ]  job 75    | evaluator/evaluate-constituents-globbing.t line 127
2025-09-17T14:58:08.8357286Z (  DIAG  )  job 75    | +----------------------------------+----+----------------------------------+
2025-09-17T14:58:08.8357411Z (  DIAG  )  job 75    | | GOT                              | OP | CHECK                            |
2025-09-17T14:58:08.8357555Z (  DIAG  )  job 75    | +----------------------------------+----+----------------------------------+
2025-09-17T14:58:08.8358127Z (  DIAG  )  job 75    | | DBIx::Class::Row::store_column() | =~ | (?^u:aggregate job ‘indirect_agg |
2025-09-17T14:58:08.8358584Z (  DIAG  )  job 75    | | : No such column 'jobset' on Hyd |    | regate’ failed with the error: D |
2025-09-17T14:58:08.8358801Z (  DIAG  )  job 75    | | ra::Model::DB::Builds at /build/ |    | ependency cycle: indirect_aggreg |
2025-09-17T14:58:08.8359012Z (  DIAG  )  job 75    | | source/src/script/hydra-eval-job |    | ate <-> packages.constituentA)   |
2025-09-17T14:58:08.8359147Z (  DIAG  )  job 75    | | set line 571\n                   |    |                                  |
2025-09-17T14:58:08.8359295Z (  DIAG  )  job 75    | +----------------------------------+----+----------------------------------+
2025-09-17T14:58:08.8359380Z [  PASS  ]  job 75    + Zero jobs are scheduled
2025-09-17T14:58:08.8359466Z [  PLAN  ]  job 75    | Expected assertions: 3
2025-09-17T14:58:08.8359525Z             job 75    ^
2025-09-17T14:58:08.8359634Z (  DIAG  )  job 75    Failed test 'cycle check with globbing'
2025-09-17T14:58:08.8359790Z (  DIAG  )  job 75    at evaluator/evaluate-constituents-globbing.t line 136.
2025-09-17T14:58:08.8359987Z [  PLAN  ]  job 75    Expected assertions: 4
2025-09-17T14:58:08.8360056Z ( MEMORY )  job 75    rss:  82120kB
2025-09-17T14:58:08.8360128Z ( MEMORY )  job 75    size: 322752kB
2025-09-17T14:58:08.8360196Z ( MEMORY )  job 75    peak: 322764kB
2025-09-17T14:58:08.8360320Z (  DIAG  )  job 75    Seeded srand with seed '20250917' from local date.
2025-09-17T14:58:08.8360452Z ( FAILED )  job 75    evaluator/evaluate-constituents-globbing.t
2025-09-17T14:58:08.8360628Z (  TIME  )  job 75    Startup: 3.79673s | Events: 3.85466s | Cleanup: 0.23728s | Total: 7.88867s
2025-09-17T14:58:08.8360741Z < REASON >  job 75    Test script returned error (Err: 3)
2025-09-17T14:58:08.8360846Z < REASON >  job 75    Errors were encountered (Count: 2)
2025-09-17T14:58:08.8360978Z < REASON >  job 75    Assertion failures were encountered (Count: 3)
2025-09-17T14:58:08.8361106Z < REASON >  job 75    Subtest failures were encountered (Count: 3)
2025-09-17T14:58:08.8361355Z ( SKIPPED)  job 79    evaluator/evaluate-oom-job.t  -  `systemd-run` failed when invoked in this environment
2025-09-17T14:58:08.8361539Z ( STDERR )  job 77    Evaluation unexpectedly failed for jobset t989222DC:t2A64C998:
2025-09-17T14:58:08.8361902Z ( STDERR )  job 77    DBIx::Class::Row::store_column(): No such column 'project' on Hydra::Model::DB::Builds at /build/source/src/script/hydra-eval-jobset line 571
2025-09-17T14:58:08.8361963Z ( STDERR )  job 77
2025-09-17T14:58:08.8362257Z ( STDERR )  job 77    STDERR: (t989222DC:t2A64C998) Fetching input `jobs` (path) /build/yath-377-2TqxA3/tmp/GBAFtM/cv4BJzFlGy/jobs
2025-09-17T14:58:08.8362458Z ( STDERR )  job 77    copying input jobs from /build/yath-377-2TqxA3/tmp/GBAFtM/cv4BJzFlGy/jobs
2025-09-17T14:58:08.8362559Z ( STDERR )  job 77    (t989222DC:t2A64C998) Evaluating...
2025-09-17T14:58:08.8362921Z ( STDERR )  job 77    DBIx::Class::Row::store_column(): No such column 'project' on Hydra::Model::DB::Builds at /build/source/src/script/hydra-eval-jobset line 571
2025-09-17T14:58:08.8363004Z [  FAIL  ]  job 77  +~Flake using `checks`
2025-09-17T14:58:08.8363141Z < REASON >  job 77    No plan was declared, and no assertions were made.
2025-09-17T14:58:08.8363240Z (  DIAG  )  job 77    Failed test 'Flake using `checks`'
2025-09-17T14:58:08.8363348Z (  DIAG  )  job 77    at evaluator/evaluate-flake.t line 61.
2025-09-17T14:58:08.8363785Z (  DIAG  )  job 77    Caught exception in subtest: Evaluating jobs/path:/build/yath-377-2TqxA3/tmp/GBAFtM/cv4BJzFlGy/jobs/flake-checks should exit with return code 0.
2025-09-17T14:58:08.8363960Z ( STDERR )  job 77    Evaluation unexpectedly failed for jobset t250A6104:tF88ACC36:
2025-09-17T14:58:08.8364318Z ( STDERR )  job 77    DBIx::Class::Row::store_column(): No such column 'project' on Hydra::Model::DB::Builds at /build/source/src/script/hydra-eval-jobset line 571
2025-09-17T14:58:08.8364380Z ( STDERR )  job 77
2025-09-17T14:58:08.8364665Z ( STDERR )  job 77    STDERR: (t250A6104:tF88ACC36) Fetching input `jobs` (path) /build/yath-377-2TqxA3/tmp/GBAFtM/cv4BJzFlGy/jobs
2025-09-17T14:58:08.8364863Z ( STDERR )  job 77    (t250A6104:tF88ACC36) Evaluating...
2025-09-17T14:58:08.8365243Z ( STDERR )  job 77    DBIx::Class::Row::store_column(): No such column 'project' on Hydra::Model::DB::Builds at /build/source/src/script/hydra-eval-jobset line 571
2025-09-17T14:58:08.8365331Z [  FAIL  ]  job 77  +~Flake using `hydraJobs`
2025-09-17T14:58:08.8365464Z < REASON >  job 77    No plan was declared, and no assertions were made.
2025-09-17T14:58:08.8365568Z (  DIAG  )  job 77    Failed test 'Flake using `hydraJobs`'
2025-09-17T14:58:08.8365680Z (  DIAG  )  job 77    at evaluator/evaluate-flake.t line 65.
2025-09-17T14:58:08.8366118Z (  DIAG  )  job 77    Caught exception in subtest: Evaluating jobs/path:/build/yath-377-2TqxA3/tmp/GBAFtM/cv4BJzFlGy/jobs/flake-hydraJobs should exit with return code 0.
2025-09-17T14:58:08.8366201Z [  PLAN  ]  job 77    Expected assertions: 2
2025-09-17T14:58:08.8366274Z ( MEMORY )  job 77    rss:  82376kB
2025-09-17T14:58:08.8366341Z ( MEMORY )  job 77    size: 322944kB
2025-09-17T14:58:08.8366488Z ( MEMORY )  job 77    peak: 322944kB
2025-09-17T14:58:08.8366617Z (  DIAG  )  job 77    Seeded srand with seed '20250917' from local date.
2025-09-17T14:58:08.8367366Z ( STDERR )  job 77      (in cleanup) Can't call method "initialize" on an undefined value at /nix/store/41mdlkqwdipdhgcaq97sjgzjilkd87jk-hydra-perl-deps/lib/perl5/site_perl/5.40.0/aarch64-linux-thread-multi/Class/MOP/Method/Meta.pm line 42 during global destruction.
2025-09-17T14:58:08.8367463Z ( FAILED )  job 77    evaluator/evaluate-flake.t
2025-09-17T14:58:08.8367638Z (  TIME  )  job 77    Startup: 3.75687s | Events: 1.17002s | Cleanup: 0.05231s | Total: 4.97920s
2025-09-17T14:58:08.8367900Z < REASON >  job 77    Test script returned error (Err: 2)
2025-09-17T14:58:08.8368013Z < REASON >  job 77    Errors were encountered (Count: 2)
2025-09-17T14:58:08.8368145Z < REASON >  job 77    Assertion failures were encountered (Count: 2)
2025-09-17T14:58:08.8368277Z < REASON >  job 77    Subtest failures were encountered (Count: 2)
2025-09-17T14:58:08.8368492Z ( STDERR )  job 76    Evaluation unexpectedly failed for jobset tests:build-output-as-input:
2025-09-17T14:58:08.8368848Z ( STDERR )  job 76    DBIx::Class::Row::store_column(): No such column 'project' on Hydra::Model::DB::Builds at /build/source/src/script/hydra-eval-jobset line 571
2025-09-17T14:58:08.8368913Z ( STDERR )  job 76
2025-09-17T14:58:08.8369120Z ( STDERR )  job 76    STDERR: (tests:build-output-as-input) Fetching input `build1` (build) build1
2025-09-17T14:58:08.8369415Z ( STDERR )  job 76    (tests:build-output-as-input) Fetching input `jobs` (path) /build/yath-377-2TqxA3/tmp/9zIjqa/cv4BJzFlGy/jobs
2025-09-17T14:58:08.8369616Z ( STDERR )  job 76    copying input jobs from /build/yath-377-2TqxA3/tmp/9zIjqa/cv4BJzFlGy/jobs
2025-09-17T14:58:08.8369742Z ( STDERR )  job 76    (tests:build-output-as-input) Evaluating...
2025-09-17T14:58:08.8369963Z ( STDERR )  job 76    error: cannot evaluate a function that has an argument without a value ('build1')
2025-09-17T14:58:08.8370154Z ( STDERR )  job 76           Nix attempted to evaluate a function as a top level expression; in
2025-09-17T14:58:08.8370324Z ( STDERR )  job 76           this case it must have its arguments supplied either by default
2025-09-17T14:58:08.8370487Z ( STDERR )  job 76           values, or passed explicitly with '--arg' or '--argstr'. See
2025-09-17T14:58:08.8370704Z ( STDERR )  job 76           https://nixos.org/manual/nix/stable/language/constructs.html#functions.
2025-09-17T14:58:08.8371136Z ( STDERR )  job 76           at /build/yath-377-2TqxA3/tmp/9zIjqa/cv4BJzFlGy/nix/store/c1qsigqk7nyxpbbf7hylsnwhnc9xmkwq-jobs/build-output-as-input.nix:11:9:
2025-09-17T14:58:08.8371218Z ( STDERR )  job 76               10|     build2 =
2025-09-17T14:58:08.8371306Z ( STDERR )  job 76               11|       { build1 }:
2025-09-17T14:58:08.8371386Z ( STDERR )  job 76                 |         ^
2025-09-17T14:58:08.8371485Z ( STDERR )  job 76               12|       mkDerivation {
2025-09-17T14:58:08.8371974Z ( STDERR )  job 76    DBIx::Class::Row::store_column(): No such column 'project' on Hydra::Model::DB::Builds at /build/source/src/script/hydra-eval-jobset line 571
2025-09-17T14:58:08.8372193Z [  FAIL  ]  job 76  + Evaluating jobs/build-output-as-input.nix should exit with return code 0
2025-09-17T14:58:08.8372431Z (  DIAG  )  job 76    Failed test 'Evaluating jobs/build-output-as-input.nix should exit with return code 0'
2025-09-17T14:58:08.8372574Z (  DIAG  )  job 76    at evaluator/evaluate-dependent-jobsets.t line 18.
2025-09-17T14:58:08.8372690Z [  FAIL  ]  job 76  + Evaluation should result in 1 build in queue
2025-09-17T14:58:08.8372823Z [  DEBUG ]  job 76    evaluator/evaluate-dependent-jobsets.t line 19
2025-09-17T14:58:08.8372899Z (  DIAG  )  job 76    +-----+----+-------+
2025-09-17T14:58:08.8372973Z (  DIAG  )  job 76    | GOT | OP | CHECK |
2025-09-17T14:58:08.8373047Z (  DIAG  )  job 76    +-----+----+-------+
2025-09-17T14:58:08.8373116Z (  DIAG  )  job 76    | 0   | eq | 1     |
2025-09-17T14:58:08.8373286Z (  DIAG  )  job 76    +-----+----+-------+
2025-09-17T14:58:08.8373363Z [  FAIL  ]  job 76  +~For the 'build1' job
2025-09-17T14:58:08.8373496Z < REASON >  job 76    No plan was declared, and no assertions were made.
2025-09-17T14:58:08.8373596Z (  DIAG  )  job 76    Failed test 'For the 'build1' job'
2025-09-17T14:58:08.8373737Z (  DIAG  )  job 76    at evaluator/evaluate-dependent-jobsets.t line 29.
2025-09-17T14:58:08.8374109Z (  DIAG  )  job 76    Caught exception in subtest: Can't call method "job" on an undefined value at evaluator/evaluate-dependent-jobsets.t line 23.
2025-09-17T14:58:08.8374323Z ( STDERR )  job 76    Evaluation unexpectedly failed for jobset tests:build-output-as-input:
2025-09-17T14:58:08.8374676Z ( STDERR )  job 76    DBIx::Class::Row::store_column(): No such column 'jobset' on Hydra::Model::DB::Builds at /build/source/src/script/hydra-eval-jobset line 571
2025-09-17T14:58:08.8374737Z ( STDERR )  job 76
2025-09-17T14:58:08.8374956Z ( STDERR )  job 76    STDERR: (tests:build-output-as-input) Fetching input `build1` (build) build1
2025-09-17T14:58:08.8375253Z ( STDERR )  job 76    (tests:build-output-as-input) Fetching input `jobs` (path) /build/yath-377-2TqxA3/tmp/9zIjqa/cv4BJzFlGy/jobs
2025-09-17T14:58:08.8375382Z ( STDERR )  job 76    (tests:build-output-as-input) Evaluating...
2025-09-17T14:58:08.8375603Z ( STDERR )  job 76    error: cannot evaluate a function that has an argument without a value ('build1')
2025-09-17T14:58:08.8375786Z ( STDERR )  job 76           Nix attempted to evaluate a function as a top level expression; in
2025-09-17T14:58:08.8375958Z ( STDERR )  job 76           this case it must have its arguments supplied either by default
2025-09-17T14:58:08.8376119Z ( STDERR )  job 76           values, or passed explicitly with '--arg' or '--argstr'. See
2025-09-17T14:58:08.8376330Z ( STDERR )  job 76           https://nixos.org/manual/nix/stable/language/constructs.html#functions.
2025-09-17T14:58:08.8376762Z ( STDERR )  job 76           at /build/yath-377-2TqxA3/tmp/9zIjqa/cv4BJzFlGy/nix/store/c1qsigqk7nyxpbbf7hylsnwhnc9xmkwq-jobs/build-output-as-input.nix:11:9:
2025-09-17T14:58:08.8376847Z ( STDERR )  job 76               10|     build2 =
2025-09-17T14:58:08.8376938Z ( STDERR )  job 76               11|       { build1 }:
2025-09-17T14:58:08.8377014Z ( STDERR )  job 76                 |         ^
2025-09-17T14:58:08.8377114Z ( STDERR )  job 76               12|       mkDerivation {
2025-09-17T14:58:08.8377466Z ( STDERR )  job 76    DBIx::Class::Row::store_column(): No such column 'jobset' on Hydra::Model::DB::Builds at /build/source/src/script/hydra-eval-jobset line 571
2025-09-17T14:58:08.8377826Z [  FAIL  ]  job 76  + Evaluating jobs/build-output-as-input.nix for second time should exit with return code 0
2025-09-17T14:58:08.8378123Z (  DIAG  )  job 76    Failed test 'Evaluating jobs/build-output-as-input.nix for second time should exit with return code 0'
2025-09-17T14:58:08.8378377Z (  DIAG  )  job 76    at evaluator/evaluate-dependent-jobsets.t line 31.
2025-09-17T14:58:08.8378559Z [  FAIL  ]  job 76  + The second evaluation should result in 1 new build in queue: build2
2025-09-17T14:58:08.8378698Z [  DEBUG ]  job 76    evaluator/evaluate-dependent-jobsets.t line 32
2025-09-17T14:58:08.8378768Z (  DIAG  )  job 76    +-----+----+-------+
2025-09-17T14:58:08.8378839Z (  DIAG  )  job 76    | GOT | OP | CHECK |
2025-09-17T14:58:08.8378911Z (  DIAG  )  job 76    +-----+----+-------+
2025-09-17T14:58:08.8378981Z (  DIAG  )  job 76    | 0   | eq | 1     |
2025-09-17T14:58:08.8379055Z (  DIAG  )  job 76    +-----+----+-------+
2025-09-17T14:58:08.8379128Z [  FAIL  ]  job 76  +~For the 'build2' job
2025-09-17T14:58:08.8379262Z < REASON >  job 76    No plan was declared, and no assertions were made.
2025-09-17T14:58:08.8379363Z (  DIAG  )  job 76    Failed test 'For the 'build2' job'
2025-09-17T14:58:08.8379499Z (  DIAG  )  job 76    at evaluator/evaluate-dependent-jobsets.t line 41.
2025-09-17T14:58:08.8379835Z (  DIAG  )  job 76    Caught exception in subtest: Can't call method "job" on an undefined value at evaluator/evaluate-dependent-jobsets.t line 35.
2025-09-17T14:58:08.8380020Z [  PLAN  ]  job 76    Expected assertions: 6
2025-09-17T14:58:08.8380088Z ( MEMORY )  job 76    rss:  82256kB
2025-09-17T14:58:08.8380154Z ( MEMORY )  job 76    size: 322836kB
2025-09-17T14:58:08.8380228Z ( MEMORY )  job 76    peak: 322848kB
2025-09-17T14:58:08.8380351Z (  DIAG  )  job 76    Seeded srand with seed '20250917' from local date.
2025-09-17T14:58:08.8380474Z ( FAILED )  job 76    evaluator/evaluate-dependent-jobsets.t
2025-09-17T14:58:08.8380649Z (  TIME  )  job 76    Startup: 3.80294s | Events: 1.24149s | Cleanup: 0.19486s | Total: 5.23929s
2025-09-17T14:58:08.8380756Z < REASON >  job 76    Test script returned error (Err: 6)
2025-09-17T14:58:08.8380866Z < REASON >  job 76    Errors were encountered (Count: 2)
2025-09-17T14:58:08.8380998Z < REASON >  job 76    Assertion failures were encountered (Count: 6)
2025-09-17T14:58:08.8381129Z < REASON >  job 76    Subtest failures were encountered (Count: 2)
2025-09-17T14:58:08.8381309Z ( STDERR )  job 78    Evaluation unexpectedly failed for jobset t93A84F6A:t917A9BD6:
2025-09-17T14:58:08.8381666Z ( STDERR )  job 78    DBIx::Class::Row::store_column(): No such column 'project' on Hydra::Model::DB::Builds at /build/source/src/script/hydra-eval-jobset line 571
2025-09-17T14:58:08.8381731Z ( STDERR )  job 78
2025-09-17T14:58:08.8382018Z ( STDERR )  job 78    STDERR: (t93A84F6A:t917A9BD6) Fetching input `jobs` (path) /build/yath-377-2TqxA3/tmp/9BDlx2/cv4BJzFlGy/jobs
2025-09-17T14:58:08.8382216Z ( STDERR )  job 78    copying input jobs from /build/yath-377-2TqxA3/tmp/9BDlx2/cv4BJzFlGy/jobs
2025-09-17T14:58:08.8382323Z ( STDERR )  job 78    (t93A84F6A:t917A9BD6) Evaluating...
2025-09-17T14:58:08.8382674Z ( STDERR )  job 78    DBIx::Class::Row::store_column(): No such column 'project' on Hydra::Model::DB::Builds at /build/source/src/script/hydra-eval-jobset line 571
2025-09-17T14:58:08.8382839Z ( STDERR )  job 78    Evaluating jobs/meta.nix should exit with return code 0.
2025-09-17T14:58:08.8382928Z ( FAILED )  job 78    evaluator/evaluate-meta.t
2025-09-17T14:58:08.8382997Z (  TIME  )  job 78    Total: 3.84246s
2025-09-17T14:58:08.8383133Z < REASON >  job 78    No plan was declared, and no assertions were made.
2025-09-17T14:58:08.8383245Z ( STDOUT )  job 82    Update darcs repository: Create repo.
2025-09-17T14:58:08.8383399Z ( STDERR )  job 82    Evaluation unexpectedly failed for jobset tests:darcs:
2025-09-17T14:58:08.8383759Z ( STDERR )  job 82    DBIx::Class::Row::store_column(): No such column 'project' on Hydra::Model::DB::Builds at /build/source/src/script/hydra-eval-jobset line 571
2025-09-17T14:58:08.8383819Z ( STDERR )  job 82
2025-09-17T14:58:08.8384087Z ( STDERR )  job 82    STDERR: (tests:darcs) Fetching input `jobs` (path) /build/yath-377-2TqxA3/tmp/r8xWu5/cv4BJzFlGy/jobs
2025-09-17T14:58:08.8384286Z ( STDERR )  job 82    copying input jobs from /build/yath-377-2TqxA3/tmp/r8xWu5/cv4BJzFlGy/jobs
2025-09-17T14:58:08.8384683Z ( STDERR )  job 82    (tests:darcs) Fetching input `src` (darcs) file:///build/yath-377-2TqxA3/tmp/r8xWu5/cv4BJzFlGy/scratch/darcs-repo
2025-09-17T14:58:08.8384936Z ( STDERR )  job 82    checking out darcs repo /build/yath-377-2TqxA3/tmp/r8xWu5/cv4BJzFlGy/scratch/darcs-repo
2025-09-17T14:58:08.8385026Z ( STDERR )  job 82    (tests:darcs) Evaluating...
2025-09-17T14:58:08.8385386Z ( STDERR )  job 82    DBIx::Class::Row::store_column(): No such column 'project' on Hydra::Model::DB::Builds at /build/source/src/script/hydra-eval-jobset line 571
2025-09-17T14:58:08.8385539Z ( STDERR )  job 82    Evaluation unexpectedly failed for jobset tests:darcs:
2025-09-17T14:58:08.8385888Z ( STDERR )  job 82    DBIx::Class::Row::store_column(): No such column 'jobset' on Hydra::Model::DB::Builds at /build/source/src/script/hydra-eval-jobset line 571
2025-09-17T14:58:08.8385953Z ( STDERR )  job 82
2025-09-17T14:58:08.8386218Z ( STDERR )  job 82    STDERR: (tests:darcs) Fetching input `jobs` (path) /build/yath-377-2TqxA3/tmp/r8xWu5/cv4BJzFlGy/jobs
2025-09-17T14:58:08.8386586Z ( STDERR )  job 82    (tests:darcs) Fetching input `src` (darcs) file:///build/yath-377-2TqxA3/tmp/r8xWu5/cv4BJzFlGy/scratch/darcs-repo
2025-09-17T14:58:08.8386675Z ( STDERR )  job 82    (tests:darcs) Evaluating...
2025-09-17T14:58:08.8387023Z ( STDERR )  job 82    DBIx::Class::Row::store_column(): No such column 'jobset' on Hydra::Model::DB::Builds at /build/source/src/script/hydra-eval-jobset line 571
2025-09-17T14:58:08.8387123Z ( STDOUT )  job 82    Update darcs repository: End.
2025-09-17T14:58:08.8387215Z [  FAIL  ]  job 82  +~With the SCM input named darcs
2025-09-17T14:58:08.8387343Z < REASON >  job 82    Subtest failures were encountered (Count: 1)
2025-09-17T14:58:08.8387420Z [  FAIL  ]  job 82    +~Mutation number 0
2025-09-17T14:58:08.8387513Z [  FAIL  ]  job 82    | + Evaluating nix-expression.
2025-09-17T14:58:08.8387632Z (  DIAG  )  job 82    | | Failed test 'Evaluating nix-expression.'
2025-09-17T14:58:08.8387931Z (  DIAG  )  job 82    | | at /build/source/t/lib/TestScmInput.pm line 60.
2025-09-17T14:58:08.8388023Z [  FAIL  ]  job 82    | + Expect 1 jobs in the queue.
2025-09-17T14:58:08.8388154Z [  DEBUG ]  job 82    | | /build/source/t/lib/TestScmInput.pm line 64
2025-09-17T14:58:08.8388229Z (  DIAG  )  job 82    | | +-----+----+-------+
2025-09-17T14:58:08.8388303Z (  DIAG  )  job 82    | | | GOT | OP | CHECK |
2025-09-17T14:58:08.8388380Z (  DIAG  )  job 82    | | +-----+----+-------+
2025-09-17T14:58:08.8388449Z (  DIAG  )  job 82    | | | 0   | eq | 1     |
2025-09-17T14:58:08.8388526Z (  DIAG  )  job 82    | | +-----+----+-------+
2025-09-17T14:58:08.8388630Z [  FAIL  ]  job 82    | + Evaluating nix-expression again.
2025-09-17T14:58:08.8388757Z (  DIAG  )  job 82    | | Failed test 'Evaluating nix-expression again.'
2025-09-17T14:58:08.8388886Z (  DIAG  )  job 82    | | at /build/source/t/lib/TestScmInput.pm line 65.
2025-09-17T14:58:08.8388991Z [  FAIL  ]  job 82    | + Expect deterministic evaluation.
2025-09-17T14:58:08.8389121Z [  DEBUG ]  job 82    | | /build/source/t/lib/TestScmInput.pm line 68
2025-09-17T14:58:08.8389199Z (  DIAG  )  job 82    | | +-----+----+-------+
2025-09-17T14:58:08.8389275Z (  DIAG  )  job 82    | | | GOT | OP | CHECK |
2025-09-17T14:58:08.8389347Z (  DIAG  )  job 82    | | +-----+----+-------+
2025-09-17T14:58:08.8389423Z (  DIAG  )  job 82    | | | 0   | eq | 1     |
2025-09-17T14:58:08.8389496Z (  DIAG  )  job 82    | | +-----+----+-------+
2025-09-17T14:58:08.8389586Z [  PLAN  ]  job 82    | | Expected assertions: 4
2025-09-17T14:58:08.8389646Z             job 82    | ^
2025-09-17T14:58:08.8389741Z (  DIAG  )  job 82    | Failed test 'Mutation number 0'
2025-09-17T14:58:08.8389870Z (  DIAG  )  job 82    | at /build/source/t/lib/TestScmInput.pm line 72.
2025-09-17T14:58:08.8389951Z [  PLAN  ]  job 82    | Expected assertions: 1
2025-09-17T14:58:08.8390009Z             job 82    ^
2025-09-17T14:58:08.8390130Z (  DIAG  )  job 82    Failed test 'With the SCM input named darcs'
2025-09-17T14:58:08.8390393Z (  DIAG  )  job 82    at /build/source/t/lib/TestScmInput.pm line 74.
2025-09-17T14:58:08.8390491Z [  PLAN  ]  job 82    Expected assertions: 1
2025-09-17T14:58:08.8390560Z ( MEMORY )  job 82    rss:  82192kB
2025-09-17T14:58:08.8390629Z ( MEMORY )  job 82    size: 322948kB
2025-09-17T14:58:08.8390703Z ( MEMORY )  job 82    peak: 322948kB
2025-09-17T14:58:08.8390827Z (  DIAG  )  job 82    Seeded srand with seed '20250917' from local date.
2025-09-17T14:58:08.8390903Z ( FAILED )  job 82    input-types/darcs.t
2025-09-17T14:58:08.8391082Z (  TIME  )  job 82    Startup: 5.66889s | Events: 0.00157s | Cleanup: 0.20690s | Total: 5.87736s
2025-09-17T14:58:08.8391192Z < REASON >  job 82    Test script returned error (Err: 1)
2025-09-17T14:58:08.8391297Z < REASON >  job 82    Errors were encountered (Count: 1)
2025-09-17T14:58:08.8391433Z < REASON >  job 82    Assertion failures were encountered (Count: 1)
2025-09-17T14:58:08.8391561Z < REASON >  job 82    Subtest failures were encountered (Count: 1)
2025-09-17T14:58:08.8391777Z ( STDOUT )  job 80    Update bzr-checkout repository: Create repo.
2025-09-17T14:58:08.8391954Z ( STDERR )  job 80    Evaluation unexpectedly failed for jobset tests:bzr-checkout:
2025-09-17T14:58:08.8392312Z ( STDERR )  job 80    DBIx::Class::Row::store_column(): No such column 'project' on Hydra::Model::DB::Builds at /build/source/src/script/hydra-eval-jobset line 571
2025-09-17T14:58:08.8392377Z ( STDERR )  job 80
2025-09-17T14:58:08.8392666Z ( STDERR )  job 80    STDERR: (tests:bzr-checkout) Fetching input `jobs` (path) /build/yath-377-2TqxA3/tmp/tMv2Xt/cv4BJzFlGy/jobs
2025-09-17T14:58:08.8392868Z ( STDERR )  job 80    copying input jobs from /build/yath-377-2TqxA3/tmp/tMv2Xt/cv4BJzFlGy/jobs
2025-09-17T14:58:08.8393242Z ( STDERR )  job 80    (tests:bzr-checkout) Fetching input `src` (bzr-checkout) file:///build/yath-377-2TqxA3/tmp/tMv2Xt/cv4BJzFlGy/scratch/bzr-checkout-repo
2025-09-17T14:58:08.8393598Z ( STDERR )  job 80    checking out Bazaar input src from file:///build/yath-377-2TqxA3/tmp/tMv2Xt/cv4BJzFlGy/scratch/bzr-checkout-repo revision 1
2025-09-17T14:58:08.8393712Z ( STDERR )  job 80    (tests:bzr-checkout) Evaluating...
2025-09-17T14:58:08.8394067Z ( STDERR )  job 80    DBIx::Class::Row::store_column(): No such column 'project' on Hydra::Model::DB::Builds at /build/source/src/script/hydra-eval-jobset line 571
2025-09-17T14:58:08.8394244Z ( STDERR )  job 80    Evaluation unexpectedly failed for jobset tests:bzr-checkout:
2025-09-17T14:58:08.8394596Z ( STDERR )  job 80    DBIx::Class::Row::store_column(): No such column 'project' on Hydra::Model::DB::Builds at /build/source/src/script/hydra-eval-jobset line 571
2025-09-17T14:58:08.8394657Z ( STDERR )  job 80
2025-09-17T14:58:08.8394945Z ( STDERR )  job 80    STDERR: (tests:bzr-checkout) Fetching input `jobs` (path) /build/yath-377-2TqxA3/tmp/tMv2Xt/cv4BJzFlGy/jobs
2025-09-17T14:58:08.8395323Z ( STDERR )  job 80    (tests:bzr-checkout) Fetching input `src` (bzr-checkout) file:///build/yath-377-2TqxA3/tmp/tMv2Xt/cv4BJzFlGy/scratch/bzr-checkout-repo
2025-09-17T14:58:08.8395436Z ( STDERR )  job 80    (tests:bzr-checkout) Evaluating...
2025-09-17T14:58:08.8395789Z ( STDERR )  job 80    DBIx::Class::Row::store_column(): No such column 'project' on Hydra::Model::DB::Builds at /build/source/src/script/hydra-eval-jobset line 571
2025-09-17T14:58:08.8395900Z ( STDOUT )  job 80    Update bzr-checkout repository: End.
2025-09-17T14:58:08.8396008Z [  FAIL  ]  job 80  +~With the SCM input named bzr-checkout
2025-09-17T14:58:08.8396133Z < REASON >  job 80    Subtest failures were encountered (Count: 1)
2025-09-17T14:58:08.8396206Z [  FAIL  ]  job 80    +~Mutation number 0
2025-09-17T14:58:08.8396307Z [  FAIL  ]  job 80    | + Evaluating nix-expression.
2025-09-17T14:58:08.8396424Z (  DIAG  )  job 80    | | Failed test 'Evaluating nix-expression.'
2025-09-17T14:58:08.8396552Z (  DIAG  )  job 80    | | at /build/source/t/lib/TestScmInput.pm line 60.
2025-09-17T14:58:08.8396642Z [  FAIL  ]  job 80    | + Expect 1 jobs in the queue.
2025-09-17T14:58:08.8396831Z [  DEBUG ]  job 80    | | /build/source/t/lib/TestScmInput.pm line 64
2025-09-17T14:58:08.8396914Z (  DIAG  )  job 80    | | +-----+----+-------+
2025-09-17T14:58:08.8396988Z (  DIAG  )  job 80    | | | GOT | OP | CHECK |
2025-09-17T14:58:08.8397060Z (  DIAG  )  job 80    | | +-----+----+-------+
2025-09-17T14:58:08.8397135Z (  DIAG  )  job 80    | | | 0   | eq | 1     |
2025-09-17T14:58:08.8397207Z (  DIAG  )  job 80    | | +-----+----+-------+
2025-09-17T14:58:08.8397310Z [  FAIL  ]  job 80    | + Evaluating nix-expression again.
2025-09-17T14:58:08.8397440Z (  DIAG  )  job 80    | | Failed test 'Evaluating nix-expression again.'
2025-09-17T14:58:08.8397573Z (  DIAG  )  job 80    | | at /build/source/t/lib/TestScmInput.pm line 65.
2025-09-17T14:58:08.8397830Z [  FAIL  ]  job 80    | + Expect deterministic evaluation.
2025-09-17T14:58:08.8397957Z [  DEBUG ]  job 80    | | /build/source/t/lib/TestScmInput.pm line 68
2025-09-17T14:58:08.8398034Z (  DIAG  )  job 80    | | +-----+----+-------+
2025-09-17T14:58:08.8398219Z (  DIAG  )  job 80    | | | GOT | OP | CHECK |
2025-09-17T14:58:08.8398294Z (  DIAG  )  job 80    | | +-----+----+-------+
2025-09-17T14:58:08.8398366Z (  DIAG  )  job 80    | | | 0   | eq | 1     |
2025-09-17T14:58:08.8398442Z (  DIAG  )  job 80    | | +-----+----+-------+
2025-09-17T14:58:08.8398527Z [  PLAN  ]  job 80    | | Expected assertions: 4
2025-09-17T14:58:08.8398589Z             job 80    | ^
2025-09-17T14:58:08.8398685Z (  DIAG  )  job 80    | Failed test 'Mutation number 0'
2025-09-17T14:58:08.8398810Z (  DIAG  )  job 80    | at /build/source/t/lib/TestScmInput.pm line 72.
2025-09-17T14:58:08.8398896Z [  PLAN  ]  job 80    | Expected assertions: 1
2025-09-17T14:58:08.8398953Z             job 80    ^
2025-09-17T14:58:08.8399084Z (  DIAG  )  job 80    Failed test 'With the SCM input named bzr-checkout'
2025-09-17T14:58:08.8399210Z (  DIAG  )  job 80    at /build/source/t/lib/TestScmInput.pm line 74.
2025-09-17T14:58:08.8399295Z [  PLAN  ]  job 80    Expected assertions: 1
2025-09-17T14:58:08.8399366Z ( MEMORY )  job 80    rss:  82396kB
2025-09-17T14:58:08.8399438Z ( MEMORY )  job 80    size: 322948kB
2025-09-17T14:58:08.8399506Z ( MEMORY )  job 80    peak: 322948kB
2025-09-17T14:58:08.8399632Z (  DIAG  )  job 80    Seeded srand with seed '20250917' from local date.
2025-09-17T14:58:08.8399724Z ( FAILED )  job 80    input-types/bzr-checkout.t
2025-09-17T14:58:08.8399899Z (  TIME  )  job 80    Startup: 7.13215s | Events: 0.00050s | Cleanup: 0.18710s | Total: 7.31975s
2025-09-17T14:58:08.8400010Z < REASON >  job 80    Test script returned error (Err: 1)
2025-09-17T14:58:08.8400117Z < REASON >  job 80    Errors were encountered (Count: 1)
2025-09-17T14:58:08.8400246Z < REASON >  job 80    Assertion failures were encountered (Count: 1)
2025-09-17T14:58:08.8400375Z < REASON >  job 80    Subtest failures were encountered (Count: 1)
2025-09-17T14:58:08.8400483Z ( STDOUT )  job 81    Update bzr repository: Create repo.
2025-09-17T14:58:08.8400639Z ( STDERR )  job 81    Evaluation unexpectedly failed for jobset tests:bzr:
2025-09-17T14:58:08.8400993Z ( STDERR )  job 81    DBIx::Class::Row::store_column(): No such column 'project' on Hydra::Model::DB::Builds at /build/source/src/script/hydra-eval-jobset line 571
2025-09-17T14:58:08.8401056Z ( STDERR )  job 81
2025-09-17T14:58:08.8401315Z ( STDERR )  job 81    STDERR: (tests:bzr) Fetching input `jobs` (path) /build/yath-377-2TqxA3/tmp/7HwyOp/cv4BJzFlGy/jobs
2025-09-17T14:58:08.8401513Z ( STDERR )  job 81    copying input jobs from /build/yath-377-2TqxA3/tmp/7HwyOp/cv4BJzFlGy/jobs
2025-09-17T14:58:08.8401795Z ( STDERR )  job 81    (tests:bzr) Fetching input `src` (bzr) file:///build/yath-377-2TqxA3/tmp/7HwyOp/cv4BJzFlGy/scratch/bzr-repo
2025-09-17T14:58:08.8402120Z ( STDERR )  job 81    checking out Bazaar input src from file:///build/yath-377-2TqxA3/tmp/7HwyOp/cv4BJzFlGy/scratch/bzr-repo revision 1
2025-09-17T14:58:08.8402212Z ( STDERR )  job 81    (tests:bzr) Evaluating...
2025-09-17T14:58:08.8402714Z ( STDERR )  job 81    DBIx::Class::Row::store_column(): No such column 'project' on Hydra::Model::DB::Builds at /build/source/src/script/hydra-eval-jobset line 571
2025-09-17T14:58:08.8402870Z ( STDERR )  job 81    Evaluation unexpectedly failed for jobset tests:bzr:
2025-09-17T14:58:08.8403223Z ( STDERR )  job 81    DBIx::Class::Row::store_column(): No such column 'project' on Hydra::Model::DB::Builds at /build/source/src/script/hydra-eval-jobset line 571
2025-09-17T14:58:08.8403287Z ( STDERR )  job 81
2025-09-17T14:58:08.8403540Z ( STDERR )  job 81    STDERR: (tests:bzr) Fetching input `jobs` (path) /build/yath-377-2TqxA3/tmp/7HwyOp/cv4BJzFlGy/jobs
2025-09-17T14:58:08.8403821Z ( STDERR )  job 81    (tests:bzr) Fetching input `src` (bzr) file:///build/yath-377-2TqxA3/tmp/7HwyOp/cv4BJzFlGy/scratch/bzr-repo
2025-09-17T14:58:08.8403907Z ( STDERR )  job 81    (tests:bzr) Evaluating...
2025-09-17T14:58:08.8404264Z ( STDERR )  job 81    DBIx::Class::Row::store_column(): No such column 'project' on Hydra::Model::DB::Builds at /build/source/src/script/hydra-eval-jobset line 571
2025-09-17T14:58:08.8404426Z ( STDOUT )  job 81    Update bzr repository: End.
2025-09-17T14:58:08.8404516Z [  FAIL  ]  job 81  +~With the SCM input named bzr
2025-09-17T14:58:08.8404645Z < REASON >  job 81    Subtest failures were encountered (Count: 1)
2025-09-17T14:58:08.8404717Z [  FAIL  ]  job 81    +~Mutation number 0
2025-09-17T14:58:08.8404810Z [  FAIL  ]  job 81    | + Evaluating nix-expression.
2025-09-17T14:58:08.8404933Z (  DIAG  )  job 81    | | Failed test 'Evaluating nix-expression.'
2025-09-17T14:58:08.8405058Z (  DIAG  )  job 81    | | at /build/source/t/lib/TestScmInput.pm line 60.
2025-09-17T14:58:08.8405148Z [  FAIL  ]  job 81    | + Expect 1 jobs in the queue.
2025-09-17T14:58:08.8405276Z [  DEBUG ]  job 81    | | /build/source/t/lib/TestScmInput.pm line 64
2025-09-17T14:58:08.8405349Z (  DIAG  )  job 81    | | +-----+----+-------+
2025-09-17T14:58:08.8405426Z (  DIAG  )  job 81    | | | GOT | OP | CHECK |
2025-09-17T14:58:08.8405505Z (  DIAG  )  job 81    | | +-----+----+-------+
2025-09-17T14:58:08.8405578Z (  DIAG  )  job 81    | | | 0   | eq | 1     |
2025-09-17T14:58:08.8405652Z (  DIAG  )  job 81    | | +-----+----+-------+
2025-09-17T14:58:08.8405757Z [  FAIL  ]  job 81    | + Evaluating nix-expression again.
2025-09-17T14:58:08.8405882Z (  DIAG  )  job 81    | | Failed test 'Evaluating nix-expression again.'
2025-09-17T14:58:08.8406009Z (  DIAG  )  job 81    | | at /build/source/t/lib/TestScmInput.pm line 65.
2025-09-17T14:58:08.8406112Z [  FAIL  ]  job 81    | + Expect deterministic evaluation.
2025-09-17T14:58:08.8406235Z [  DEBUG ]  job 81    | | /build/source/t/lib/TestScmInput.pm line 68
2025-09-17T14:58:08.8406313Z (  DIAG  )  job 81    | | +-----+----+-------+
2025-09-17T14:58:08.8406390Z (  DIAG  )  job 81    | | | GOT | OP | CHECK |
2025-09-17T14:58:08.8406466Z (  DIAG  )  job 81    | | +-----+----+-------+
2025-09-17T14:58:08.8406538Z (  DIAG  )  job 81    | | | 0   | eq | 1     |
2025-09-17T14:58:08.8406617Z (  DIAG  )  job 81    | | +-----+----+-------+
2025-09-17T14:58:08.8406706Z [  PLAN  ]  job 81    | | Expected assertions: 4
2025-09-17T14:58:08.8406767Z             job 81    | ^
2025-09-17T14:58:08.8406864Z (  DIAG  )  job 81    | Failed test 'Mutation number 0'
2025-09-17T14:58:08.8406991Z (  DIAG  )  job 81    | at /build/source/t/lib/TestScmInput.pm line 72.
2025-09-17T14:58:08.8407077Z [  PLAN  ]  job 81    | Expected assertions: 1
2025-09-17T14:58:08.8407140Z             job 81    ^
2025-09-17T14:58:08.8407249Z (  DIAG  )  job 81    Failed test 'With the SCM input named bzr'
2025-09-17T14:58:08.8407372Z (  DIAG  )  job 81    at /build/source/t/lib/TestScmInput.pm line 74.
2025-09-17T14:58:08.8407463Z [  PLAN  ]  job 81    Expected assertions: 1
2025-09-17T14:58:08.8407530Z ( MEMORY )  job 81    rss:  82304kB
2025-09-17T14:58:08.8407598Z ( MEMORY )  job 81    size: 322952kB
2025-09-17T14:58:08.8407673Z ( MEMORY )  job 81    peak: 322952kB
2025-09-17T14:58:08.8408125Z (  DIAG  )  job 81    Seeded srand with seed '20250917' from local date.
2025-09-17T14:58:08.8408215Z ( FAILED )  job 81    input-types/bzr.t
2025-09-17T14:58:08.8408400Z (  TIME  )  job 81    Startup: 7.89483s | Events: 0.00049s | Cleanup: 0.21340s | Total: 8.10872s
2025-09-17T14:58:08.8408507Z < REASON >  job 81    Test script returned error (Err: 1)
2025-09-17T14:58:08.8408616Z < REASON >  job 81    Errors were encountered (Count: 1)
2025-09-17T14:58:08.8408748Z < REASON >  job 81    Assertion failures were encountered (Count: 1)
2025-09-17T14:58:08.8408873Z < REASON >  job 81    Subtest failures were encountered (Count: 1)
2025-09-17T14:58:08.8408995Z ( STDOUT )  job 84    Update git-rev repository: Create repo.
2025-09-17T14:58:08.8409157Z ( STDERR )  job 84    Evaluation unexpectedly failed for jobset tests:git-rev:
2025-09-17T14:58:08.8409514Z ( STDERR )  job 84    DBIx::Class::Row::store_column(): No such column 'project' on Hydra::Model::DB::Builds at /build/source/src/script/hydra-eval-jobset line 571
2025-09-17T14:58:08.8409671Z ( STDERR )  job 84
2025-09-17T14:58:08.8409943Z ( STDERR )  job 84    STDERR: (tests:git-rev) Fetching input `jobs` (path) /build/yath-377-2TqxA3/tmp/1CtBaK/cv4BJzFlGy/jobs
2025-09-17T14:58:08.8410145Z ( STDERR )  job 84    copying input jobs from /build/yath-377-2TqxA3/tmp/1CtBaK/cv4BJzFlGy/jobs
2025-09-17T14:58:08.8410580Z ( STDERR )  job 84    (tests:git-rev) Fetching input `src` (git) file:///build/yath-377-2TqxA3/tmp/1CtBaK/cv4BJzFlGy/scratch/git-repo 7f60df502b96fd54bbfa64dd94b56d936a407701
2025-09-17T14:58:08.8410989Z ( STDERR )  job 84    checking out Git branch 7f60df502b96fd54bbfa64dd94b56d936a407701 from file:///build/yath-377-2TqxA3/tmp/1CtBaK/cv4BJzFlGy/scratch/git-repo
2025-09-17T14:58:08.8411304Z ( STDERR )  job 84    Initialized empty Git repository in /build/yath-377-2TqxA3/tmp/1CtBaK/git-checkout-tmp-0leNfeKb/source/.git/
2025-09-17T14:58:08.8411723Z ( STDERR )  job 84    From /build/yath-377-2TqxA3/tmp/1CtBaK/cv4BJzFlGy/hydra-data/scm/git/5af047b685e2486363ab774c93a7b355c4c3c64a07ad172e2dfd6fcd27d9a447
2025-09-17T14:58:08.8411853Z ( STDERR )  job 84     * branch            _hydra_tmp -> FETCH_HEAD
2025-09-17T14:58:08.8411987Z ( STDERR )  job 84     * [new branch]      _hydra_tmp -> origin/_hydra_tmp
2025-09-17T14:58:08.8412093Z ( STDERR )  job 84    Switched to a new branch 'fetchgit'
2025-09-17T14:58:08.8412169Z ( STDERR )  job 84    removing `.git'...
2025-09-17T14:58:08.8412373Z ( STDERR )  job 84    hash is 3cb7992d3af0cf707462388493a5eb171e936cb26b2e05f6176e796cf2f35208
2025-09-17T14:58:08.8412687Z ( STDERR )  job 84    path is /build/yath-377-2TqxA3/tmp/1CtBaK/cv4BJzFlGy/nix/store/0kxb6q3gw0ad0kciqxvx8y7vq1ixpca7-source
2025-09-17T14:58:08.8412780Z ( STDERR )  job 84    (tests:git-rev) Evaluating...
2025-09-17T14:58:08.8413135Z ( STDERR )  job 84    DBIx::Class::Row::store_column(): No such column 'project' on Hydra::Model::DB::Builds at /build/source/src/script/hydra-eval-jobset line 571
2025-09-17T14:58:08.8413301Z ( STDERR )  job 84    Evaluation unexpectedly failed for jobset tests:git-rev:
2025-09-17T14:58:08.8413654Z ( STDERR )  job 84    DBIx::Class::Row::store_column(): No such column 'jobset' on Hydra::Model::DB::Builds at /build/source/src/script/hydra-eval-jobset line 571
2025-09-17T14:58:08.8413720Z ( STDERR )  job 84
2025-09-17T14:58:08.8413983Z ( STDERR )  job 84    STDERR: (tests:git-rev) Fetching input `jobs` (path) /build/yath-377-2TqxA3/tmp/1CtBaK/cv4BJzFlGy/jobs
2025-09-17T14:58:08.8414415Z ( STDERR )  job 84    (tests:git-rev) Fetching input `src` (git) file:///build/yath-377-2TqxA3/tmp/1CtBaK/cv4BJzFlGy/scratch/git-repo 7f60df502b96fd54bbfa64dd94b56d936a407701
2025-09-17T14:58:08.8414511Z ( STDERR )  job 84    (tests:git-rev) Evaluating...
2025-09-17T14:58:08.8414861Z ( STDERR )  job 84    DBIx::Class::Row::store_column(): No such column 'jobset' on Hydra::Model::DB::Builds at /build/source/src/script/hydra-eval-jobset line 571
2025-09-17T14:58:08.8414959Z ( STDOUT )  job 84    Update git-rev repository: End.
2025-09-17T14:58:08.8415122Z [  FAIL  ]  job 84  +~With the SCM input named git-rev
2025-09-17T14:58:08.8415259Z < REASON >  job 84    Subtest failures were encountered (Count: 1)
2025-09-17T14:58:08.8415337Z [  FAIL  ]  job 84    +~Mutation number 0
2025-09-17T14:58:08.8415430Z [  FAIL  ]  job 84    | + Evaluating nix-expression.
2025-09-17T14:58:08.8415546Z (  DIAG  )  job 84    | | Failed test 'Evaluating nix-expression.'
2025-09-17T14:58:08.8415677Z (  DIAG  )  job 84    | | at /build/source/t/lib/TestScmInput.pm line 60.
2025-09-17T14:58:08.8415766Z [  FAIL  ]  job 84    | + Expect 1 jobs in the queue.
2025-09-17T14:58:08.8415890Z [  DEBUG ]  job 84    | | /build/source/t/lib/TestScmInput.pm line 64
2025-09-17T14:58:08.8415969Z (  DIAG  )  job 84    | | +-----+----+-------+
2025-09-17T14:58:08.8416047Z (  DIAG  )  job 84    | | | GOT | OP | CHECK |
2025-09-17T14:58:08.8416125Z (  DIAG  )  job 84    | | +-----+----+-------+
2025-09-17T14:58:08.8416199Z (  DIAG  )  job 84    | | | 0   | eq | 1     |
2025-09-17T14:58:08.8416271Z (  DIAG  )  job 84    | | +-----+----+-------+
2025-09-17T14:58:08.8416445Z [  FAIL  ]  job 84    | + Evaluating nix-expression again.
2025-09-17T14:58:08.8416573Z (  DIAG  )  job 84    | | Failed test 'Evaluating nix-expression again.'
2025-09-17T14:58:08.8416700Z (  DIAG  )  job 84    | | at /build/source/t/lib/TestScmInput.pm line 65.
2025-09-17T14:58:08.8416807Z [  FAIL  ]  job 84    | + Expect deterministic evaluation.
2025-09-17T14:58:08.8416931Z [  DEBUG ]  job 84    | | /build/source/t/lib/TestScmInput.pm line 68
2025-09-17T14:58:08.8417009Z (  DIAG  )  job 84    | | +-----+----+-------+
2025-09-17T14:58:08.8417083Z (  DIAG  )  job 84    | | | GOT | OP | CHECK |
2025-09-17T14:58:08.8417155Z (  DIAG  )  job 84    | | +-----+----+-------+
2025-09-17T14:58:08.8417230Z (  DIAG  )  job 84    | | | 0   | eq | 1     |
2025-09-17T14:58:08.8417302Z (  DIAG  )  job 84    | | +-----+----+-------+
2025-09-17T14:58:08.8417387Z [  PLAN  ]  job 84    | | Expected assertions: 4
2025-09-17T14:58:08.8417451Z             job 84    | ^
2025-09-17T14:58:08.8417554Z (  DIAG  )  job 84    | Failed test 'Mutation number 0'
2025-09-17T14:58:08.8417879Z (  DIAG  )  job 84    | at /build/source/t/lib/TestScmInput.pm line 72.
2025-09-17T14:58:08.8417977Z [  PLAN  ]  job 84    | Expected assertions: 1
2025-09-17T14:58:08.8418035Z             job 84    ^
2025-09-17T14:58:08.8418162Z (  DIAG  )  job 84    Failed test 'With the SCM input named git-rev'
2025-09-17T14:58:08.8418285Z (  DIAG  )  job 84    at /build/source/t/lib/TestScmInput.pm line 74.
2025-09-17T14:58:08.8418365Z [  PLAN  ]  job 84    Expected assertions: 1
2025-09-17T14:58:08.8418438Z ( MEMORY )  job 84    rss:  82468kB
2025-09-17T14:58:08.8418505Z ( MEMORY )  job 84    size: 322944kB
2025-09-17T14:58:08.8418573Z ( MEMORY )  job 84    peak: 322944kB
2025-09-17T14:58:08.8418702Z (  DIAG  )  job 84    Seeded srand with seed '20250917' from local date.
2025-09-17T14:58:08.8418782Z ( FAILED )  job 84    input-types/git-rev.t
2025-09-17T14:58:08.8418961Z (  TIME  )  job 84    Startup: 5.57029s | Events: 0.00048s | Cleanup: 0.20733s | Total: 5.77810s
2025-09-17T14:58:08.8419076Z < REASON >  job 84    Test script returned error (Err: 1)
2025-09-17T14:58:08.8419182Z < REASON >  job 84    Errors were encountered (Count: 1)
2025-09-17T14:58:08.8419315Z < REASON >  job 84    Assertion failures were encountered (Count: 1)
2025-09-17T14:58:08.8419440Z < REASON >  job 84    Subtest failures were encountered (Count: 1)
2025-09-17T14:58:08.8419558Z ( STDOUT )  job 83    Update deepgit repository: Create repo.
2025-09-17T14:58:08.8419721Z ( STDERR )  job 83    Evaluation unexpectedly failed for jobset tests:deepgit:
2025-09-17T14:58:08.8420076Z ( STDERR )  job 83    DBIx::Class::Row::store_column(): No such column 'project' on Hydra::Model::DB::Builds at /build/source/src/script/hydra-eval-jobset line 571
2025-09-17T14:58:08.8420142Z ( STDERR )  job 83
2025-09-17T14:58:08.8420410Z ( STDERR )  job 83    STDERR: (tests:deepgit) Fetching input `jobs` (path) /build/yath-377-2TqxA3/tmp/9d8rb0/cv4BJzFlGy/jobs
2025-09-17T14:58:08.8420765Z ( STDERR )  job 83    copying input jobs from /build/yath-377-2TqxA3/tmp/9d8rb0/cv4BJzFlGy/jobs
2025-09-17T14:58:08.8421103Z ( STDERR )  job 83    (tests:deepgit) Fetching input `src` (git) file:///build/yath-377-2TqxA3/tmp/9d8rb0/cv4BJzFlGy/scratch/git-repo master 1
2025-09-17T14:58:08.8421387Z ( STDERR )  job 83    checking out Git branch master from file:///build/yath-377-2TqxA3/tmp/9d8rb0/cv4BJzFlGy/scratch/git-repo
2025-09-17T14:58:08.8421703Z ( STDERR )  job 83    Initialized empty Git repository in /build/yath-377-2TqxA3/tmp/9d8rb0/git-checkout-tmp-re5nootK/source/.git/
2025-09-17T14:58:08.8422129Z ( STDERR )  job 83    From /build/yath-377-2TqxA3/tmp/9d8rb0/cv4BJzFlGy/hydra-data/scm/git/cfd5ad69d3f6d2fbf79ee2ceaf55c3f7c7857f42f106ca03d80126bbf073e4ed
2025-09-17T14:58:08.8422254Z ( STDERR )  job 83     * [new branch]      master     -> origin/master
2025-09-17T14:58:08.8422363Z ( STDERR )  job 83     * [new tag]         tag0       -> tag0
2025-09-17T14:58:08.8422471Z ( STDERR )  job 83    Switched to a new branch 'fetchgit'
2025-09-17T14:58:08.8422774Z ( STDERR )  job 83    hash is fbedea7dff893c131b346b4bd0d8d0de1da970afe7c5b698f0f87b8b1af220d1
2025-09-17T14:58:08.8423090Z ( STDERR )  job 83    path is /build/yath-377-2TqxA3/tmp/9d8rb0/cv4BJzFlGy/nix/store/7p9gkk9m7lfz8jxqfcybymncl53w6qsa-source
2025-09-17T14:58:08.8423184Z ( STDERR )  job 83    (tests:deepgit) Evaluating...
2025-09-17T14:58:08.8423543Z ( STDERR )  job 83    DBIx::Class::Row::store_column(): No such column 'project' on Hydra::Model::DB::Builds at /build/source/src/script/hydra-eval-jobset line 571
2025-09-17T14:58:08.8423704Z ( STDERR )  job 83    Evaluation unexpectedly failed for jobset tests:deepgit:
2025-09-17T14:58:08.8424057Z ( STDERR )  job 83    DBIx::Class::Row::store_column(): No such column 'project' on Hydra::Model::DB::Builds at /build/source/src/script/hydra-eval-jobset line 571
2025-09-17T14:58:08.8424123Z ( STDERR )  job 83
2025-09-17T14:58:08.8424393Z ( STDERR )  job 83    STDERR: (tests:deepgit) Fetching input `jobs` (path) /build/yath-377-2TqxA3/tmp/9d8rb0/cv4BJzFlGy/jobs
2025-09-17T14:58:08.8424728Z ( STDERR )  job 83    (tests:deepgit) Fetching input `src` (git) file:///build/yath-377-2TqxA3/tmp/9d8rb0/cv4BJzFlGy/scratch/git-repo master 1
2025-09-17T14:58:08.8424822Z ( STDERR )  job 83    (tests:deepgit) Evaluating...
2025-09-17T14:58:08.8425177Z ( STDERR )  job 83    DBIx::Class::Row::store_column(): No such column 'project' on Hydra::Model::DB::Builds at /build/source/src/script/hydra-eval-jobset line 571
2025-09-17T14:58:08.8425308Z ( STDOUT )  job 83    Update deepgit repository: Create new commit.
2025-09-17T14:58:08.8425468Z ( STDERR )  job 83    Evaluation unexpectedly failed for jobset tests:deepgit:
2025-09-17T14:58:08.8425826Z ( STDERR )  job 83    DBIx::Class::Row::store_column(): No such column 'project' on Hydra::Model::DB::Builds at /build/source/src/script/hydra-eval-jobset line 571
2025-09-17T14:58:08.8425889Z ( STDERR )  job 83
2025-09-17T14:58:08.8426158Z ( STDERR )  job 83    STDERR: (tests:deepgit) Fetching input `jobs` (path) /build/yath-377-2TqxA3/tmp/9d8rb0/cv4BJzFlGy/jobs
2025-09-17T14:58:08.8426490Z ( STDERR )  job 83    (tests:deepgit) Fetching input `src` (git) file:///build/yath-377-2TqxA3/tmp/9d8rb0/cv4BJzFlGy/scratch/git-repo master 1
2025-09-17T14:58:08.8426775Z ( STDERR )  job 83    checking out Git branch master from file:///build/yath-377-2TqxA3/tmp/9d8rb0/cv4BJzFlGy/scratch/git-repo
2025-09-17T14:58:08.8427093Z ( STDERR )  job 83    Initialized empty Git repository in /build/yath-377-2TqxA3/tmp/9d8rb0/git-checkout-tmp-ItK2kSoA/source/.git/
2025-09-17T14:58:08.8427523Z ( STDERR )  job 83    From /build/yath-377-2TqxA3/tmp/9d8rb0/cv4BJzFlGy/hydra-data/scm/git/cfd5ad69d3f6d2fbf79ee2ceaf55c3f7c7857f42f106ca03d80126bbf073e4ed
2025-09-17T14:58:08.8427649Z ( STDERR )  job 83     * [new branch]      master     -> origin/master
2025-09-17T14:58:08.8427901Z ( STDERR )  job 83     * [new tag]         tag0       -> tag0
2025-09-17T14:58:08.8428008Z ( STDERR )  job 83    Switched to a new branch 'fetchgit'
2025-09-17T14:58:08.8428337Z ( STDERR )  job 83    hash is 06b3b70b458a104e7334cde21f063b5a3b3cf0834ff6aebeed32112479c2a9a5
2025-09-17T14:58:08.8428662Z ( STDERR )  job 83    path is /build/yath-377-2TqxA3/tmp/9d8rb0/cv4BJzFlGy/nix/store/qfzb83vhxcgkjaw5mk0yqdwk4br6kmzp-source
2025-09-17T14:58:08.8428755Z ( STDERR )  job 83    (tests:deepgit) Evaluating...
2025-09-17T14:58:08.8429117Z ( STDERR )  job 83    DBIx::Class::Row::store_column(): No such column 'project' on Hydra::Model::DB::Builds at /build/source/src/script/hydra-eval-jobset line 571
2025-09-17T14:58:08.8429280Z ( STDERR )  job 83    Evaluation unexpectedly failed for jobset tests:deepgit:
2025-09-17T14:58:08.8429632Z ( STDERR )  job 83    DBIx::Class::Row::store_column(): No such column 'project' on Hydra::Model::DB::Builds at /build/source/src/script/hydra-eval-jobset line 571
2025-09-17T14:58:08.8429699Z ( STDERR )  job 83
2025-09-17T14:58:08.8429969Z ( STDERR )  job 83    STDERR: (tests:deepgit) Fetching input `jobs` (path) /build/yath-377-2TqxA3/tmp/9d8rb0/cv4BJzFlGy/jobs
2025-09-17T14:58:08.8430379Z ( STDERR )  job 83    (tests:deepgit) Fetching input `src` (git) file:///build/yath-377-2TqxA3/tmp/9d8rb0/cv4BJzFlGy/scratch/git-repo master 1
2025-09-17T14:58:08.8430473Z ( STDERR )  job 83    (tests:deepgit) Evaluating...
2025-09-17T14:58:08.8430828Z ( STDERR )  job 83    DBIx::Class::Row::store_column(): No such column 'project' on Hydra::Model::DB::Builds at /build/source/src/script/hydra-eval-jobset line 571
2025-09-17T14:58:08.8430972Z ( STDOUT )  job 83    Update deepgit repository: Amend commit. (push -f)
2025-09-17T14:58:08.8431132Z ( STDERR )  job 83    Evaluation unexpectedly failed for jobset tests:deepgit:
2025-09-17T14:58:08.8431484Z ( STDERR )  job 83    DBIx::Class::Row::store_column(): No such column 'jobset' on Hydra::Model::DB::Builds at /build/source/src/script/hydra-eval-jobset line 571
2025-09-17T14:58:08.8431547Z ( STDERR )  job 83
2025-09-17T14:58:08.8431815Z ( STDERR )  job 83    STDERR: (tests:deepgit) Fetching input `jobs` (path) /build/yath-377-2TqxA3/tmp/9d8rb0/cv4BJzFlGy/jobs
2025-09-17T14:58:08.8432149Z ( STDERR )  job 83    (tests:deepgit) Fetching input `src` (git) file:///build/yath-377-2TqxA3/tmp/9d8rb0/cv4BJzFlGy/scratch/git-repo master 1
2025-09-17T14:58:08.8432433Z ( STDERR )  job 83    checking out Git branch master from file:///build/yath-377-2TqxA3/tmp/9d8rb0/cv4BJzFlGy/scratch/git-repo
2025-09-17T14:58:08.8432750Z ( STDERR )  job 83    Initialized empty Git repository in /build/yath-377-2TqxA3/tmp/9d8rb0/git-checkout-tmp-eYzwX82C/source/.git/
2025-09-17T14:58:08.8433178Z ( STDERR )  job 83    From /build/yath-377-2TqxA3/tmp/9d8rb0/cv4BJzFlGy/hydra-data/scm/git/cfd5ad69d3f6d2fbf79ee2ceaf55c3f7c7857f42f106ca03d80126bbf073e4ed
2025-09-17T14:58:08.8433303Z ( STDERR )  job 83     * [new branch]      master     -> origin/master
2025-09-17T14:58:08.8433410Z ( STDERR )  job 83     * [new tag]         tag0       -> tag0
2025-09-17T14:58:08.8433516Z ( STDERR )  job 83    Switched to a new branch 'fetchgit'
2025-09-17T14:58:08.8433726Z ( STDERR )  job 83    hash is 42908c522397cc66c0aeb7c6c9c5d29774efd4917fc06ea6cdd51dce6bae829d
2025-09-17T14:58:08.8434042Z ( STDERR )  job 83    path is /build/yath-377-2TqxA3/tmp/9d8rb0/cv4BJzFlGy/nix/store/r82lm5mrwbp7szrzic4p888pxm8zavm4-source
2025-09-17T14:58:08.8434137Z ( STDERR )  job 83    (tests:deepgit) Evaluating...
2025-09-17T14:58:08.8434493Z ( STDERR )  job 83    DBIx::Class::Row::store_column(): No such column 'jobset' on Hydra::Model::DB::Builds at /build/source/src/script/hydra-eval-jobset line 571
2025-09-17T14:58:08.8434655Z ( STDERR )  job 83    Evaluation unexpectedly failed for jobset tests:deepgit:
2025-09-17T14:58:08.8435002Z ( STDERR )  job 83    DBIx::Class::Row::store_column(): No such column 'jobset' on Hydra::Model::DB::Builds at /build/source/src/script/hydra-eval-jobset line 571
2025-09-17T14:58:08.8435068Z ( STDERR )  job 83
2025-09-17T14:58:08.8435408Z ( STDERR )  job 83    STDERR: (tests:deepgit) Fetching input `jobs` (path) /build/yath-377-2TqxA3/tmp/9d8rb0/cv4BJzFlGy/jobs
2025-09-17T14:58:08.8435748Z ( STDERR )  job 83    (tests:deepgit) Fetching input `src` (git) file:///build/yath-377-2TqxA3/tmp/9d8rb0/cv4BJzFlGy/scratch/git-repo master 1
2025-09-17T14:58:08.8435843Z ( STDERR )  job 83    (tests:deepgit) Evaluating...
2025-09-17T14:58:08.8436195Z ( STDERR )  job 83    DBIx::Class::Row::store_column(): No such column 'jobset' on Hydra::Model::DB::Builds at /build/source/src/script/hydra-eval-jobset line 571
2025-09-17T14:58:08.8436298Z ( STDOUT )  job 83    Update deepgit repository: End.
2025-09-17T14:58:08.8436392Z [  FAIL  ]  job 83  +~With the SCM input named deepgit
2025-09-17T14:58:08.8436521Z < REASON >  job 83    Subtest failures were encountered (Count: 3)
2025-09-17T14:58:08.8436595Z [  FAIL  ]  job 83    +~Mutation number 0
2025-09-17T14:58:08.8436690Z [  FAIL  ]  job 83    | + Evaluating nix-expression.
2025-09-17T14:58:08.8436812Z (  DIAG  )  job 83    | | Failed test 'Evaluating nix-expression.'
2025-09-17T14:58:08.8437013Z (  DIAG  )  job 83    | | at /build/source/t/lib/TestScmInput.pm line 60.
2025-09-17T14:58:08.8437105Z [  FAIL  ]  job 83    | + Expect 1 jobs in the queue.
2025-09-17T14:58:08.8437232Z [  DEBUG ]  job 83    | | /build/source/t/lib/TestScmInput.pm line 64
2025-09-17T14:58:08.8437307Z (  DIAG  )  job 83    | | +-----+----+-------+
2025-09-17T14:58:08.8437385Z (  DIAG  )  job 83    | | | GOT | OP | CHECK |
2025-09-17T14:58:08.8437459Z (  DIAG  )  job 83    | | +-----+----+-------+
2025-09-17T14:58:08.8437620Z (  DIAG  )  job 83    | | | 0   | eq | 1     |
2025-09-17T14:58:08.8437785Z (  DIAG  )  job 83    | | +-----+----+-------+
2025-09-17T14:58:08.8437891Z [  FAIL  ]  job 83    | + Evaluating nix-expression again.
2025-09-17T14:58:08.8438019Z (  DIAG  )  job 83    | | Failed test 'Evaluating nix-expression again.'
2025-09-17T14:58:08.8438151Z (  DIAG  )  job 83    | | at /build/source/t/lib/TestScmInput.pm line 65.
2025-09-17T14:58:08.8438254Z [  FAIL  ]  job 83    | + Expect deterministic evaluation.
2025-09-17T14:58:08.8438386Z [  DEBUG ]  job 83    | | /build/source/t/lib/TestScmInput.pm line 68
2025-09-17T14:58:08.8438464Z (  DIAG  )  job 83    | | +-----+----+-------+
2025-09-17T14:58:08.8438538Z (  DIAG  )  job 83    | | | GOT | OP | CHECK |
2025-09-17T14:58:08.8438613Z (  DIAG  )  job 83    | | +-----+----+-------+
2025-09-17T14:58:08.8438685Z (  DIAG  )  job 83    | | | 0   | eq | 1     |
2025-09-17T14:58:08.8438757Z (  DIAG  )  job 83    | | +-----+----+-------+
2025-09-17T14:58:08.8438848Z [  PLAN  ]  job 83    | | Expected assertions: 4
2025-09-17T14:58:08.8438908Z             job 83    | ^
2025-09-17T14:58:08.8439005Z (  DIAG  )  job 83    | Failed test 'Mutation number 0'
2025-09-17T14:58:08.8439130Z (  DIAG  )  job 83    | at /build/source/t/lib/TestScmInput.pm line 72.
2025-09-17T14:58:08.8439204Z [  FAIL  ]  job 83    +~Mutation number 1
2025-09-17T14:58:08.8439298Z [  FAIL  ]  job 83    | + Evaluating nix-expression.
2025-09-17T14:58:08.8439416Z (  DIAG  )  job 83    | | Failed test 'Evaluating nix-expression.'
2025-09-17T14:58:08.8439545Z (  DIAG  )  job 83    | | at /build/source/t/lib/TestScmInput.pm line 60.
2025-09-17T14:58:08.8439639Z [  FAIL  ]  job 83    | + Expect 2 jobs in the queue.
2025-09-17T14:58:08.8439760Z [  DEBUG ]  job 83    | | /build/source/t/lib/TestScmInput.pm line 64
2025-09-17T14:58:08.8439834Z (  DIAG  )  job 83    | | +-----+----+-------+
2025-09-17T14:58:08.8439912Z (  DIAG  )  job 83    | | | GOT | OP | CHECK |
2025-09-17T14:58:08.8439986Z (  DIAG  )  job 83    | | +-----+----+-------+
2025-09-17T14:58:08.8440058Z (  DIAG  )  job 83    | | | 0   | eq | 2     |
2025-09-17T14:58:08.8440133Z (  DIAG  )  job 83    | | +-----+----+-------+
2025-09-17T14:58:08.8440237Z [  FAIL  ]  job 83    | + Evaluating nix-expression again.
2025-09-17T14:58:08.8440366Z (  DIAG  )  job 83    | | Failed test 'Evaluating nix-expression again.'
2025-09-17T14:58:08.8440489Z (  DIAG  )  job 83    | | at /build/source/t/lib/TestScmInput.pm line 65.
2025-09-17T14:58:08.8440742Z [  FAIL  ]  job 83    | + Expect deterministic evaluation.
2025-09-17T14:58:08.8440880Z [  DEBUG ]  job 83    | | /build/source/t/lib/TestScmInput.pm line 68
2025-09-17T14:58:08.8440954Z (  DIAG  )  job 83    | | +-----+----+-------+
2025-09-17T14:58:08.8441031Z (  DIAG  )  job 83    | | | GOT | OP | CHECK |
2025-09-17T14:58:08.8441107Z (  DIAG  )  job 83    | | +-----+----+-------+
2025-09-17T14:58:08.8441179Z (  DIAG  )  job 83    | | | 0   | eq | 2     |
2025-09-17T14:58:08.8441253Z (  DIAG  )  job 83    | | +-----+----+-------+
2025-09-17T14:58:08.8441339Z [  PLAN  ]  job 83    | | Expected assertions: 4
2025-09-17T14:58:08.8441400Z             job 83    | ^
2025-09-17T14:58:08.8441500Z (  DIAG  )  job 83    | Failed test 'Mutation number 1'
2025-09-17T14:58:08.8441623Z (  DIAG  )  job 83    | at /build/source/t/lib/TestScmInput.pm line 72.
2025-09-17T14:58:08.8441695Z [  FAIL  ]  job 83    +~Mutation number 2
2025-09-17T14:58:08.8441791Z [  FAIL  ]  job 83    | + Evaluating nix-expression.
2025-09-17T14:58:08.8441989Z (  DIAG  )  job 83    | | Failed test 'Evaluating nix-expression.'
2025-09-17T14:58:08.8442113Z (  DIAG  )  job 83    | | at /build/source/t/lib/TestScmInput.pm line 60.
2025-09-17T14:58:08.8442206Z [  FAIL  ]  job 83    | + Expect 3 jobs in the queue.
2025-09-17T14:58:08.8442332Z [  DEBUG ]  job 83    | | /build/source/t/lib/TestScmInput.pm line 64
2025-09-17T14:58:08.8442408Z (  DIAG  )  job 83    | | +-----+----+-------+
2025-09-17T14:58:08.8442485Z (  DIAG  )  job 83    | | | GOT | OP | CHECK |
2025-09-17T14:58:08.8442557Z (  DIAG  )  job 83    | | +-----+----+-------+
2025-09-17T14:58:08.8442630Z (  DIAG  )  job 83    | | | 0   | eq | 3     |
2025-09-17T14:58:08.8442701Z (  DIAG  )  job 83    | | +-----+----+-------+
2025-09-17T14:58:08.8442805Z [  FAIL  ]  job 83    | + Evaluating nix-expression again.
2025-09-17T14:58:08.8442936Z (  DIAG  )  job 83    | | Failed test 'Evaluating nix-expression again.'
2025-09-17T14:58:08.8443059Z (  DIAG  )  job 83    | | at /build/source/t/lib/TestScmInput.pm line 65.
2025-09-17T14:58:08.8443170Z [  FAIL  ]  job 83    | + Expect deterministic evaluation.
2025-09-17T14:58:08.8443292Z [  DEBUG ]  job 83    | | /build/source/t/lib/TestScmInput.pm line 68
2025-09-17T14:58:08.8443367Z (  DIAG  )  job 83    | | +-----+----+-------+
2025-09-17T14:58:08.8443445Z (  DIAG  )  job 83    | | | GOT | OP | CHECK |
2025-09-17T14:58:08.8443517Z (  DIAG  )  job 83    | | +-----+----+-------+
2025-09-17T14:58:08.8443589Z (  DIAG  )  job 83    | | | 0   | eq | 3     |
2025-09-17T14:58:08.8443664Z (  DIAG  )  job 83    | | +-----+----+-------+
2025-09-17T14:58:08.8443750Z [  PLAN  ]  job 83    | | Expected assertions: 4
2025-09-17T14:58:08.8443809Z             job 83    | ^
2025-09-17T14:58:08.8443909Z (  DIAG  )  job 83    | Failed test 'Mutation number 2'
2025-09-17T14:58:08.8444032Z (  DIAG  )  job 83    | at /build/source/t/lib/TestScmInput.pm line 72.
2025-09-17T14:58:08.8444117Z [  PLAN  ]  job 83    | Expected assertions: 3
2025-09-17T14:58:08.8444175Z             job 83    ^
2025-09-17T14:58:08.8444303Z (  DIAG  )  job 83    Failed test 'With the SCM input named deepgit'
2025-09-17T14:58:08.8444430Z (  DIAG  )  job 83    at /build/source/t/lib/TestScmInput.pm line 74.
2025-09-17T14:58:08.8444512Z [  PLAN  ]  job 83    Expected assertions: 1
2025-09-17T14:58:08.8444579Z ( MEMORY )  job 83    rss:  82492kB
2025-09-17T14:58:08.8444650Z ( MEMORY )  job 83    size: 322920kB
2025-09-17T14:58:08.8444719Z ( MEMORY )  job 83    peak: 322920kB
2025-09-17T14:58:08.8444845Z (  DIAG  )  job 83    Seeded srand with seed '20250917' from local date.
2025-09-17T14:58:08.8444929Z ( FAILED )  job 83    input-types/deepgit.t
2025-09-17T14:58:08.8445105Z (  TIME  )  job 83    Startup: 11.8248s | Events: 0.00064s | Cleanup: 0.22148s | Total: 12.0469s
2025-09-17T14:58:08.8445219Z < REASON >  job 83    Test script returned error (Err: 1)
2025-09-17T14:58:08.8445324Z < REASON >  job 83    Errors were encountered (Count: 1)
2025-09-17T14:58:08.8445458Z < REASON >  job 83    Assertion failures were encountered (Count: 1)
2025-09-17T14:58:08.8445654Z < REASON >  job 83    Subtest failures were encountered (Count: 1)
2025-09-17T14:58:08.8445769Z ( STDOUT )  job 86    Update hg repository: Create repo.
2025-09-17T14:58:08.8445916Z ( STDERR )  job 86    Evaluation unexpectedly failed for jobset tests:hg:
2025-09-17T14:58:08.8446282Z ( STDERR )  job 86    DBIx::Class::Row::store_column(): No such column 'project' on Hydra::Model::DB::Builds at /build/source/src/script/hydra-eval-jobset line 571
2025-09-17T14:58:08.8446345Z ( STDERR )  job 86
2025-09-17T14:58:08.8446595Z ( STDERR )  job 86    STDERR: (tests:hg) Fetching input `jobs` (path) /build/yath-377-2TqxA3/tmp/OcBXvE/cv4BJzFlGy/jobs
2025-09-17T14:58:08.8446795Z ( STDERR )  job 86    copying input jobs from /build/yath-377-2TqxA3/tmp/OcBXvE/cv4BJzFlGy/jobs
2025-09-17T14:58:08.8447068Z ( STDERR )  job 86    (tests:hg) Fetching input `src` (hg) file:///build/yath-377-2TqxA3/tmp/OcBXvE/cv4BJzFlGy/scratch/hg-repo
2025-09-17T14:58:08.8447585Z ( STDERR )  job 86    checking out Mercurial input from file:///build/yath-377-2TqxA3/tmp/OcBXvE/cv4BJzFlGy/scratch/hg-repo default revision c0f61785f8192f4661db67ff908614dde286a63c
2025-09-17T14:58:08.8447925Z ( STDERR )  job 86    (tests:hg) Evaluating...
2025-09-17T14:58:08.8448287Z ( STDERR )  job 86    DBIx::Class::Row::store_column(): No such column 'project' on Hydra::Model::DB::Builds at /build/source/src/script/hydra-eval-jobset line 571
2025-09-17T14:58:08.8448432Z ( STDERR )  job 86    Evaluation unexpectedly failed for jobset tests:hg:
2025-09-17T14:58:08.8448780Z ( STDERR )  job 86    DBIx::Class::Row::store_column(): No such column 'jobset' on Hydra::Model::DB::Builds at /build/source/src/script/hydra-eval-jobset line 571
2025-09-17T14:58:08.8448844Z ( STDERR )  job 86
2025-09-17T14:58:08.8449092Z ( STDERR )  job 86    STDERR: (tests:hg) Fetching input `jobs` (path) /build/yath-377-2TqxA3/tmp/OcBXvE/cv4BJzFlGy/jobs
2025-09-17T14:58:08.8449366Z ( STDERR )  job 86    (tests:hg) Fetching input `src` (hg) file:///build/yath-377-2TqxA3/tmp/OcBXvE/cv4BJzFlGy/scratch/hg-repo
2025-09-17T14:58:08.8449453Z ( STDERR )  job 86    (tests:hg) Evaluating...
2025-09-17T14:58:08.8449800Z ( STDERR )  job 86    DBIx::Class::Row::store_column(): No such column 'jobset' on Hydra::Model::DB::Builds at /build/source/src/script/hydra-eval-jobset line 571
2025-09-17T14:58:08.8449894Z ( STDOUT )  job 86    Update hg repository: End.
2025-09-17T14:58:08.8449981Z [  FAIL  ]  job 86  +~With the SCM input named hg
2025-09-17T14:58:08.8450112Z < REASON >  job 86    Subtest failures were encountered (Count: 1)
2025-09-17T14:58:08.8450185Z [  FAIL  ]  job 86    +~Mutation number 0
2025-09-17T14:58:08.8450279Z [  FAIL  ]  job 86    | + Evaluating nix-expression.
2025-09-17T14:58:08.8450397Z (  DIAG  )  job 86    | | Failed test 'Evaluating nix-expression.'
2025-09-17T14:58:08.8450521Z (  DIAG  )  job 86    | | at /build/source/t/lib/TestScmInput.pm line 60.
2025-09-17T14:58:08.8450612Z [  FAIL  ]  job 86    | + Expect 1 jobs in the queue.
2025-09-17T14:58:08.8450747Z [  DEBUG ]  job 86    | | /build/source/t/lib/TestScmInput.pm line 64
2025-09-17T14:58:08.8450818Z (  DIAG  )  job 86    | | +-----+----+-------+
2025-09-17T14:58:08.8450893Z (  DIAG  )  job 86    | | | GOT | OP | CHECK |
2025-09-17T14:58:08.8450969Z (  DIAG  )  job 86    | | +-----+----+-------+
2025-09-17T14:58:08.8451041Z (  DIAG  )  job 86    | | | 0   | eq | 1     |
2025-09-17T14:58:08.8451115Z (  DIAG  )  job 86    | | +-----+----+-------+
2025-09-17T14:58:08.8451218Z [  FAIL  ]  job 86    | + Evaluating nix-expression again.
2025-09-17T14:58:08.8451345Z (  DIAG  )  job 86    | | Failed test 'Evaluating nix-expression again.'
2025-09-17T14:58:08.8451473Z (  DIAG  )  job 86    | | at /build/source/t/lib/TestScmInput.pm line 65.
2025-09-17T14:58:08.8451576Z [  FAIL  ]  job 86    | + Expect deterministic evaluation.
2025-09-17T14:58:08.8451699Z [  DEBUG ]  job 86    | | /build/source/t/lib/TestScmInput.pm line 68
2025-09-17T14:58:08.8451775Z (  DIAG  )  job 86    | | +-----+----+-------+
2025-09-17T14:58:08.8451941Z (  DIAG  )  job 86    | | | GOT | OP | CHECK |
2025-09-17T14:58:08.8452026Z (  DIAG  )  job 86    | | +-----+----+-------+
2025-09-17T14:58:08.8452100Z (  DIAG  )  job 86    | | | 0   | eq | 1     |
2025-09-17T14:58:08.8452174Z (  DIAG  )  job 86    | | +-----+----+-------+
2025-09-17T14:58:08.8452264Z [  PLAN  ]  job 86    | | Expected assertions: 4
2025-09-17T14:58:08.8452324Z             job 86    | ^
2025-09-17T14:58:08.8452420Z (  DIAG  )  job 86    | Failed test 'Mutation number 0'
2025-09-17T14:58:08.8452549Z (  DIAG  )  job 86    | at /build/source/t/lib/TestScmInput.pm line 72.
2025-09-17T14:58:08.8452630Z [  PLAN  ]  job 86    | Expected assertions: 1
2025-09-17T14:58:08.8452688Z             job 86    ^
2025-09-17T14:58:08.8452801Z (  DIAG  )  job 86    Failed test 'With the SCM input named hg'
2025-09-17T14:58:08.8452923Z (  DIAG  )  job 86    at /build/source/t/lib/TestScmInput.pm line 74.
2025-09-17T14:58:08.8453007Z [  PLAN  ]  job 86    Expected assertions: 1
2025-09-17T14:58:08.8453153Z ( MEMORY )  job 86    rss:  82236kB
2025-09-17T14:58:08.8453221Z ( MEMORY )  job 86    size: 322908kB
2025-09-17T14:58:08.8453308Z ( MEMORY )  job 86    peak: 322924kB
2025-09-17T14:58:08.8453436Z (  DIAG  )  job 86    Seeded srand with seed '20250917' from local date.
2025-09-17T14:58:08.8453514Z ( FAILED )  job 86    input-types/hg.t
2025-09-17T14:58:08.8453693Z (  TIME  )  job 86    Startup: 7.78952s | Events: 0.00048s | Cleanup: 0.22196s | Total: 8.01196s
2025-09-17T14:58:08.8453801Z < REASON >  job 86    Test script returned error (Err: 1)
2025-09-17T14:58:08.8453910Z < REASON >  job 86    Errors were encountered (Count: 1)
2025-09-17T14:58:08.8454040Z < REASON >  job 86    Assertion failures were encountered (Count: 1)
2025-09-17T14:58:08.8454165Z < REASON >  job 86    Subtest failures were encountered (Count: 1)
2025-09-17T14:58:08.8454295Z ( STDOUT )  job 87    Update svn-checkout repository: Create repo.
2025-09-17T14:58:08.8454476Z ( STDERR )  job 87    Evaluation unexpectedly failed for jobset tests:svn-checkout:
2025-09-17T14:58:08.8454832Z ( STDERR )  job 87    DBIx::Class::Row::store_column(): No such column 'jobset' on Hydra::Model::DB::Builds at /build/source/src/script/hydra-eval-jobset line 571
2025-09-17T14:58:08.8454897Z ( STDERR )  job 87
2025-09-17T14:58:08.8455182Z ( STDERR )  job 87    STDERR: (tests:svn-checkout) Fetching input `jobs` (path) /build/yath-377-2TqxA3/tmp/mQu8sr/cv4BJzFlGy/jobs
2025-09-17T14:58:08.8455387Z ( STDERR )  job 87    copying input jobs from /build/yath-377-2TqxA3/tmp/mQu8sr/cv4BJzFlGy/jobs
2025-09-17T14:58:08.8455761Z ( STDERR )  job 87    (tests:svn-checkout) Fetching input `src` (svn-checkout) file:///build/yath-377-2TqxA3/tmp/mQu8sr/cv4BJzFlGy/scratch/svn-checkout-repo
2025-09-17T14:58:08.8456653Z ( STDERR )  job 87    checking out Subversion input src from file:///build/yath-377-2TqxA3/tmp/mQu8sr/cv4BJzFlGy/scratch/svn-checkout-repo revision 0 into /build/yath-377-2TqxA3/tmp/mQu8sr/cv4BJzFlGy/hydra-data/scm/svn/bfd6d66772b2cc2fb0d6ac0b022682ee54f5b6eca4d51b0d3e443b477e53fc86/svn-checkout
2025-09-17T14:58:08.8456769Z ( STDERR )  job 87    (tests:svn-checkout) Evaluating...
2025-09-17T14:58:08.8457118Z ( STDERR )  job 87    DBIx::Class::Row::store_column(): No such column 'jobset' on Hydra::Model::DB::Builds at /build/source/src/script/hydra-eval-jobset line 571
2025-09-17T14:58:08.8457299Z ( STDERR )  job 87    Evaluation unexpectedly failed for jobset tests:svn-checkout:
2025-09-17T14:58:08.8457647Z ( STDERR )  job 87    DBIx::Class::Row::store_column(): No such column 'jobset' on Hydra::Model::DB::Builds at /build/source/src/script/hydra-eval-jobset line 571
2025-09-17T14:58:08.8457917Z ( STDERR )  job 87
2025-09-17T14:58:08.8458212Z ( STDERR )  job 87    STDERR: (tests:svn-checkout) Fetching input `jobs` (path) /build/yath-377-2TqxA3/tmp/mQu8sr/cv4BJzFlGy/jobs
2025-09-17T14:58:08.8458584Z ( STDERR )  job 87    (tests:svn-checkout) Fetching input `src` (svn-checkout) file:///build/yath-377-2TqxA3/tmp/mQu8sr/cv4BJzFlGy/scratch/svn-checkout-repo
2025-09-17T14:58:08.8458830Z ( STDERR )  job 87    (tests:svn-checkout) Evaluating...
2025-09-17T14:58:08.8459186Z ( STDERR )  job 87    DBIx::Class::Row::store_column(): No such column 'jobset' on Hydra::Model::DB::Builds at /build/source/src/script/hydra-eval-jobset line 571
2025-09-17T14:58:08.8459299Z ( STDOUT )  job 87    Update svn-checkout repository: End.
2025-09-17T14:58:08.8459410Z [  FAIL  ]  job 87  +~With the SCM input named svn-checkout
2025-09-17T14:58:08.8459536Z < REASON >  job 87    Subtest failures were encountered (Count: 1)
2025-09-17T14:58:08.8459612Z [  FAIL  ]  job 87    +~Mutation number 0
2025-09-17T14:58:08.8459704Z [  FAIL  ]  job 87    | + Evaluating nix-expression.
2025-09-17T14:58:08.8459822Z (  DIAG  )  job 87    | | Failed test 'Evaluating nix-expression.'
2025-09-17T14:58:08.8459954Z (  DIAG  )  job 87    | | at /build/source/t/lib/TestScmInput.pm line 60.
2025-09-17T14:58:08.8460043Z [  FAIL  ]  job 87    | + Expect 1 jobs in the queue.
2025-09-17T14:58:08.8460264Z [  DEBUG ]  job 87    | | /build/source/t/lib/TestScmInput.pm line 64
2025-09-17T14:58:08.8460343Z (  DIAG  )  job 87    | | +-----+----+-------+
2025-09-17T14:58:08.8460418Z (  DIAG  )  job 87    | | | GOT | OP | CHECK |
2025-09-17T14:58:08.8460491Z (  DIAG  )  job 87    | | +-----+----+-------+
2025-09-17T14:58:08.8460568Z (  DIAG  )  job 87    | | | 0   | eq | 1     |
2025-09-17T14:58:08.8460639Z (  DIAG  )  job 87    | | +-----+----+-------+
2025-09-17T14:58:08.8460748Z [  FAIL  ]  job 87    | + Evaluating nix-expression again.
2025-09-17T14:58:08.8460874Z (  DIAG  )  job 87    | | Failed test 'Evaluating nix-expression again.'
2025-09-17T14:58:08.8460995Z (  DIAG  )  job 87    | | at /build/source/t/lib/TestScmInput.pm line 65.
2025-09-17T14:58:08.8461101Z [  FAIL  ]  job 87    | + Expect deterministic evaluation.
2025-09-17T14:58:08.8461227Z [  DEBUG ]  job 87    | | /build/source/t/lib/TestScmInput.pm line 68
2025-09-17T14:58:08.8461299Z (  DIAG  )  job 87    | | +-----+----+-------+
2025-09-17T14:58:08.8461387Z (  DIAG  )  job 87    | | | GOT | OP | CHECK |
2025-09-17T14:58:08.8461460Z (  DIAG  )  job 87    | | +-----+----+-------+
2025-09-17T14:58:08.8461536Z (  DIAG  )  job 87    | | | 0   | eq | 1     |
2025-09-17T14:58:08.8461607Z (  DIAG  )  job 87    | | +-----+----+-------+
2025-09-17T14:58:08.8461692Z [  PLAN  ]  job 87    | | Expected assertions: 4
2025-09-17T14:58:08.8461755Z             job 87    | ^
2025-09-17T14:58:08.8461849Z (  DIAG  )  job 87    | Failed test 'Mutation number 0'
2025-09-17T14:58:08.8461972Z (  DIAG  )  job 87    | at /build/source/t/lib/TestScmInput.pm line 72.
2025-09-17T14:58:08.8462059Z [  PLAN  ]  job 87    | Expected assertions: 1
2025-09-17T14:58:08.8462116Z             job 87    ^
2025-09-17T14:58:08.8462246Z (  DIAG  )  job 87    Failed test 'With the SCM input named svn-checkout'
2025-09-17T14:58:08.8462370Z (  DIAG  )  job 87    at /build/source/t/lib/TestScmInput.pm line 74.
2025-09-17T14:58:08.8462452Z [  PLAN  ]  job 87    Expected assertions: 1
2025-09-17T14:58:08.8462530Z ( MEMORY )  job 87    rss:  82632kB
2025-09-17T14:58:08.8462599Z ( MEMORY )  job 87    size: 322940kB
2025-09-17T14:58:08.8462668Z ( MEMORY )  job 87    peak: 322940kB
2025-09-17T14:58:08.8462798Z (  DIAG  )  job 87    Seeded srand with seed '20250917' from local date.
2025-09-17T14:58:08.8462889Z ( FAILED )  job 87    input-types/svn-checkout.t
2025-09-17T14:58:08.8463066Z (  TIME  )  job 87    Startup: 5.08784s | Events: 0.00048s | Cleanup: 0.32989s | Total: 5.41821s
2025-09-17T14:58:08.8463177Z < REASON >  job 87    Test script returned error (Err: 1)
2025-09-17T14:58:08.8463284Z < REASON >  job 87    Errors were encountered (Count: 1)
2025-09-17T14:58:08.8463420Z < REASON >  job 87    Assertion failures were encountered (Count: 1)
2025-09-17T14:58:08.8463545Z < REASON >  job 87    Subtest failures were encountered (Count: 1)
2025-09-17T14:58:08.8463653Z ( STDOUT )  job 88    Update svn repository: Create repo.
2025-09-17T14:58:08.8463894Z ( STDERR )  job 88    Evaluation unexpectedly failed for jobset tests:svn:
2025-09-17T14:58:08.8464261Z ( STDERR )  job 88    DBIx::Class::Row::store_column(): No such column 'jobset' on Hydra::Model::DB::Builds at /build/source/src/script/hydra-eval-jobset line 571
2025-09-17T14:58:08.8464321Z ( STDERR )  job 88
2025-09-17T14:58:08.8464575Z ( STDERR )  job 88    STDERR: (tests:svn) Fetching input `jobs` (path) /build/yath-377-2TqxA3/tmp/b2hnhw/cv4BJzFlGy/jobs
2025-09-17T14:58:08.8464774Z ( STDERR )  job 88    copying input jobs from /build/yath-377-2TqxA3/tmp/b2hnhw/cv4BJzFlGy/jobs
2025-09-17T14:58:08.8465054Z ( STDERR )  job 88    (tests:svn) Fetching input `src` (svn) file:///build/yath-377-2TqxA3/tmp/b2hnhw/cv4BJzFlGy/scratch/svn-repo
2025-09-17T14:58:08.8465903Z ( STDERR )  job 88    checking out Subversion input src from file:///build/yath-377-2TqxA3/tmp/b2hnhw/cv4BJzFlGy/scratch/svn-repo revision 1 into /build/yath-377-2TqxA3/tmp/b2hnhw/cv4BJzFlGy/hydra-data/scm/svn/fee17fbeb18d41bb0e3343984ef6095409f999747b7195fac239eca5e6d83a8a/svn-checkout
2025-09-17T14:58:08.8466056Z ( STDERR )  job 88    (tests:svn) Evaluating...
2025-09-17T14:58:08.8466414Z ( STDERR )  job 88    DBIx::Class::Row::store_column(): No such column 'jobset' on Hydra::Model::DB::Builds at /build/source/src/script/hydra-eval-jobset line 571
2025-09-17T14:58:08.8466561Z ( STDERR )  job 88    Evaluation unexpectedly failed for jobset tests:svn:
2025-09-17T14:58:08.8466918Z ( STDERR )  job 88    DBIx::Class::Row::store_column(): No such column 'jobset' on Hydra::Model::DB::Builds at /build/source/src/script/hydra-eval-jobset line 571
2025-09-17T14:58:08.8466978Z ( STDERR )  job 88
2025-09-17T14:58:08.8467232Z ( STDERR )  job 88    STDERR: (tests:svn) Fetching input `jobs` (path) /build/yath-377-2TqxA3/tmp/b2hnhw/cv4BJzFlGy/jobs
2025-09-17T14:58:08.8467511Z ( STDERR )  job 88    (tests:svn) Fetching input `src` (svn) file:///build/yath-377-2TqxA3/tmp/b2hnhw/cv4BJzFlGy/scratch/svn-repo
2025-09-17T14:58:08.8467597Z ( STDERR )  job 88    (tests:svn) Evaluating...
2025-09-17T14:58:08.8468110Z ( STDERR )  job 88    DBIx::Class::Row::store_column(): No such column 'jobset' on Hydra::Model::DB::Builds at /build/source/src/script/hydra-eval-jobset line 571
2025-09-17T14:58:08.8468205Z ( STDOUT )  job 88    Update svn repository: End.
2025-09-17T14:58:08.8468294Z [  FAIL  ]  job 88  +~With the SCM input named svn
2025-09-17T14:58:08.8468424Z < REASON >  job 88    Subtest failures were encountered (Count: 1)
2025-09-17T14:58:08.8468498Z [  FAIL  ]  job 88    +~Mutation number 0
2025-09-17T14:58:08.8468590Z [  FAIL  ]  job 88    | + Evaluating nix-expression.
2025-09-17T14:58:08.8468711Z (  DIAG  )  job 88    | | Failed test 'Evaluating nix-expression.'
2025-09-17T14:58:08.8468835Z (  DIAG  )  job 88    | | at /build/source/t/lib/TestScmInput.pm line 60.
2025-09-17T14:58:08.8468930Z [  FAIL  ]  job 88    | + Expect 1 jobs in the queue.
2025-09-17T14:58:08.8469051Z [  DEBUG ]  job 88    | | /build/source/t/lib/TestScmInput.pm line 64
2025-09-17T14:58:08.8469126Z (  DIAG  )  job 88    | | +-----+----+-------+
2025-09-17T14:58:08.8469211Z (  DIAG  )  job 88    | | | GOT | OP | CHECK |
2025-09-17T14:58:08.8469284Z (  DIAG  )  job 88    | | +-----+----+-------+
2025-09-17T14:58:08.8469357Z (  DIAG  )  job 88    | | | 0   | eq | 1     |
2025-09-17T14:58:08.8469432Z (  DIAG  )  job 88    | | +-----+----+-------+
2025-09-17T14:58:08.8469535Z [  FAIL  ]  job 88    | + Evaluating nix-expression again.
2025-09-17T14:58:08.8469665Z (  DIAG  )  job 88    | | Failed test 'Evaluating nix-expression again.'
2025-09-17T14:58:08.8469786Z (  DIAG  )  job 88    | | at /build/source/t/lib/TestScmInput.pm line 65.
2025-09-17T14:58:08.8469893Z [  FAIL  ]  job 88    | + Expect deterministic evaluation.
2025-09-17T14:58:08.8470020Z [  DEBUG ]  job 88    | | /build/source/t/lib/TestScmInput.pm line 68
2025-09-17T14:58:08.8470094Z (  DIAG  )  job 88    | | +-----+----+-------+
2025-09-17T14:58:08.8470169Z (  DIAG  )  job 88    | | | GOT | OP | CHECK |
2025-09-17T14:58:08.8470245Z (  DIAG  )  job 88    | | +-----+----+-------+
2025-09-17T14:58:08.8470467Z (  DIAG  )  job 88    | | | 0   | eq | 1     |
2025-09-17T14:58:08.8470549Z (  DIAG  )  job 88    | | +-----+----+-------+
2025-09-17T14:58:08.8470634Z [  PLAN  ]  job 88    | | Expected assertions: 4
2025-09-17T14:58:08.8470694Z             job 88    | ^
2025-09-17T14:58:08.8470795Z (  DIAG  )  job 88    | Failed test 'Mutation number 0'
2025-09-17T14:58:08.8470918Z (  DIAG  )  job 88    | at /build/source/t/lib/TestScmInput.pm line 72.
2025-09-17T14:58:08.8471000Z [  PLAN  ]  job 88    | Expected assertions: 1
2025-09-17T14:58:08.8471062Z             job 88    ^
2025-09-17T14:58:08.8471172Z (  DIAG  )  job 88    Failed test 'With the SCM input named svn'
2025-09-17T14:58:08.8471298Z (  DIAG  )  job 88    at /build/source/t/lib/TestScmInput.pm line 74.
2025-09-17T14:58:08.8471385Z [  PLAN  ]  job 88    Expected assertions: 1
2025-09-17T14:58:08.8471453Z ( MEMORY )  job 88    rss:  82244kB
2025-09-17T14:58:08.8471523Z ( MEMORY )  job 88    size: 322940kB
2025-09-17T14:58:08.8471695Z ( MEMORY )  job 88    peak: 322940kB
2025-09-17T14:58:08.8471818Z (  DIAG  )  job 88    Seeded srand with seed '20250917' from local date.
2025-09-17T14:58:08.8471896Z ( FAILED )  job 88    input-types/svn.t
2025-09-17T14:58:08.8472074Z (  TIME  )  job 88    Startup: 5.59092s | Events: 0.00147s | Cleanup: 0.28027s | Total: 5.87266s
2025-09-17T14:58:08.8472183Z < REASON >  job 88    Test script returned error (Err: 1)
2025-09-17T14:58:08.8472294Z < REASON >  job 88    Errors were encountered (Count: 1)
2025-09-17T14:58:08.8472427Z < REASON >  job 88    Assertion failures were encountered (Count: 1)
2025-09-17T14:58:08.8472552Z < REASON >  job 88    Subtest failures were encountered (Count: 1)
2025-09-17T14:58:08.8472663Z ( STDOUT )  job 85    Update git repository: Create repo.
2025-09-17T14:58:08.8472810Z ( STDERR )  job 85    Evaluation unexpectedly failed for jobset tests:git:
2025-09-17T14:58:08.8473175Z ( STDERR )  job 85    DBIx::Class::Row::store_column(): No such column 'project' on Hydra::Model::DB::Builds at /build/source/src/script/hydra-eval-jobset line 571
2025-09-17T14:58:08.8473240Z ( STDERR )  job 85
2025-09-17T14:58:08.8473495Z ( STDERR )  job 85    STDERR: (tests:git) Fetching input `jobs` (path) /build/yath-377-2TqxA3/tmp/Ioi7QF/cv4BJzFlGy/jobs
2025-09-17T14:58:08.8473701Z ( STDERR )  job 85    copying input jobs from /build/yath-377-2TqxA3/tmp/Ioi7QF/cv4BJzFlGy/jobs
2025-09-17T14:58:08.8474026Z ( STDERR )  job 85    (tests:git) Fetching input `src` (git) file:///build/yath-377-2TqxA3/tmp/Ioi7QF/cv4BJzFlGy/scratch/git-repo
2025-09-17T14:58:08.8474312Z ( STDERR )  job 85    checking out Git branch master from file:///build/yath-377-2TqxA3/tmp/Ioi7QF/cv4BJzFlGy/scratch/git-repo
2025-09-17T14:58:08.8474626Z ( STDERR )  job 85    Initialized empty Git repository in /build/yath-377-2TqxA3/tmp/Ioi7QF/git-checkout-tmp-4YOkBEzj/source/.git/
2025-09-17T14:58:08.8475055Z ( STDERR )  job 85    From /build/yath-377-2TqxA3/tmp/Ioi7QF/cv4BJzFlGy/hydra-data/scm/git/0e781984ef4d865decf413db60ea46c5fe991db08da7f1565aeb71b93f236ae0
2025-09-17T14:58:08.8475178Z ( STDERR )  job 85     * branch            HEAD       -> FETCH_HEAD
2025-09-17T14:58:08.8475285Z ( STDERR )  job 85    Switched to a new branch 'fetchgit'
2025-09-17T14:58:08.8475363Z ( STDERR )  job 85    removing `.git'...
2025-09-17T14:58:08.8475561Z ( STDERR )  job 85    hash is 3cb7992d3af0cf707462388493a5eb171e936cb26b2e05f6176e796cf2f35208
2025-09-17T14:58:08.8475876Z ( STDERR )  job 85    path is /build/yath-377-2TqxA3/tmp/Ioi7QF/cv4BJzFlGy/nix/store/8qqchaplaj73lzm1hld41abfm3f7065j-source
2025-09-17T14:58:08.8475969Z ( STDERR )  job 85    (tests:git) Evaluating...
2025-09-17T14:58:08.8476322Z ( STDERR )  job 85    DBIx::Class::Row::store_column(): No such column 'project' on Hydra::Model::DB::Builds at /build/source/src/script/hydra-eval-jobset line 571
2025-09-17T14:58:08.8476469Z ( STDERR )  job 85    Evaluation unexpectedly failed for jobset tests:git:
2025-09-17T14:58:08.8476910Z ( STDERR )  job 85    DBIx::Class::Row::store_column(): No such column 'jobset' on Hydra::Model::DB::Builds at /build/source/src/script/hydra-eval-jobset line 571
2025-09-17T14:58:08.8476980Z ( STDERR )  job 85
2025-09-17T14:58:08.8477237Z ( STDERR )  job 85    STDERR: (tests:git) Fetching input `jobs` (path) /build/yath-377-2TqxA3/tmp/Ioi7QF/cv4BJzFlGy/jobs
2025-09-17T14:58:08.8477517Z ( STDERR )  job 85    (tests:git) Fetching input `src` (git) file:///build/yath-377-2TqxA3/tmp/Ioi7QF/cv4BJzFlGy/scratch/git-repo
2025-09-17T14:58:08.8477602Z ( STDERR )  job 85    (tests:git) Evaluating...
2025-09-17T14:58:08.8478098Z ( STDERR )  job 85    DBIx::Class::Row::store_column(): No such column 'jobset' on Hydra::Model::DB::Builds at /build/source/src/script/hydra-eval-jobset line 571
2025-09-17T14:58:08.8478219Z ( STDOUT )  job 85    Update git repository: Create new commit.
2025-09-17T14:58:08.8478370Z ( STDERR )  job 85    Evaluation unexpectedly failed for jobset tests:git:
2025-09-17T14:58:08.8478727Z ( STDERR )  job 85    DBIx::Class::Row::store_column(): No such column 'project' on Hydra::Model::DB::Builds at /build/source/src/script/hydra-eval-jobset line 571
2025-09-17T14:58:08.8478915Z ( STDERR )  job 85
2025-09-17T14:58:08.8479173Z ( STDERR )  job 85    STDERR: (tests:git) Fetching input `jobs` (path) /build/yath-377-2TqxA3/tmp/Ioi7QF/cv4BJzFlGy/jobs
2025-09-17T14:58:08.8479450Z ( STDERR )  job 85    (tests:git) Fetching input `src` (git) file:///build/yath-377-2TqxA3/tmp/Ioi7QF/cv4BJzFlGy/scratch/git-repo
2025-09-17T14:58:08.8479735Z ( STDERR )  job 85    checking out Git branch master from file:///build/yath-377-2TqxA3/tmp/Ioi7QF/cv4BJzFlGy/scratch/git-repo
2025-09-17T14:58:08.8480046Z ( STDERR )  job 85    Initialized empty Git repository in /build/yath-377-2TqxA3/tmp/Ioi7QF/git-checkout-tmp-9MFsxhau/source/.git/
2025-09-17T14:58:08.8480471Z ( STDERR )  job 85    From /build/yath-377-2TqxA3/tmp/Ioi7QF/cv4BJzFlGy/hydra-data/scm/git/0e781984ef4d865decf413db60ea46c5fe991db08da7f1565aeb71b93f236ae0
2025-09-17T14:58:08.8480594Z ( STDERR )  job 85     * branch            HEAD       -> FETCH_HEAD
2025-09-17T14:58:08.8480703Z ( STDERR )  job 85    Switched to a new branch 'fetchgit'
2025-09-17T14:58:08.8480778Z ( STDERR )  job 85    removing `.git'...
2025-09-17T14:58:08.8480984Z ( STDERR )  job 85    hash is f730aebaef01b47a4159773aea6eb7c3d1f46c32892230ac3e73aff0307bde8b
2025-09-17T14:58:08.8481298Z ( STDERR )  job 85    path is /build/yath-377-2TqxA3/tmp/Ioi7QF/cv4BJzFlGy/nix/store/vdrg6cn39wqy0sakhnsnmv5a6gv8sgqi-source
2025-09-17T14:58:08.8481388Z ( STDERR )  job 85    (tests:git) Evaluating...
2025-09-17T14:58:08.8481741Z ( STDERR )  job 85    DBIx::Class::Row::store_column(): No such column 'project' on Hydra::Model::DB::Builds at /build/source/src/script/hydra-eval-jobset line 571
2025-09-17T14:58:08.8481889Z ( STDERR )  job 85    Evaluation unexpectedly failed for jobset tests:git:
2025-09-17T14:58:08.8482246Z ( STDERR )  job 85    DBIx::Class::Row::store_column(): No such column 'project' on Hydra::Model::DB::Builds at /build/source/src/script/hydra-eval-jobset line 571
2025-09-17T14:58:08.8482315Z ( STDERR )  job 85
2025-09-17T14:58:08.8482571Z ( STDERR )  job 85    STDERR: (tests:git) Fetching input `jobs` (path) /build/yath-377-2TqxA3/tmp/Ioi7QF/cv4BJzFlGy/jobs
2025-09-17T14:58:08.8482848Z ( STDERR )  job 85    (tests:git) Fetching input `src` (git) file:///build/yath-377-2TqxA3/tmp/Ioi7QF/cv4BJzFlGy/scratch/git-repo
2025-09-17T14:58:08.8482932Z ( STDERR )  job 85    (tests:git) Evaluating...
2025-09-17T14:58:08.8483290Z ( STDERR )  job 85    DBIx::Class::Row::store_column(): No such column 'project' on Hydra::Model::DB::Builds at /build/source/src/script/hydra-eval-jobset line 571
2025-09-17T14:58:08.8483423Z ( STDOUT )  job 85    Update git repository: Amend commit. (push -f)
2025-09-17T14:58:08.8483575Z ( STDERR )  job 85    Evaluation unexpectedly failed for jobset tests:git:
2025-09-17T14:58:08.8483921Z ( STDERR )  job 85    DBIx::Class::Row::store_column(): No such column 'jobset' on Hydra::Model::DB::Builds at /build/source/src/script/hydra-eval-jobset line 571
2025-09-17T14:58:08.8484088Z ( STDERR )  job 85
2025-09-17T14:58:08.8484351Z ( STDERR )  job 85    STDERR: (tests:git) Fetching input `jobs` (path) /build/yath-377-2TqxA3/tmp/Ioi7QF/cv4BJzFlGy/jobs
2025-09-17T14:58:08.8484629Z ( STDERR )  job 85    (tests:git) Fetching input `src` (git) file:///build/yath-377-2TqxA3/tmp/Ioi7QF/cv4BJzFlGy/scratch/git-repo
2025-09-17T14:58:08.8484915Z ( STDERR )  job 85    checking out Git branch master from file:///build/yath-377-2TqxA3/tmp/Ioi7QF/cv4BJzFlGy/scratch/git-repo
2025-09-17T14:58:08.8485225Z ( STDERR )  job 85    Initialized empty Git repository in /build/yath-377-2TqxA3/tmp/Ioi7QF/git-checkout-tmp-WDK987lT/source/.git/
2025-09-17T14:58:08.8485648Z ( STDERR )  job 85    From /build/yath-377-2TqxA3/tmp/Ioi7QF/cv4BJzFlGy/hydra-data/scm/git/0e781984ef4d865decf413db60ea46c5fe991db08da7f1565aeb71b93f236ae0
2025-09-17T14:58:08.8485769Z ( STDERR )  job 85     * branch            HEAD       -> FETCH_HEAD
2025-09-17T14:58:08.8485879Z ( STDERR )  job 85    Switched to a new branch 'fetchgit'
2025-09-17T14:58:08.8486028Z ( STDERR )  job 85    removing `.git'...
2025-09-17T14:58:08.8486221Z ( STDERR )  job 85    hash is 81606f73c6fb5d71a98d97e153435424031f466382e569594fe4541309b335a5
2025-09-17T14:58:08.8486533Z ( STDERR )  job 85    path is /build/yath-377-2TqxA3/tmp/Ioi7QF/cv4BJzFlGy/nix/store/qvwnhh115rcq1cgpd1pjbdjpsyr72z4a-source
2025-09-17T14:58:08.8486624Z ( STDERR )  job 85    (tests:git) Evaluating...
2025-09-17T14:58:08.8486974Z ( STDERR )  job 85    DBIx::Class::Row::store_column(): No such column 'jobset' on Hydra::Model::DB::Builds at /build/source/src/script/hydra-eval-jobset line 571
2025-09-17T14:58:08.8487119Z ( STDERR )  job 85    Evaluation unexpectedly failed for jobset tests:git:
2025-09-17T14:58:08.8487471Z ( STDERR )  job 85    DBIx::Class::Row::store_column(): No such column 'jobset' on Hydra::Model::DB::Builds at /build/source/src/script/hydra-eval-jobset line 571
2025-09-17T14:58:08.8487531Z ( STDERR )  job 85
2025-09-17T14:58:08.8487914Z ( STDERR )  job 85    STDERR: (tests:git) Fetching input `jobs` (path) /build/yath-377-2TqxA3/tmp/Ioi7QF/cv4BJzFlGy/jobs
2025-09-17T14:58:08.8488190Z ( STDERR )  job 85    (tests:git) Fetching input `src` (git) file:///build/yath-377-2TqxA3/tmp/Ioi7QF/cv4BJzFlGy/scratch/git-repo
2025-09-17T14:58:08.8488282Z ( STDERR )  job 85    (tests:git) Evaluating...
2025-09-17T14:58:08.8488637Z ( STDERR )  job 85    DBIx::Class::Row::store_column(): No such column 'jobset' on Hydra::Model::DB::Builds at /build/source/src/script/hydra-eval-jobset line 571
2025-09-17T14:58:08.8488728Z ( STDOUT )  job 85    Update git repository: End.
2025-09-17T14:58:08.8488816Z [  FAIL  ]  job 85  +~With the SCM input named git
2025-09-17T14:58:08.8488942Z < REASON >  job 85    Subtest failures were encountered (Count: 3)
2025-09-17T14:58:08.8489016Z [  FAIL  ]  job 85    +~Mutation number 0
2025-09-17T14:58:08.8489114Z [  FAIL  ]  job 85    | + Evaluating nix-expression.
2025-09-17T14:58:08.8489233Z (  DIAG  )  job 85    | | Failed test 'Evaluating nix-expression.'
2025-09-17T14:58:08.8489362Z (  DIAG  )  job 85    | | at /build/source/t/lib/TestScmInput.pm line 60.
2025-09-17T14:58:08.8489453Z [  FAIL  ]  job 85    | + Expect 1 jobs in the queue.
2025-09-17T14:58:08.8489578Z [  DEBUG ]  job 85    | | /build/source/t/lib/TestScmInput.pm line 64
2025-09-17T14:58:08.8489656Z (  DIAG  )  job 85    | | +-----+----+-------+
2025-09-17T14:58:08.8489731Z (  DIAG  )  job 85    | | | GOT | OP | CHECK |
2025-09-17T14:58:08.8489803Z (  DIAG  )  job 85    | | +-----+----+-------+
2025-09-17T14:58:08.8489879Z (  DIAG  )  job 85    | | | 0   | eq | 1     |
2025-09-17T14:58:08.8489952Z (  DIAG  )  job 85    | | +-----+----+-------+
2025-09-17T14:58:08.8490056Z [  FAIL  ]  job 85    | + Evaluating nix-expression again.
2025-09-17T14:58:08.8490187Z (  DIAG  )  job 85    | | Failed test 'Evaluating nix-expression again.'
2025-09-17T14:58:08.8490309Z (  DIAG  )  job 85    | | at /build/source/t/lib/TestScmInput.pm line 65.
2025-09-17T14:58:08.8490536Z [  FAIL  ]  job 85    | + Expect deterministic evaluation.
2025-09-17T14:58:08.8490672Z [  DEBUG ]  job 85    | | /build/source/t/lib/TestScmInput.pm line 68
2025-09-17T14:58:08.8490745Z (  DIAG  )  job 85    | | +-----+----+-------+
2025-09-17T14:58:08.8490823Z (  DIAG  )  job 85    | | | GOT | OP | CHECK |
2025-09-17T14:58:08.8490894Z (  DIAG  )  job 85    | | +-----+----+-------+
2025-09-17T14:58:08.8490968Z (  DIAG  )  job 85    | | | 0   | eq | 1     |
2025-09-17T14:58:08.8491041Z (  DIAG  )  job 85    | | +-----+----+-------+
2025-09-17T14:58:08.8491125Z [  PLAN  ]  job 85    | | Expected assertions: 4
2025-09-17T14:58:08.8491185Z             job 85    | ^
2025-09-17T14:58:08.8491285Z (  DIAG  )  job 85    | Failed test 'Mutation number 0'
2025-09-17T14:58:08.8491408Z (  DIAG  )  job 85    | at /build/source/t/lib/TestScmInput.pm line 72.
2025-09-17T14:58:08.8491485Z [  FAIL  ]  job 85    +~Mutation number 1
2025-09-17T14:58:08.8491578Z [  FAIL  ]  job 85    | + Evaluating nix-expression.
2025-09-17T14:58:08.8491788Z (  DIAG  )  job 85    | | Failed test 'Evaluating nix-expression.'
2025-09-17T14:58:08.8491915Z (  DIAG  )  job 85    | | at /build/source/t/lib/TestScmInput.pm line 60.
2025-09-17T14:58:08.8492006Z [  FAIL  ]  job 85    | + Expect 2 jobs in the queue.
2025-09-17T14:58:08.8492129Z [  DEBUG ]  job 85    | | /build/source/t/lib/TestScmInput.pm line 64
2025-09-17T14:58:08.8492205Z (  DIAG  )  job 85    | | +-----+----+-------+
2025-09-17T14:58:08.8492281Z (  DIAG  )  job 85    | | | GOT | OP | CHECK |
2025-09-17T14:58:08.8492353Z (  DIAG  )  job 85    | | +-----+----+-------+
2025-09-17T14:58:08.8492427Z (  DIAG  )  job 85    | | | 0   | eq | 2     |
2025-09-17T14:58:08.8492499Z (  DIAG  )  job 85    | | +-----+----+-------+
2025-09-17T14:58:08.8492606Z [  FAIL  ]  job 85    | + Evaluating nix-expression again.
2025-09-17T14:58:08.8492732Z (  DIAG  )  job 85    | | Failed test 'Evaluating nix-expression again.'
2025-09-17T14:58:08.8492855Z (  DIAG  )  job 85    | | at /build/source/t/lib/TestScmInput.pm line 65.
2025-09-17T14:58:08.8492969Z [  FAIL  ]  job 85    | + Expect deterministic evaluation.
2025-09-17T14:58:08.8493092Z [  DEBUG ]  job 85    | | /build/source/t/lib/TestScmInput.pm line 68
2025-09-17T14:58:08.8493166Z (  DIAG  )  job 85    | | +-----+----+-------+
2025-09-17T14:58:08.8493244Z (  DIAG  )  job 85    | | | GOT | OP | CHECK |
2025-09-17T14:58:08.8493316Z (  DIAG  )  job 85    | | +-----+----+-------+
2025-09-17T14:58:08.8493392Z (  DIAG  )  job 85    | | | 0   | eq | 2     |
2025-09-17T14:58:08.8493465Z (  DIAG  )  job 85    | | +-----+----+-------+
2025-09-17T14:58:08.8493550Z [  PLAN  ]  job 85    | | Expected assertions: 4
2025-09-17T14:58:08.8493611Z             job 85    | ^
2025-09-17T14:58:08.8493708Z (  DIAG  )  job 85    | Failed test 'Mutation number 1'
2025-09-17T14:58:08.8493831Z (  DIAG  )  job 85    | at /build/source/t/lib/TestScmInput.pm line 72.
2025-09-17T14:58:08.8493907Z [  FAIL  ]  job 85    +~Mutation number 2
2025-09-17T14:58:08.8494003Z [  FAIL  ]  job 85    | + Evaluating nix-expression.
2025-09-17T14:58:08.8494123Z (  DIAG  )  job 85    | | Failed test 'Evaluating nix-expression.'
2025-09-17T14:58:08.8494249Z (  DIAG  )  job 85    | | at /build/source/t/lib/TestScmInput.pm line 60.
2025-09-17T14:58:08.8494341Z [  FAIL  ]  job 85    | + Expect 3 jobs in the queue.
2025-09-17T14:58:08.8494467Z [  DEBUG ]  job 85    | | /build/source/t/lib/TestScmInput.pm line 64
2025-09-17T14:58:08.8494544Z (  DIAG  )  job 85    | | +-----+----+-------+
2025-09-17T14:58:08.8494619Z (  DIAG  )  job 85    | | | GOT | OP | CHECK |
2025-09-17T14:58:08.8494695Z (  DIAG  )  job 85    | | +-----+----+-------+
2025-09-17T14:58:08.8494766Z (  DIAG  )  job 85    | | | 0   | eq | 3     |
2025-09-17T14:58:08.8494839Z (  DIAG  )  job 85    | | +-----+----+-------+
2025-09-17T14:58:08.8494947Z [  FAIL  ]  job 85    | + Evaluating nix-expression again.
2025-09-17T14:58:08.8495076Z (  DIAG  )  job 85    | | Failed test 'Evaluating nix-expression again.'
2025-09-17T14:58:08.8495292Z (  DIAG  )  job 85    | | at /build/source/t/lib/TestScmInput.pm line 65.
2025-09-17T14:58:08.8495410Z [  FAIL  ]  job 85    | + Expect deterministic evaluation.
2025-09-17T14:58:08.8495534Z [  DEBUG ]  job 85    | | /build/source/t/lib/TestScmInput.pm line 68
2025-09-17T14:58:08.8495611Z (  DIAG  )  job 85    | | +-----+----+-------+
2025-09-17T14:58:08.8495686Z (  DIAG  )  job 85    | | | GOT | OP | CHECK |
2025-09-17T14:58:08.8495758Z (  DIAG  )  job 85    | | +-----+----+-------+
2025-09-17T14:58:08.8495835Z (  DIAG  )  job 85    | | | 0   | eq | 3     |
2025-09-17T14:58:08.8495908Z (  DIAG  )  job 85    | | +-----+----+-------+
2025-09-17T14:58:08.8495993Z [  PLAN  ]  job 85    | | Expected assertions: 4
2025-09-17T14:58:08.8496057Z             job 85    | ^
2025-09-17T14:58:08.8496153Z (  DIAG  )  job 85    | Failed test 'Mutation number 2'
2025-09-17T14:58:08.8496279Z (  DIAG  )  job 85    | at /build/source/t/lib/TestScmInput.pm line 72.
2025-09-17T14:58:08.8496361Z [  PLAN  ]  job 85    | Expected assertions: 3
2025-09-17T14:58:08.8496547Z             job 85    ^
2025-09-17T14:58:08.8496662Z (  DIAG  )  job 85    Failed test 'With the SCM input named git'
2025-09-17T14:58:08.8496786Z (  DIAG  )  job 85    at /build/source/t/lib/TestScmInput.pm line 74.
2025-09-17T14:58:08.8496868Z [  PLAN  ]  job 85    Expected assertions: 1
2025-09-17T14:58:08.8496939Z ( MEMORY )  job 85    rss:  82600kB
2025-09-17T14:58:08.8497008Z ( MEMORY )  job 85    size: 322924kB
2025-09-17T14:58:08.8497082Z ( MEMORY )  job 85    peak: 322924kB
2025-09-17T14:58:08.8497204Z (  DIAG  )  job 85    Seeded srand with seed '20250917' from local date.
2025-09-17T14:58:08.8497278Z ( FAILED )  job 85    input-types/git.t
2025-09-17T14:58:08.8497458Z (  TIME  )  job 85    Startup: 11.5739s | Events: 0.00266s | Cleanup: 0.17282s | Total: 11.7494s
2025-09-17T14:58:08.8497566Z < REASON >  job 85    Test script returned error (Err: 1)
2025-09-17T14:58:08.8497671Z < REASON >  job 85    Errors were encountered (Count: 1)
2025-09-17T14:58:08.8497975Z < REASON >  job 85    Assertion failures were encountered (Count: 1)
2025-09-17T14:58:08.8498101Z < REASON >  job 85    Subtest failures were encountered (Count: 1)
2025-09-17T14:58:08.8498193Z ( PASSED )  job 90    queue-runner/constituents.t
2025-09-17T14:58:08.8498372Z ( STDERR )  job 89    Evaluation unexpectedly failed for jobset t9B8622D7:t55A90062:
2025-09-17T14:58:08.8498728Z ( STDERR )  job 89    DBIx::Class::Row::store_column(): No such column 'project' on Hydra::Model::DB::Builds at /build/source/src/script/hydra-eval-jobset line 571
2025-09-17T14:58:08.8498793Z ( STDERR )  job 89
2025-09-17T14:58:08.8499080Z ( STDERR )  job 89    STDERR: (t9B8622D7:t55A90062) Fetching input `jobs` (path) /build/yath-377-2TqxA3/tmp/rfJ1LV/cv4BJzFlGy/jobs
2025-09-17T14:58:08.8499281Z ( STDERR )  job 89    copying input jobs from /build/yath-377-2TqxA3/tmp/rfJ1LV/cv4BJzFlGy/jobs
2025-09-17T14:58:08.8499385Z ( STDERR )  job 89    (t9B8622D7:t55A90062) Evaluating...
2025-09-17T14:58:08.8499739Z ( STDERR )  job 89    DBIx::Class::Row::store_column(): No such column 'project' on Hydra::Model::DB::Builds at /build/source/src/script/hydra-eval-jobset line 571
2025-09-17T14:58:08.8499917Z [  FAIL  ]  job 89  +~Building, caching, and then garbage collecting the underlying job
2025-09-17T14:58:08.8500052Z < REASON >  job 89    No plan was declared, and no assertions were made.
2025-09-17T14:58:08.8500260Z (  DIAG  )  job 89    Failed test 'Building, caching, and then garbage collecting the underlying job'
2025-09-17T14:58:08.8500445Z (  DIAG  )  job 89    at queue-runner/build-locally-with-substitutable-path.t line 44.
2025-09-17T14:58:08.8500759Z (  DIAG  )  job 89    Caught exception in subtest: Evaluating jobs/dependencies/underlyingOnly.nix should exit with return code 0.
2025-09-17T14:58:08.8500939Z ( STDERR )  job 89    Evaluation unexpectedly failed for jobset t1BF12F83:t54C7798A:
2025-09-17T14:58:08.8501430Z ( STDERR )  job 89    DBIx::Class::Row::store_column(): No such column 'jobset' on Hydra::Model::DB::Builds at /build/source/src/script/hydra-eval-jobset line 571
2025-09-17T14:58:08.8501503Z ( STDERR )  job 89
2025-09-17T14:58:08.8501794Z ( STDERR )  job 89    STDERR: (t1BF12F83:t54C7798A) Fetching input `jobs` (path) /build/yath-377-2TqxA3/tmp/rfJ1LV/cv4BJzFlGy/jobs
2025-09-17T14:58:08.8501895Z ( STDERR )  job 89    (t1BF12F83:t54C7798A) Evaluating...
2025-09-17T14:58:08.8502244Z ( STDERR )  job 89    DBIx::Class::Row::store_column(): No such column 'jobset' on Hydra::Model::DB::Builds at /build/source/src/script/hydra-eval-jobset line 571
2025-09-17T14:58:08.8502491Z [  FAIL  ]  job 89  +~Building the dependent job should now succeed, even though we're missing a local dependency
2025-09-17T14:58:08.8502626Z < REASON >  job 89    No plan was declared, and no assertions were made.
2025-09-17T14:58:08.8502911Z (  DIAG  )  job 89    Failed test 'Building the dependent job should now succeed, even though we're missing a local dependency'
2025-09-17T14:58:08.8503097Z (  DIAG  )  job 89    at queue-runner/build-locally-with-substitutable-path.t line 52.
2025-09-17T14:58:08.8503503Z (  DIAG  )  job 89    Caught exception in subtest: Evaluating jobs/dependencies/dependentOnly.nix should exit with return code 0.
2025-09-17T14:58:08.8503589Z [  PLAN  ]  job 89    Expected assertions: 2
2025-09-17T14:58:08.8503658Z ( MEMORY )  job 89    rss:  103456kB
2025-09-17T14:58:08.8503730Z ( MEMORY )  job 89    size: 359464kB
2025-09-17T14:58:08.8503798Z ( MEMORY )  job 89    peak: 359464kB
2025-09-17T14:58:08.8503922Z (  DIAG  )  job 89    Seeded srand with seed '20250917' from local date.
2025-09-17T14:58:08.8504080Z ( FAILED )  job 89    queue-runner/build-locally-with-substitutable-path.t
2025-09-17T14:58:08.8504253Z (  TIME  )  job 89    Startup: 3.99430s | Events: 1.23153s | Cleanup: 0.24430s | Total: 5.47013s
2025-09-17T14:58:08.8504363Z < REASON >  job 89    Test script returned error (Err: 2)
2025-09-17T14:58:08.8504471Z < REASON >  job 89    Errors were encountered (Count: 2)
2025-09-17T14:58:08.8504607Z < REASON >  job 89    Assertion failures were encountered (Count: 2)
2025-09-17T14:58:08.8504739Z < REASON >  job 89    Subtest failures were encountered (Count: 2)
2025-09-17T14:58:08.8504914Z ( STDERR )  job 91    Evaluation unexpectedly failed for jobset t3BC79A63:t3C3E0B8E:
2025-09-17T14:58:08.8505271Z ( STDERR )  job 91    DBIx::Class::Row::store_column(): No such column 'project' on Hydra::Model::DB::Builds at /build/source/src/script/hydra-eval-jobset line 571
2025-09-17T14:58:08.8505336Z ( STDERR )  job 91
2025-09-17T14:58:08.8505623Z ( STDERR )  job 91    STDERR: (t3BC79A63:t3C3E0B8E) Fetching input `jobs` (path) /build/yath-377-2TqxA3/tmp/AE7PyI/cv4BJzFlGy/jobs
2025-09-17T14:58:08.8505825Z ( STDERR )  job 91    copying input jobs from /build/yath-377-2TqxA3/tmp/AE7PyI/cv4BJzFlGy/jobs
2025-09-17T14:58:08.8505929Z ( STDERR )  job 91    (t3BC79A63:t3C3E0B8E) Evaluating...
2025-09-17T14:58:08.8506287Z ( STDERR )  job 91    DBIx::Class::Row::store_column(): No such column 'project' on Hydra::Model::DB::Builds at /build/source/src/script/hydra-eval-jobset line 571
2025-09-17T14:58:08.8506505Z ( STDERR )  job 91    Evaluating jobs/default-machine-file.nix should exit with return code 0.
2025-09-17T14:58:08.8506616Z ( FAILED )  job 91    queue-runner/default-machine-file.t
2025-09-17T14:58:08.8506685Z (  TIME  )  job 91    Total: 4.17880s
2025-09-17T14:58:08.8506820Z < REASON >  job 91    No plan was declared, and no assertions were made.
2025-09-17T14:58:08.8506994Z ( STDERR )  job 92    Evaluation unexpectedly failed for jobset tF09F5F15:t758CB6F9:
2025-09-17T14:58:08.8507351Z ( STDERR )  job 92    DBIx::Class::Row::store_column(): No such column 'project' on Hydra::Model::DB::Builds at /build/source/src/script/hydra-eval-jobset line 571
2025-09-17T14:58:08.8507412Z ( STDERR )  job 92
2025-09-17T14:58:08.8507818Z ( STDERR )  job 92    STDERR: (tF09F5F15:t758CB6F9) Fetching input `jobs` (path) /build/yath-377-2TqxA3/tmp/CcswXV/cv4BJzFlGy/jobs
2025-09-17T14:58:08.8508149Z ( STDERR )  job 92    copying input jobs from /build/yath-377-2TqxA3/tmp/CcswXV/cv4BJzFlGy/jobs
2025-09-17T14:58:08.8508264Z ( STDERR )  job 92    (tF09F5F15:t758CB6F9) Evaluating...
2025-09-17T14:58:08.8508622Z ( STDERR )  job 92    DBIx::Class::Row::store_column(): No such column 'project' on Hydra::Model::DB::Builds at /build/source/src/script/hydra-eval-jobset line 571
2025-09-17T14:58:08.8508805Z ( STDERR )  job 92    Evaluating jobs/constituents.nix should exit with return code 0.
2025-09-17T14:58:08.8508934Z ( FAILED )  job 92    queue-runner/direct-indirect-constituents.t
2025-09-17T14:58:08.8509008Z (  TIME  )  job 92    Total: 4.47305s
2025-09-17T14:58:08.8509142Z < REASON >  job 92    No plan was declared, and no assertions were made.
2025-09-17T14:58:08.8509238Z ( STDERR )  job 93    this derivation will be built:
2025-09-17T14:58:08.8509588Z ( STDERR )  job 93      /build/yath-377-2TqxA3/tmp/Y1UmHn/D_LF64NjWl/nix/store/qy7m1j1pzwb8cz4gg1mxiq02k3p08dc9-can-be-substituted.drv
2025-09-17T14:58:08.8509983Z ( STDERR )  job 93    building '/build/yath-377-2TqxA3/tmp/Y1UmHn/D_LF64NjWl/nix/store/qy7m1j1pzwb8cz4gg1mxiq02k3p08dc9-can-be-substituted.drv'...
2025-09-17T14:58:08.8510411Z ( STDOUT )  job 93    /build/yath-377-2TqxA3/tmp/Y1UmHn/D_LF64NjWl/nix/store/ab7rsk5hq8z66gbrh8c9d9ppx7sikwnb-can-be-substituted
2025-09-17T14:58:08.8510632Z ( STDERR )  job 93    warning: you don't have Internet access; disabling some network-dependent features
2025-09-17T14:58:08.8510708Z ( STDERR )  job 93    copying 1 paths...
2025-09-17T14:58:08.8511286Z ( STDERR )  job 93    copying path '/build/yath-377-2TqxA3/tmp/Y1UmHn/D_LF64NjWl/nix/store/ab7rsk5hq8z66gbrh8c9d9ppx7sikwnb-can-be-substituted' to 'file:///build/yath-377-2TqxA3/tmp/Y1UmHn/cv4BJzFlGy'...
2025-09-17T14:58:08.8511508Z ( STDERR )  job 93    warning: you don't have Internet access; disabling some network-dependent features
2025-09-17T14:58:08.8511938Z ( STDERR )  job 93    got build log for '/build/yath-377-2TqxA3/tmp/Y1UmHn/D_LF64NjWl/nix/store/ab7rsk5hq8z66gbrh8c9d9ppx7sikwnb-can-be-substituted' from 'local'
2025-09-17T14:58:08.8512053Z ( STDERR )  job 93    finding garbage collector roots...
2025-09-17T14:58:08.8512698Z ( STDERR )  job 93    removing stale link from '/build/yath-377-2TqxA3/tmp/Y1UmHn/D_LF64NjWl/nix/var/nix/gcroots/auto/6cmcn3bnqyxf0j28vr2x14hyfw5q7ipm' to '/build/yath-377-2TqxA3/tmp/Y1UmHn/D_LF64NjWl/basic-canbesubstituted'
2025-09-17T14:58:08.8513065Z ( STDERR )  job 93    deleting '/build/yath-377-2TqxA3/tmp/Y1UmHn/D_LF64NjWl/nix/store/ab7rsk5hq8z66gbrh8c9d9ppx7sikwnb-can-be-substituted'
2025-09-17T14:58:08.8513151Z ( STDERR )  job 93    deleting unused links...
2025-09-17T14:58:08.8513281Z ( STDERR )  job 93    note: currently hard linking saves -0.00 MiB
2025-09-17T14:58:08.8513390Z ( STDOUT )  job 93    1 store paths deleted, 0.00 MiB freed
2025-09-17T14:58:08.8513494Z ( STDERR )  job 93    finding garbage collector roots...
2025-09-17T14:58:08.8513572Z ( STDERR )  job 93    deleting garbage...
2025-09-17T14:58:08.8513953Z ( STDERR )  job 93    deleting '/build/yath-377-2TqxA3/tmp/Y1UmHn/D_LF64NjWl/nix/store/qy7m1j1pzwb8cz4gg1mxiq02k3p08dc9-can-be-substituted.drv'
2025-09-17T14:58:08.8514333Z ( STDERR )  job 93    deleting '/build/yath-377-2TqxA3/tmp/Y1UmHn/D_LF64NjWl/nix/store/k5mwmb5gf1pc0p0b0hzqx4vn1sq4mys9-empty-dir-builder.sh'
2025-09-17T14:58:08.8514419Z ( STDERR )  job 93    deleting unused links...
2025-09-17T14:58:08.8514544Z ( STDERR )  job 93    note: currently hard linking saves -0.00 MiB
2025-09-17T14:58:08.8514657Z ( STDOUT )  job 93    2 store paths deleted, 0.00 MiB freed
2025-09-17T14:58:08.8514833Z [  PASS  ]  job 93  +~Pre-build the job, upload to the cache, and then delete locally
2025-09-17T14:58:08.8514944Z [  PASS  ]  job 93    + Building notifications.nix succeeded
2025-09-17T14:58:08.8515081Z [  PASS  ]  job 93    + Copying the closure to the binary cache succeeded
2025-09-17T14:58:08.8515172Z [  PASS  ]  job 93    + Deleting the GC root succeeds
2025-09-17T14:58:08.8515278Z [  PASS  ]  job 93    + Reading the output's log succeeds
2025-09-17T14:58:08.8515495Z [  PASS  ]  job 93    + Deleting the notifications.nix output succeeded
2025-09-17T14:58:08.8515605Z [  PASS  ]  job 93    + Delete all the system's garbage
2025-09-17T14:58:08.8515692Z [  PLAN  ]  job 93    | Expected assertions: 6
2025-09-17T14:58:08.8515753Z             job 93    ^
2025-09-17T14:58:08.8515921Z ( STDERR )  job 93    this path will be fetched (0.00 MiB download, 0.00 MiB unpacked):
2025-09-17T14:58:08.8516254Z ( STDERR )  job 93      /build/yath-377-2TqxA3/tmp/Y1UmHn/D_LF64NjWl/nix/store/ab7rsk5hq8z66gbrh8c9d9ppx7sikwnb-can-be-substituted
2025-09-17T14:58:08.8516834Z ( STDERR )  job 93    copying path '/build/yath-377-2TqxA3/tmp/Y1UmHn/D_LF64NjWl/nix/store/ab7rsk5hq8z66gbrh8c9d9ppx7sikwnb-can-be-substituted' from 'file:///build/yath-377-2TqxA3/tmp/Y1UmHn/cv4BJzFlGy'...
2025-09-17T14:58:08.8517166Z ( STDOUT )  job 93    /build/yath-377-2TqxA3/tmp/Y1UmHn/D_LF64NjWl/nix/store/ab7rsk5hq8z66gbrh8c9d9ppx7sikwnb-can-be-substituted
2025-09-17T14:58:08.8517389Z ( STDERR )  job 93    warning: you don't have Internet access; disabling some network-dependent features
2025-09-17T14:58:08.8518035Z ( STDERR )  job 93    error: build log of '/build/yath-377-2TqxA3/tmp/Y1UmHn/D_LF64NjWl/nix/store/ab7rsk5hq8z66gbrh8c9d9ppx7sikwnb-can-be-substituted' is not available
2025-09-17T14:58:08.8518146Z ( STDERR )  job 93    finding garbage collector roots...
2025-09-17T14:58:08.8518787Z ( STDERR )  job 93    removing stale link from '/build/yath-377-2TqxA3/tmp/Y1UmHn/D_LF64NjWl/nix/var/nix/gcroots/auto/6cmcn3bnqyxf0j28vr2x14hyfw5q7ipm' to '/build/yath-377-2TqxA3/tmp/Y1UmHn/D_LF64NjWl/basic-canbesubstituted'
2025-09-17T14:58:08.8519158Z ( STDERR )  job 93    deleting '/build/yath-377-2TqxA3/tmp/Y1UmHn/D_LF64NjWl/nix/store/ab7rsk5hq8z66gbrh8c9d9ppx7sikwnb-can-be-substituted'
2025-09-17T14:58:08.8519247Z ( STDERR )  job 93    deleting unused links...
2025-09-17T14:58:08.8519370Z ( STDERR )  job 93    note: currently hard linking saves -0.00 MiB
2025-09-17T14:58:08.8519482Z ( STDOUT )  job 93    1 store paths deleted, 0.00 MiB freed
2025-09-17T14:58:08.8519596Z ( STDERR )  job 93    finding garbage collector roots...
2025-09-17T14:58:08.8519674Z ( STDERR )  job 93    deleting garbage...
2025-09-17T14:58:08.8520055Z ( STDERR )  job 93    deleting '/build/yath-377-2TqxA3/tmp/Y1UmHn/D_LF64NjWl/nix/store/qy7m1j1pzwb8cz4gg1mxiq02k3p08dc9-can-be-substituted.drv'
2025-09-17T14:58:08.8520426Z ( STDERR )  job 93    deleting '/build/yath-377-2TqxA3/tmp/Y1UmHn/D_LF64NjWl/nix/store/k5mwmb5gf1pc0p0b0hzqx4vn1sq4mys9-empty-dir-builder.sh'
2025-09-17T14:58:08.8520514Z ( STDERR )  job 93    deleting unused links...
2025-09-17T14:58:08.8520637Z ( STDERR )  job 93    note: currently hard linking saves -0.00 MiB
2025-09-17T14:58:08.8520744Z ( STDOUT )  job 93    2 store paths deleted, 0.00 MiB freed
2025-09-17T14:58:08.8520910Z [  PASS  ]  job 93  +~Ensure substituting the job works, but reading the log fails
2025-09-17T14:58:08.8521019Z [  PASS  ]  job 93    + Building notifications.nix succeeded
2025-09-17T14:58:08.8521134Z [  PASS  ]  job 93    + Reading the deleted output's log fails
2025-09-17T14:58:08.8521231Z [  PASS  ]  job 93    + Deleting the GC root succeeds
2025-09-17T14:58:08.8521361Z [  PASS  ]  job 93    + Deleting the notifications.nix output succeeded
2025-09-17T14:58:08.8521462Z [  PASS  ]  job 93    + Delete all the system's garbage
2025-09-17T14:58:08.8521545Z [  PLAN  ]  job 93    | Expected assertions: 5
2025-09-17T14:58:08.8521604Z             job 93    ^
2025-09-17T14:58:08.8521788Z ( STDERR )  job 93    Evaluation unexpectedly failed for jobset t8FABF401:tEB176E9B:
2025-09-17T14:58:08.8522148Z ( STDERR )  job 93    DBIx::Class::Row::store_column(): No such column 'project' on Hydra::Model::DB::Builds at /build/source/src/script/hydra-eval-jobset line 571
2025-09-17T14:58:08.8522215Z ( STDERR )  job 93
2025-09-17T14:58:08.8522501Z ( STDERR )  job 93    STDERR: (t8FABF401:tEB176E9B) Fetching input `jobs` (path) /build/yath-377-2TqxA3/tmp/Y1UmHn/D_LF64NjWl/jobs
2025-09-17T14:58:08.8522835Z ( STDERR )  job 93    copying input jobs from /build/yath-377-2TqxA3/tmp/Y1UmHn/D_LF64NjWl/jobs
2025-09-17T14:58:08.8522956Z ( STDERR )  job 93    (t8FABF401:tEB176E9B) Evaluating...
2025-09-17T14:58:08.8523314Z ( STDERR )  job 93    DBIx::Class::Row::store_column(): No such column 'project' on Hydra::Model::DB::Builds at /build/source/src/script/hydra-eval-jobset line 571
2025-09-17T14:58:08.8523502Z ( STDERR )  job 93    Evaluating jobs/notifications.nix should exit with return code 0.
2025-09-17T14:58:08.8523573Z ( MEMORY )  job 93    rss:  82096kB
2025-09-17T14:58:08.8523642Z ( MEMORY )  job 93    size: 322752kB
2025-09-17T14:58:08.8523718Z ( MEMORY )  job 93    peak: 322764kB
2025-09-17T14:58:08.8523900Z (  DIAG  )  job 93    Tests were run but no plan was declared and done_testing() was not seen.
2025-09-17T14:58:08.8524024Z (  DIAG  )  job 93    Seeded srand with seed '20250917' from local date.
2025-09-17T14:58:08.8524121Z ( FAILED )  job 93    queue-runner/notifications.t
2025-09-17T14:58:08.8524300Z (  TIME  )  job 93    Startup: 2.49649s | Events: 0.27315s | Cleanup: 2.09939s | Total: 4.86903s
2025-09-17T14:58:08.8524540Z < REASON >  job 93    Test script returned error (Err: 255)
2025-09-17T14:58:08.8524617Z < REASON >  job 93    No plan was declared
2025-09-17T14:58:08.8524793Z ( STDERR )  job 95    Evaluation unexpectedly failed for jobset t911D5B5E:t24740AEA:
2025-09-17T14:58:08.8525154Z ( STDERR )  job 95    DBIx::Class::Row::store_column(): No such column 'project' on Hydra::Model::DB::Builds at /build/source/src/script/hydra-eval-jobset line 571
2025-09-17T14:58:08.8525215Z ( STDERR )  job 95
2025-09-17T14:58:08.8525507Z ( STDERR )  job 95    STDERR: (t911D5B5E:t24740AEA) Fetching input `jobs` (path) /build/yath-377-2TqxA3/tmp/qSTtGi/cv4BJzFlGy/jobset
2025-09-17T14:58:08.8525720Z ( STDERR )  job 95    copying input jobs from /build/yath-377-2TqxA3/tmp/qSTtGi/cv4BJzFlGy/jobset
2025-09-17T14:58:08.8525824Z ( STDERR )  job 95    (t911D5B5E:t24740AEA) Evaluating...
2025-09-17T14:58:08.8526191Z ( STDERR )  job 95    DBIx::Class::Row::store_column(): No such column 'project' on Hydra::Model::DB::Builds at /build/source/src/script/hydra-eval-jobset line 571
2025-09-17T14:58:08.8526358Z ( STDERR )  job 95    Evaluating jobs/default.nix should exit with return code 0.
2025-09-17T14:58:08.8526477Z ( FAILED )  job 95    scripts/hydra-eval-jobset/notifications.t
2025-09-17T14:58:08.8526551Z (  TIME  )  job 95    Total: 4.35054s
2025-09-17T14:58:08.8526684Z < REASON >  job 95    No plan was declared, and no assertions were made.
2025-09-17T14:58:08.8526774Z ( PASSED )  job 97    scripts/hydra-send-stats.t
2025-09-17T14:58:08.8526953Z ( STDERR )  job 98    Evaluation unexpectedly failed for jobset t10F8B2F3:t0E56BE9E:
2025-09-17T14:58:08.8527301Z ( STDERR )  job 98    DBIx::Class::Row::store_column(): No such column 'jobset' on Hydra::Model::DB::Builds at /build/source/src/script/hydra-eval-jobset line 571
2025-09-17T14:58:08.8527368Z ( STDERR )  job 98
2025-09-17T14:58:08.8527657Z ( STDERR )  job 98    STDERR: (t10F8B2F3:t0E56BE9E) Fetching input `jobs` (path) /build/yath-377-2TqxA3/tmp/jIrYgK/cv4BJzFlGy/jobs
2025-09-17T14:58:08.8527985Z ( STDERR )  job 98    copying input jobs from /build/yath-377-2TqxA3/tmp/jIrYgK/cv4BJzFlGy/jobs
2025-09-17T14:58:08.8528092Z ( STDERR )  job 98    (t10F8B2F3:t0E56BE9E) Evaluating...
2025-09-17T14:58:08.8528443Z ( STDERR )  job 98    DBIx::Class::Row::store_column(): No such column 'jobset' on Hydra::Model::DB::Builds at /build/source/src/script/hydra-eval-jobset line 571
2025-09-17T14:58:08.8528614Z ( STDERR )  job 98    Evaluating jobs/one-job.nix should exit with return code 0.
2025-09-17T14:58:08.8528752Z ( FAILED )  job 98    scripts/hydra-update-gc-roots/update-gc-roots.t
2025-09-17T14:58:08.8528820Z (  TIME  )  job 98    Total: 3.88217s
2025-09-17T14:58:08.8528958Z < REASON >  job 98    No plan was declared, and no assertions were made.
2025-09-17T14:58:08.8529037Z ( PASSED )  job 96    scripts/hydra-init.t
2025-09-17T14:58:08.8529131Z ( PASSED )  job 94    scripts/hydra-create-user.t
2025-09-17T14:58:08.8529146Z
2025-09-17T14:58:08.8529338Z The following jobs failed:
2025-09-17T14:58:08.8529478Z +------------------------+------------------------+------------------------+
2025-09-17T14:58:08.8529594Z | Job ID                 | Test File              | Subtests               |
2025-09-17T14:58:08.8529708Z +------------------------+------------------------+------------------------+
2025-09-17T14:58:08.8529867Z | 6B44116A-93D6-11F0-BC7 | Hydra/Event/BuildFinis | load                   |
2025-09-17T14:58:08.8529996Z | 3-8688901ADF11         | hed.t                  |                        |
2025-09-17T14:58:08.8530077Z |                        |                        |                        |
2025-09-17T14:58:08.8530239Z | 6B449392-93D6-11F0-BC7 | input-types/bzr.t      | With the SCM input nam |
2025-09-17T14:58:08.8530362Z | 3-8688901ADF11         |                        | ed bzr                 |
2025-09-17T14:58:08.8530449Z |                        |                        | With the SCM input nam |
2025-09-17T14:58:08.8530630Z |                        |                        | ed bzr -> Mutation num |
2025-09-17T14:58:08.8530711Z |                        |                        | ber 0                  |
2025-09-17T14:58:08.8530787Z |                        |                        |                        |
2025-09-17T14:58:08.8530951Z | 6B44BB38-93D6-11F0-BC7 | scripts/hydra-eval-job |                        |
2025-09-17T14:58:08.8531091Z | 3-8688901ADF11         | set/notifications.t    |                        |
2025-09-17T14:58:08.8531179Z |                        |                        |                        |
2025-09-17T14:58:08.8531343Z | 6B44888E-93D6-11F0-BC7 | evaluator/evaluate-fla | Flake using `checks`   |
2025-09-17T14:58:08.8531472Z | 3-8688901ADF11         | ke.t                   | Flake using `hydraJobs |
2025-09-17T14:58:08.8531555Z |                        |                        | `                      |
2025-09-17T14:58:08.8531635Z |                        |                        |                        |
2025-09-17T14:58:08.8531794Z | 6B445E4A-93D6-11F0-BC7 | Hydra/Schema/Result/Ru |                        |
2025-09-17T14:58:08.8531932Z | 3-8688901ADF11         | nCommandLogs.t         |                        |
2025-09-17T14:58:08.8532010Z |                        |                        |                        |
2025-09-17T14:58:08.8532170Z | 6B43FBDA-93D6-11F0-BC7 | Hydra/Controller/Root/ |                        |
2025-09-17T14:58:08.8532299Z | 3-8688901ADF11         | status.t               |                        |
2025-09-17T14:58:08.8532376Z |                        |                        |                        |
2025-09-17T14:58:08.8532536Z | 6B43BDAA-93D6-11F0-BC7 | Hydra/Controller/API/c |                        |
2025-09-17T14:58:08.8532663Z | 3-8688901ADF11         | hecks.t                |                        |
2025-09-17T14:58:08.8532740Z |                        |                        |                        |
2025-09-17T14:58:08.8532911Z | 6B4485DC-93D6-11F0-BC7 | evaluator/evaluate-dep | For the 'build1' job   |
2025-09-17T14:58:08.8533057Z | 3-8688901ADF11         | endent-jobsets.t       | For the 'build2' job   |
2025-09-17T14:58:08.8533138Z |                        |                        |                        |
2025-09-17T14:58:08.8533295Z | 6B44B2F0-93D6-11F0-BC7 | queue-runner/direct-in |                        |
2025-09-17T14:58:08.8533435Z | 3-8688901ADF11         | direct-constituents.t  |                        |
2025-09-17T14:58:08.8533517Z |                        |                        |                        |
2025-09-17T14:58:08.8533673Z | 6B444220-93D6-11F0-BC7 | Hydra/Plugin/RunComman |                        |
2025-09-17T14:58:08.8533803Z | 3-8688901ADF11         | d/basic.t              |                        |
2025-09-17T14:58:08.8533884Z |                        |                        |                        |
2025-09-17T14:58:08.8534044Z | 6B44A7D8-93D6-11F0-BC7 | input-types/svn.t      | With the SCM input nam |
2025-09-17T14:58:08.8534254Z | 3-8688901ADF11         |                        | ed svn                 |
2025-09-17T14:58:08.8534349Z |                        |                        | With the SCM input nam |
2025-09-17T14:58:08.8534437Z |                        |                        | ed svn -> Mutation num |
2025-09-17T14:58:08.8534524Z |                        |                        | ber 0                  |
2025-09-17T14:58:08.8534601Z |                        |                        |                        |
2025-09-17T14:58:08.8534757Z | 6B44B5CA-93D6-11F0-BC7 | queue-runner/notificat |                        |
2025-09-17T14:58:08.8534890Z | 3-8688901ADF11         | ions.t                 |                        |
2025-09-17T14:58:08.8534969Z |                        |                        |                        |
2025-09-17T14:58:08.8535131Z | 6B44963A-93D6-11F0-BC7 | input-types/darcs.t    | With the SCM input nam |
2025-09-17T14:58:08.8535252Z | 3-8688901ADF11         |                        | ed darcs               |
2025-09-17T14:58:08.8535406Z |                        |                        | With the SCM input nam |
2025-09-17T14:58:08.8535498Z |                        |                        | ed darcs -> Mutation n |
2025-09-17T14:58:08.8535580Z |                        |                        | umber 0                |
2025-09-17T14:58:08.8535662Z |                        |                        |                        |
2025-09-17T14:58:08.8535825Z | 6B443F64-93D6-11F0-BC7 | Hydra/Plugin/Declarati | Evaluating and buildin |
2025-09-17T14:58:08.8535968Z | 3-8688901ADF11         | veJobsets/basic.t      | g the top .jobsets job |
2025-09-17T14:58:08.8536052Z |                        |                        | set                    |
2025-09-17T14:58:08.8536138Z |                        |                        | Validating a new jobse |
2025-09-17T14:58:08.8536222Z |                        |                        | t appears              |
2025-09-17T14:58:08.8536307Z |                        |                        |                        |
2025-09-17T14:58:08.8536466Z | 6B43CA7A-93D6-11F0-BC7 | Hydra/Controller/Build |                        |
2025-09-17T14:58:08.8536599Z | 3-8688901ADF11         | /cancel.t              |                        |
2025-09-17T14:58:08.8536678Z |                        |                        |                        |
2025-09-17T14:58:08.8536836Z | 6B44A256-93D6-11F0-BC7 | input-types/hg.t       | With the SCM input nam |
2025-09-17T14:58:08.8536956Z | 3-8688901ADF11         |                        | ed hg                  |
2025-09-17T14:58:08.8537045Z |                        |                        | With the SCM input nam |
2025-09-17T14:58:08.8537132Z |                        |                        | ed hg -> Mutation numb |
2025-09-17T14:58:08.8537216Z |                        |                        | er 0                   |
2025-09-17T14:58:08.8537293Z |                        |                        |                        |
2025-09-17T14:58:08.8537462Z | 6B449F86-93D6-11F0-BC7 | input-types/git.t      | With the SCM input nam |
2025-09-17T14:58:08.8537579Z | 3-8688901ADF11         |                        | ed git                 |
2025-09-17T14:58:08.8537900Z |                        |                        | With the SCM input nam |
2025-09-17T14:58:08.8537987Z |                        |                        | ed git -> Mutation num |
2025-09-17T14:58:08.8538071Z |                        |                        | ber 0                  |
2025-09-17T14:58:08.8538158Z |                        |                        | With the SCM input nam |
2025-09-17T14:58:08.8538242Z |                        |                        | ed git -> Mutation num |
2025-09-17T14:58:08.8538326Z |                        |                        | ber 1                  |
2025-09-17T14:58:08.8538413Z |                        |                        | With the SCM input nam |
2025-09-17T14:58:08.8538628Z |                        |                        | ed git -> Mutation num |
2025-09-17T14:58:08.8538745Z |                        |                        | ber 2                  |
2025-09-17T14:58:08.8538822Z |                        |                        |                        |
2025-09-17T14:58:08.8538982Z | 6B4419D0-93D6-11F0-BC7 | Hydra/Event/CachedBuil | load                   |
2025-09-17T14:58:08.8539114Z | 3-8688901ADF11         | dFinished.t            |                        |
2025-09-17T14:58:08.8539192Z |                        |                        |                        |
2025-09-17T14:58:08.8539352Z | 6B444A18-93D6-11F0-BC7 | Hydra/Plugin/RunComman |                        |
2025-09-17T14:58:08.8539480Z | 3-8688901ADF11         | d/errno.t              |                        |
2025-09-17T14:58:08.8539559Z |                        |                        |                        |
2025-09-17T14:58:08.8539719Z | 6B43F932-93D6-11F0-BC7 | Hydra/Controller/Root/ | /HASH.narinfo          |
2025-09-17T14:58:08.8539851Z | 3-8688901ADF11         | narinfo.t              |                        |
2025-09-17T14:58:08.8540014Z |                        |                        |                        |
2025-09-17T14:58:08.8540179Z | 6B4498EC-93D6-11F0-BC7 | input-types/deepgit.t  | With the SCM input nam |
2025-09-17T14:58:08.8540296Z | 3-8688901ADF11         |                        | ed deepgit             |
2025-09-17T14:58:08.8540386Z |                        |                        | With the SCM input nam |
2025-09-17T14:58:08.8540473Z |                        |                        | ed deepgit -> Mutation |
2025-09-17T14:58:08.8540558Z |                        |                        |  number 0              |
2025-09-17T14:58:08.8540645Z |                        |                        | With the SCM input nam |
2025-09-17T14:58:08.8540733Z |                        |                        | ed deepgit -> Mutation |
2025-09-17T14:58:08.8540819Z |                        |                        |  number 1              |
2025-09-17T14:58:08.8540912Z |                        |                        | With the SCM input nam |
2025-09-17T14:58:08.8541000Z |                        |                        | ed deepgit -> Mutation |
2025-09-17T14:58:08.8541088Z |                        |                        |  number 2              |
2025-09-17T14:58:08.8541164Z |                        |                        |                        |
2025-09-17T14:58:08.8541327Z | 6B44C4FC-93D6-11F0-BC7 | scripts/hydra-update-g |                        |
2025-09-17T14:58:08.8541464Z | 3-8688901ADF11         | c-roots/update-gc-root |                        |
2025-09-17T14:58:08.8541548Z |                        | s.t                    |                        |
2025-09-17T14:58:08.8541630Z |                        |                        |                        |
2025-09-17T14:58:08.8541781Z | 6B447196-93D6-11F0-BC7 | build-products.t       |                        |
2025-09-17T14:58:08.8541901Z | 3-8688901ADF11         |                        |                        |
2025-09-17T14:58:08.8541981Z |                        |                        |                        |
2025-09-17T14:58:08.8542135Z | 6B442E52-93D6-11F0-BC7 | Hydra/Helper/BuildDiff |                        |
2025-09-17T14:58:08.8542254Z | 3-8688901ADF11         | .t                     |                        |
2025-09-17T14:58:08.8542331Z |                        |                        |                        |
2025-09-17T14:58:08.8542486Z | 6B44538C-93D6-11F0-BC7 | Hydra/Plugin/RunComman |                        |
2025-09-17T14:58:08.8542617Z | 3-8688901ADF11         | d/json.t               |                        |
2025-09-17T14:58:08.8542694Z |                        |                        |                        |
2025-09-17T14:58:08.8542851Z | 6B43CD7C-93D6-11F0-BC7 | Hydra/Controller/Build |                        |
2025-09-17T14:58:08.8542981Z | 3-8688901ADF11         | /download.t            |                        |
2025-09-17T14:58:08.8543171Z |                        |                        |                        |
2025-09-17T14:58:08.8543351Z | 6B44AAD0-93D6-11F0-BC7 | queue-runner/build-loc | Building, caching, and |
2025-09-17T14:58:08.8543498Z | 3-8688901ADF11         | ally-with-substitutabl |  then garbage collecti |
2025-09-17T14:58:08.8543600Z |                        | e-path.t               | ng the underlying job  |
2025-09-17T14:58:08.8543694Z |                        |                        | Building the dependent |
2025-09-17T14:58:08.8543779Z |                        |                        |  job should now succee |
2025-09-17T14:58:08.8543870Z |                        |                        | d, even though we're m |
2025-09-17T14:58:08.8543957Z |                        |                        | issing a local depende |
2025-09-17T14:58:08.8544034Z |                        |                        | ncy                    |
2025-09-17T14:58:08.8544115Z |                        |                        |                        |
2025-09-17T14:58:08.8544337Z | 6B4416E2-93D6-11F0-BC7 | Hydra/Event/BuildStart | load                   |
2025-09-17T14:58:08.8544459Z | 3-8688901ADF11         | ed.t                   |                        |
2025-09-17T14:58:08.8544539Z |                        |                        |                        |
2025-09-17T14:58:08.8544700Z | 6B449C98-93D6-11F0-BC7 | input-types/git-rev.t  | With the SCM input nam |
2025-09-17T14:58:08.8544827Z | 3-8688901ADF11         |                        | ed git-rev             |
2025-09-17T14:58:08.8544915Z |                        |                        | With the SCM input nam |
2025-09-17T14:58:08.8545003Z |                        |                        | ed git-rev -> Mutation |
2025-09-17T14:58:08.8545089Z |                        |                        |  number 0              |
2025-09-17T14:58:08.8545164Z |                        |                        |                        |
2025-09-17T14:58:08.8545323Z | 6B448028-93D6-11F0-BC7 | evaluator/evaluate-con |                        |
2025-09-17T14:58:08.8545465Z | 3-8688901ADF11         | stituents-gc.t         |                        |
2025-09-17T14:58:08.8545543Z |                        |                        |                        |
2025-09-17T14:58:08.8545709Z | 6B44A512-93D6-11F0-BC7 | input-types/svn-checko | With the SCM input nam |
2025-09-17T14:58:08.8545835Z | 3-8688901ADF11         | ut.t                   | ed svn-checkout        |
2025-09-17T14:58:08.8545921Z |                        |                        | With the SCM input nam |
2025-09-17T14:58:08.8546013Z |                        |                        | ed svn-checkout -> Mut |
2025-09-17T14:58:08.8546096Z |                        |                        | ation number 0         |
2025-09-17T14:58:08.8546176Z |                        |                        |                        |
2025-09-17T14:58:08.8546328Z | 6B43F676-93D6-11F0-BC7 | Hydra/Controller/Root/ |                        |
2025-09-17T14:58:08.8546459Z | 3-8688901ADF11         | evals.t                |                        |
2025-09-17T14:58:08.8546538Z |                        |                        |                        |
2025-09-17T14:58:08.8546702Z | 6B443410-93D6-11F0-BC7 | Hydra/Helper/Nix.t     | constructRunCommandLog |
2025-09-17T14:58:08.8546818Z | 3-8688901ADF11         |                        | Path                   |
2025-09-17T14:58:08.8546900Z |                        |                        |                        |
2025-09-17T14:58:08.8547066Z | 6B447D76-93D6-11F0-BC7 | evaluator/evaluate-con | broken constituents ex |
2025-09-17T14:58:08.8547212Z | 3-8688901ADF11         | stituents-broken.t     | pression               |
2025-09-17T14:58:08.8547297Z |                        |                        | no matches             |
2025-09-17T14:58:08.8547376Z |                        |                        |                        |
2025-09-17T14:58:08.8547536Z | 6B4450C6-93D6-11F0-BC7 | Hydra/Plugin/RunComman |                        |
2025-09-17T14:58:08.8548051Z | 3-8688901ADF11         | d/http.t               |                        |
2025-09-17T14:58:08.8548181Z |                        |                        |                        |
2025-09-17T14:58:08.8548344Z | 6B43DD4E-93D6-11F0-BC7 | Hydra/Controller/Jobse |                        |
2025-09-17T14:58:08.8548477Z | 3-8688901ADF11         | t/channel.t            |                        |
2025-09-17T14:58:08.8548558Z |                        |                        |                        |
2025-09-17T14:58:08.8548713Z | 6B43F108-93D6-11F0-BC7 | Hydra/Controller/Proje |                        |
2025-09-17T14:58:08.8548842Z | 3-8688901ADF11         | ct/builds.t            |                        |
2025-09-17T14:58:08.8548923Z |                        |                        |                        |
2025-09-17T14:58:08.8549078Z | 6B447A88-93D6-11F0-BC7 | evaluator/evaluate-bas |                        |
2025-09-17T14:58:08.8549202Z | 3-8688901ADF11         | ic.t                   |                        |
2025-09-17T14:58:08.8549394Z |                        |                        |                        |
2025-09-17T14:58:08.8549545Z | 6B442254-93D6-11F0-BC7 | Hydra/Event/EvalCached |                        |
2025-09-17T14:58:08.8549665Z | 3-8688901ADF11         | .t                     |                        |
2025-09-17T14:58:08.8549742Z |                        |                        |                        |
2025-09-17T14:58:08.8549899Z | 6B442B8C-93D6-11F0-BC7 | Hydra/Event/StepFinish | load                   |
2025-09-17T14:58:08.8550022Z | 3-8688901ADF11         | ed.t                   |                        |
2025-09-17T14:58:08.8550100Z |                        |                        |                        |
2025-09-17T14:58:08.8550265Z | 6B4444D2-93D6-11F0-BC7 | Hydra/Plugin/RunComman | can't enable dynamic R |
2025-09-17T14:58:08.8550417Z | 3-8688901ADF11         | d/dynamic-disabled.t   | unCommand when disable |
2025-09-17T14:58:08.8550509Z |                        |                        | d by server            |
2025-09-17T14:58:08.8550590Z |                        |                        |                        |
2025-09-17T14:58:08.8550745Z | 6B44B03E-93D6-11F0-BC7 | queue-runner/default-m |                        |
2025-09-17T14:58:08.8550876Z | 3-8688901ADF11         | achine-file.t          |                        |
2025-09-17T14:58:08.8550957Z |                        |                        |                        |
2025-09-17T14:58:08.8551119Z | 6B444770-93D6-11F0-BC7 | Hydra/Plugin/RunComman | can enable dynamic Run |
2025-09-17T14:58:08.8551268Z | 3-8688901ADF11         | d/dynamic-enabled.t    | Command when enabled b |
2025-09-17T14:58:08.8551350Z |                        |                        | y server               |
2025-09-17T14:58:08.8551427Z |                        |                        |                        |
2025-09-17T14:58:08.8551580Z | 6B441430-93D6-11F0-BC7 | Hydra/Event/BuildQueue |                        |
2025-09-17T14:58:08.8551703Z | 3-8688901ADF11         | d.t                    |                        |
2025-09-17T14:58:08.8551780Z |                        |                        |                        |
2025-09-17T14:58:08.8551935Z | 6B440012-93D6-11F0-BC7 | Hydra/Controller/User/ |                        |
2025-09-17T14:58:08.8552066Z | 3-8688901ADF11         | dashboard.t            |                        |
2025-09-17T14:58:08.8552147Z |                        |                        |                        |
2025-09-17T14:58:08.8552299Z | 6B43D056-93D6-11F0-BC7 | Hydra/Controller/Build |                        |
2025-09-17T14:58:08.8552424Z | 3-8688901ADF11         | /evals.t               |                        |
2025-09-17T14:58:08.8552504Z |                        |                        |                        |
2025-09-17T14:58:08.8552660Z | 6B441C96-93D6-11F0-BC7 | Hydra/Event/CachedBuil | load                   |
2025-09-17T14:58:08.8552855Z | 3-8688901ADF11         | dQueued.t              |                        |
2025-09-17T14:58:08.8552945Z |                        |                        |                        |
2025-09-17T14:58:08.8553106Z | 6B4490E0-93D6-11F0-BC7 | input-types/bzr-checko | With the SCM input nam |
2025-09-17T14:58:08.8553237Z | 3-8688901ADF11         | ut.t                   | ed bzr-checkout        |
2025-09-17T14:58:08.8553323Z |                        |                        | With the SCM input nam |
2025-09-17T14:58:08.8553413Z |                        |                        | ed bzr-checkout -> Mut |
2025-09-17T14:58:08.8553502Z |                        |                        | ation number 0         |
2025-09-17T14:58:08.8553580Z |                        |                        |                        |
2025-09-17T14:58:08.8553742Z | 6B43EB54-93D6-11F0-BC7 | Hydra/Controller/Jobse | Fetching the eval's ov |
2025-09-17T14:58:08.8553881Z | 3-8688901ADF11         | tEval/fetch.t          | erview                 |
2025-09-17T14:58:08.8554031Z |                        |                        | Fetching the eval's ov |
2025-09-17T14:58:08.8554118Z |                        |                        | erview                 |
2025-09-17T14:58:08.8554205Z |                        |                        | Fetching the eval's ov |
2025-09-17T14:58:08.8554287Z |                        |                        | erview                 |
2025-09-17T14:58:08.8554368Z |                        |                        |                        |
2025-09-17T14:58:08.8554523Z | 6B448B40-93D6-11F0-BC7 | evaluator/evaluate-met |                        |
2025-09-17T14:58:08.8554640Z | 3-8688901ADF11         | a.t                    |                        |
2025-09-17T14:58:08.8554718Z |                        |                        |                        |
2025-09-17T14:58:08.8554872Z | 6B4428BC-93D6-11F0-BC7 | Hydra/Event/EvalStarte |                        |
2025-09-17T14:58:08.8554994Z | 3-8688901ADF11         | d.t                    |                        |
2025-09-17T14:58:08.8555080Z |                        |                        |                        |
2025-09-17T14:58:08.8555232Z | 6B43E014-93D6-11F0-BC7 | Hydra/Controller/Jobse |                        |
2025-09-17T14:58:08.8555363Z | 3-8688901ADF11         | t/evals.t              |                        |
2025-09-17T14:58:08.8555441Z |                        |                        |                        |
2025-09-17T14:58:08.8555602Z | 6B43EE1A-93D6-11F0-BC7 | Hydra/Controller/Jobse |                        |
2025-09-17T14:58:08.8555733Z | 3-8688901ADF11         | tEval/restart.t        |                        |
2025-09-17T14:58:08.8555811Z |                        |                        |                        |
2025-09-17T14:58:08.8555967Z | 6B43DA06-93D6-11F0-BC7 | Hydra/Controller/Jobse |                        |
2025-09-17T14:58:08.8556098Z | 3-8688901ADF11         | t/builds.t             |                        |
2025-09-17T14:58:08.8556179Z |                        |                        |                        |
2025-09-17T14:58:08.8556350Z | 6B43C3EA-93D6-11F0-BC7 | Hydra/Controller/Admin | Create and evaluate ou |
2025-09-17T14:58:08.8556495Z | 3-8688901ADF11         | /clear-queue-non-curre | r job at version 1     |
2025-09-17T14:58:08.8556594Z |                        | nt.t                   | Update and evaluate ou |
2025-09-17T14:58:08.8556679Z |                        |                        | r job to version 2     |
2025-09-17T14:58:08.8556768Z |                        |                        | Validating the first b |
2025-09-17T14:58:08.8556851Z |                        |                        | uild                   |
2025-09-17T14:58:08.8556938Z |                        |                        | Validating the second  |
2025-09-17T14:58:08.8557018Z |                        |                        | build                  |
2025-09-17T14:58:08.8557109Z |                        |                        | Validating the first b |
2025-09-17T14:58:08.8557266Z |                        |                        | uild is canceled       |
2025-09-17T14:58:08.8557365Z |                        |                        | Validating the second  |
2025-09-17T14:58:08.8557452Z |                        |                        | build is not canceled  |
2025-09-17T14:58:08.8557528Z |                        |                        |                        |
2025-09-17T14:58:08.8557838Z | 6B441F84-93D6-11F0-BC7 | Hydra/Event/EvalAdded. |                        |
2025-09-17T14:58:08.8557961Z | 3-8688901ADF11         | t                      |                        |
2025-09-17T14:58:08.8558039Z |                        |                        |                        |
2025-09-17T14:58:08.8558199Z | 6B444DCE-93D6-11F0-BC7 | Hydra/Plugin/RunComman |                        |
2025-09-17T14:58:08.8558331Z | 3-8688901ADF11         | d/fanout.t             |                        |
2025-09-17T14:58:08.8558412Z |                        |                        |                        |
2025-09-17T14:58:08.8558691Z | 6B4474FC-93D6-11F0-BC7 | content-addressed/basi |                        |
2025-09-17T14:58:08.8558809Z | 3-8688901ADF11         | c.t                    |                        |
2025-09-17T14:58:08.8558889Z |                        |                        |                        |
2025-09-17T14:58:08.8559043Z | 6B446EE4-93D6-11F0-BC7 | api-test.t             | evaluation             |
2025-09-17T14:58:08.8559172Z | 3-8688901ADF11         |                        | evaluation -> initial  |
2025-09-17T14:58:08.8559256Z |                        |                        | evaluaton              |
2025-09-17T14:58:08.8559343Z |                        |                        | evaluation -> second e |
2025-09-17T14:58:08.8559431Z |                        |                        | valuation              |
2025-09-17T14:58:08.8559509Z |                        |                        |                        |
2025-09-17T14:58:08.8559667Z | 6B44310E-93D6-11F0-BC7 | Hydra/Helper/CatalystU |                        |
2025-09-17T14:58:08.8559796Z | 3-8688901ADF11         | tils.t                 |                        |
2025-09-17T14:58:08.8559876Z |                        |                        |                        |
2025-09-17T14:58:08.8560032Z | 6B43C728-93D6-11F0-BC7 | Hydra/Controller/Build |                        |
2025-09-17T14:58:08.8560154Z | 3-8688901ADF11         | /api.t                 |                        |
2025-09-17T14:58:08.8560232Z |                        |                        |                        |
2025-09-17T14:58:08.8560399Z | 6B43D31C-93D6-11F0-BC7 | Hydra/Controller/Build | Restart the failing bu |
2025-09-17T14:58:08.8560530Z | 3-8688901ADF11         | /restart.t             | ild                    |
2025-09-17T14:58:08.8560607Z |                        |                        |                        |
2025-09-17T14:58:08.8560775Z | 6B44830C-93D6-11F0-BC7 | evaluator/evaluate-con | general glob testing   |
2025-09-17T14:58:08.8560929Z | 3-8688901ADF11         | stituents-globbing.t   | general glob testing - |
2025-09-17T14:58:08.8561020Z |                        |                        | > basic globbing works |
2025-09-17T14:58:08.8561108Z |                        |                        | general glob testing - |
2025-09-17T14:58:08.8561196Z |                        |                        | > transitivity is OK   |
2025-09-17T14:58:08.8561286Z |                        |                        | * selects all except c |
2025-09-17T14:58:08.8561373Z |                        |                        | urrent aggregate       |
2025-09-17T14:58:08.8561462Z |                        |                        | * selects all except c |
2025-09-17T14:58:08.8561555Z |                        |                        | urrent aggregate -> no |
2025-09-17T14:58:08.8561639Z |                        |                        |  eval errors           |
2025-09-17T14:58:08.8561729Z |                        |                        | * selects all except c |
2025-09-17T14:58:08.8561931Z |                        |                        | urrent aggregate -> tw |
2025-09-17T14:58:08.8562026Z |                        |                        | o constituents         |
2025-09-17T14:58:08.8562117Z |                        |                        | cycle check with globb |
2025-09-17T14:58:08.8562198Z |                        |                        | ing                    |
2025-09-17T14:58:08.8562276Z |                        |                        |                        |
2025-09-17T14:58:08.8562448Z | 6B43F3BA-93D6-11F0-BC7 | Hydra/Controller/Proje | Deleting a simple proj |
2025-09-17T14:58:08.8562579Z | 3-8688901ADF11         | ct/delete.t            | ect                    |
2025-09-17T14:58:08.8562673Z |                        |                        | Deleting a project wit |
2025-09-17T14:58:08.8562756Z |                        |                        | h metrics              |
2025-09-17T14:58:08.8562836Z |                        |                        |                        |
2025-09-17T14:58:08.8563062Z | 6B442592-93D6-11F0-BC7 | Hydra/Event/EvalFailed |                        |
2025-09-17T14:58:08.8563178Z | 3-8688901ADF11         | .t                     |                        |
2025-09-17T14:58:08.8563260Z |                        |                        |                        |
2025-09-17T14:58:08.8563415Z | 6B43D5EC-93D6-11F0-BC7 | Hydra/Controller/Job/b |                        |
2025-09-17T14:58:08.8563542Z | 3-8688901ADF11         | uilds.t                |                        |
2025-09-17T14:58:08.8563622Z |                        |                        |                        |
2025-09-17T14:58:08.8563775Z | 6B43E898-93D6-11F0-BC7 | Hydra/Controller/Jobse |                        |
2025-09-17T14:58:08.8563906Z | 3-8688901ADF11         | tEval/cancel.t         |                        |
2025-09-17T14:58:08.8563988Z |                        |                        |                        |
2025-09-17T14:58:08.8564146Z | 6B4458F0-93D6-11F0-BC7 | Hydra/Plugin/gitea.t   |                        |
2025-09-17T14:58:08.8564275Z | 3-8688901ADF11         |                        |                        |
2025-09-17T14:58:08.8564390Z +------------------------+------------------------+------------------------+
2025-09-17T14:58:08.8564396Z
2025-09-17T14:58:08.8564474Z                                   Yath Result Summary
2025-09-17T14:58:08.8564612Z ----------------------------------------------------------------------------------------
2025-09-17T14:58:08.8564672Z      Fail Count: 68
2025-09-17T14:58:08.8564730Z      File Count: 98
2025-09-17T14:58:08.8564797Z Assertion Count: 798
2025-09-17T14:58:08.8564860Z       Wall Time: 130.60 seconds
2025-09-17T14:58:08.8565021Z        CPU Time: 445.46 seconds (usr: 0.73s | sys: 0.12s | cusr: 354.73s | csys: 89.88s)
2025-09-17T14:58:08.8565082Z       CPU Usage: 341%
2025-09-17T14:58:08.8565152Z     -->  Result: FAILED  <--
2025-09-17T14:58:08.8565155Z
2025-09-17T14:58:08.8565215Z 1..1
2025-09-17T14:58:08.8565299Z not ok 1 - Passed tests when run by yath
2025-09-17T14:58:08.8565353Z stderr:
2025-09-17T14:58:08.8565481Z test.pl: Defaulting $YATH_JOB_COUNT to $NIX_BUILD_CORES (4)
2025-09-17T14:58:08.8565543Z yath exited with 256
2025-09-17T14:58:08.8565546Z
2025-09-17T14:58:08.8565550Z
2025-09-17T14:58:08.8565553Z
2025-09-17T14:58:08.8565620Z Summary of Failures:
2025-09-17T14:58:08.8565624Z
2025-09-17T14:58:08.8565776Z 2/2 testsuite  FAIL           130.94s   (exit status 255 or signal 127 SIGinvalid)
2025-09-17T14:58:08.8565780Z
2025-09-17T14:58:08.8565837Z Ok:                 1
2025-09-17T14:58:08.8565905Z Expected Fail:      0
2025-09-17T14:58:08.8565968Z Fail:               1
2025-09-17T14:58:08.8566039Z Unexpected Pass:    0
2025-09-17T14:58:08.8566107Z Skipped:            0
2025-09-17T14:58:08.8566170Z Timeout:            0
2025-09-17T14:58:08.8566173Z
2025-09-17T14:58:08.8566307Z Full log written to /build/source/build/meson-logs/testlog.txt
2025-09-17T14:58:08.9285541Z error: Cannot build '/nix/store/jlzlwy19wdg03p37y87yk11anj5sa8j7-hydra-0.1.20250917.59b7687.drv'.
2025-09-17T14:58:08.9286094Z        Reason: builder failed with exit code 1.
2025-09-17T14:58:08.9286708Z        Output paths:
2025-09-17T14:58:08.9286913Z          /nix/store/kbzs1gn242w05n87grj4mscjkkz0nal3-hydra-0.1.20250917.59b7687
2025-09-17T14:58:08.9287112Z          /nix/store/raza6r8r51kbm19xm64g7hyywrymjjj1-hydra-0.1.20250917.59b7687-doc
2025-09-17T14:58:08.9287182Z        Last 25 log lines:
2025-09-17T14:58:08.9287253Z        >       Wall Time: 130.60 seconds
2025-09-17T14:58:08.9287416Z        >        CPU Time: 445.46 seconds (usr: 0.73s | sys: 0.12s | cusr: 354.73s | csys: 89.88s)
2025-09-17T14:58:08.9287486Z        >       CPU Usage: 341%
2025-09-17T14:58:08.9287569Z        >     -->  Result: FAILED  <--
2025-09-17T14:58:08.9287623Z        >
2025-09-17T14:58:08.9287831Z        > 1..1
2025-09-17T14:58:08.9287933Z        > not ok 1 - Passed tests when run by yath
2025-09-17T14:58:08.9288206Z        > stderr:
2025-09-17T14:58:08.9288351Z        > test.pl: Defaulting $YATH_JOB_COUNT to $NIX_BUILD_CORES (4)
2025-09-17T14:58:08.9288420Z        > yath exited with 256
2025-09-17T14:58:08.9288477Z        >
2025-09-17T14:58:08.9288531Z        >
2025-09-17T14:58:08.9288583Z        >
2025-09-17T14:58:08.9288653Z        > Summary of Failures:
2025-09-17T14:58:08.9288705Z        >
2025-09-17T14:58:08.9288861Z        > 2/2 testsuite  FAIL           130.94s   (exit status 255 or signal 127 SIGinvalid)
2025-09-17T14:58:08.9288922Z        >
2025-09-17T14:58:08.9288982Z        > Ok:                 1
2025-09-17T14:58:08.9289048Z        > Expected Fail:      0
2025-09-17T14:58:08.9289112Z        > Fail:               1
2025-09-17T14:58:08.9289180Z        > Unexpected Pass:    0
2025-09-17T14:58:08.9289243Z        > Skipped:            0
2025-09-17T14:58:08.9289310Z        > Timeout:            0
2025-09-17T14:58:08.9289363Z        >
2025-09-17T14:58:08.9289500Z        > Full log written to /build/source/build/meson-logs/testlog.txt
2025-09-17T14:58:08.9289577Z        For full logs, run:
2025-09-17T14:58:08.9289789Z          nix log /nix/store/jlzlwy19wdg03p37y87yk11anj5sa8j7-hydra-0.1.20250917.59b7687.drv
2025-09-17T14:58:08.9675789Z ##[error]Process completed with exit code 1.
2025-09-17T14:58:08.9744451Z Post job cleanup.
2025-09-17T14:58:09.4294500Z [command]/usr/bin/sudo mkdir -p /var/lib/determinate
2025-09-17T14:58:09.4965014Z   [2m2025-09-17T14:58:09.494317Z[0m [32m INFO[0m [1;32mmagic_nix_cache::api[0m[32m: [32mWorkflow finished[0m
2025-09-17T14:58:09.4965530Z     [2;3mat[0m magic-nix-cache/src/api.rs:58
2025-09-17T14:58:09.4965828Z
2025-09-17T14:58:09.4966414Z   [2m2025-09-17T14:58:09.494351Z[0m [32m INFO[0m [1;32mmagic_nix_cache::api[0m[32m: [32mWaiting for GitHub action cache uploads to finish[0m
2025-09-17T14:58:09.4966939Z     [2;3mat[0m magic-nix-cache/src/api.rs:98
2025-09-17T14:58:09.4967111Z
2025-09-17T14:58:09.4967616Z   [2m2025-09-17T14:58:09.494372Z[0m [32m INFO[0m [1;32mmagic_nix_cache::api[0m[32m: [32mFlakeHub cache is not enabled, not uploading anything to it[0m
2025-09-17T14:58:09.4968431Z     [2;3mat[0m magic-nix-cache/src/api.rs:110
2025-09-17T14:58:09.4968630Z
2025-09-17T14:58:09.4968988Z   [2m2025-09-17T14:58:09.494430Z[0m [32m INFO[0m [1;32mmagic_nix_cache[0m[32m: [32mShutting down[0m
2025-09-17T14:58:09.4969412Z     [2;3mat[0m magic-nix-cache/src/main.rs:555
2025-09-17T14:58:09.4969581Z
2025-09-17T14:58:10.1641311Z Post job cleanup.
2025-09-17T14:58:10.2227807Z [command]/usr/bin/git version
2025-09-17T14:58:10.2258093Z git version 2.49.0
2025-09-17T14:58:10.2294578Z Temporarily overriding HOME='/home/runner/work/_temp/12123abe-de1d-4cd8-9d88-82d3ae629ac7' before making global git config changes
2025-09-17T14:58:10.2297271Z Adding repository directory to the temporary git global config as a safe directory
2025-09-17T14:58:10.2297835Z [command]/usr/bin/git config --global --add safe.directory /home/runner/work/hydra/hydra
2025-09-17T14:58:10.2323332Z [command]/usr/bin/git config --local --name-only --get-regexp core\.sshCommand
2025-09-17T14:58:10.2347368Z [command]/usr/bin/git submodule foreach --recursive sh -c "git config --local --name-only --get-regexp 'core\.sshCommand' && git config --local --unset-all 'core.sshCommand' || :"
2025-09-17T14:58:10.2575517Z [command]/usr/bin/git config --local --name-only --get-regexp http\.https\:\/\/github\.com\/\.extraheader
2025-09-17T14:58:10.2592730Z http.https://github.com/.extraheader
2025-09-17T14:58:10.2603265Z [command]/usr/bin/git config --local --unset-all http.https://github.com/.extraheader
2025-09-17T14:58:10.2625985Z [command]/usr/bin/git submodule foreach --recursive sh -c "git config --local --name-only --get-regexp 'http\.https\:\/\/github\.com\/\.extraheader' && git config --local --unset-all 'http.https://github.com/.extraheader' || :"
2025-09-17T14:58:10.2899183Z Cleaning up orphan processes
